             VMA              LMA     Size Align Out     In      Symbol
               0                0  1000000     1 . = 0x0000000001000000
         1000000          1000000     3a98     4 .text
         1000000          1000000       18     4         /home/ryoj/github.com/okamotonr/zoeax/target/riscv64gc-unknown-none-elf/debug/deps/simple-0101cf89f4b245c2.78bgkblds1sb2rlubc8tech0l.rcgu.o:(.text.start)
         1000000          1000000        0     1                 .Lpcrel_hi0
         1000000          1000000        0     1                 $x
         1000000          1000000       18     1                 start
         1000018          1000018       32     2         /home/ryoj/github.com/okamotonr/zoeax/target/riscv64gc-unknown-none-elf/debug/deps/simple-0101cf89f4b245c2.014mozmccwsaraopjsbxlwieb.rcgu.o:(.text.main)
         1000018          1000018        0     1                 .L0 
         1000018          1000018        0     1                 .L0 
         1000018          1000018        0     1                 $x
         1000018          1000018        0     1                 .L0 
         1000018          1000018       32     1                 main
         100001c          100001c        0     1                 .L0 
         1000024          1000024        0     1                 .Lpcrel_hi0
         1000046          1000046        0     1                 .L0 
         100004a          100004a        0     1                 .L0 
         100004a          100004a       22     2         /home/ryoj/github.com/okamotonr/zoeax/target/riscv64gc-unknown-none-elf/debug/deps/simple-0101cf89f4b245c2.0ci7llxa7ge03455101h9wcqu.rcgu.o:(.text._ZN4core3fmt2rt8Argument9new_debug17h0ef65b8c4710e74bE)
         100004a          100004a        0     1                 .L0 
         100004a          100004a        0     1                 .L0 
         100004a          100004a        0     1                 $x
         100004a          100004a        0     1                 .L0 
         100004a          100004a       22     1                 core::fmt::rt::Argument::new_debug::h0ef65b8c4710e74b
         1000054          1000054        0     1                 .L0 
         1000054          1000054        0     1                 .L0 
         1000056          1000056        0     1                 .Lpcrel_hi0
         1000060          1000060        0     1                 .L0 
         1000068          1000068        0     1                 .L0 
         100006c          100006c        0     1                 .L0 
         100006c          100006c       18     2         /home/ryoj/github.com/okamotonr/zoeax/target/riscv64gc-unknown-none-elf/debug/deps/simple-0101cf89f4b245c2.3cmuxgfugjvld5x6gsivqivdr.rcgu.o:(.text._ZN42_$LT$$RF$T$u20$as$u20$core..fmt..Debug$GT$3fmt17h4551edded6c63db1E)
         100006c          100006c        0     1                 .L0 
         100006c          100006c        0     1                 .L0 
         100006c          100006c        0     1                 $x
         100006c          100006c        0     1                 .L0 
         100006c          100006c       18     1                 _$LT$$RF$T$u20$as$u20$core..fmt..Debug$GT$::fmt::h4551edded6c63db1
         1000074          1000074        0     1                 .L0 
         1000076          1000076        0     1                 .L0 
         1000080          1000080        0     1                 .L0 
         1000084          1000084        0     1                 .L0 
         1000084          1000084       68     2         /home/ryoj/github.com/okamotonr/zoeax/target/riscv64gc-unknown-none-elf/debug/deps/simple-0101cf89f4b245c2.4k8ptcz5u509fdcblev779ekg.rcgu.o:(.text._ZN4core3fmt3num50_$LT$impl$u20$core..fmt..Debug$u20$for$u20$u32$GT$3fmt17hbebf2ea7225d1170E)
         1000084          1000084        0     1                 .L0 
         1000084          1000084        0     1                 .L0 
         1000084          1000084        0     1                 $x
         1000084          1000084        0     1                 .L0 
         1000084          1000084       68     1                 core::fmt::num::_$LT$impl$u20$core..fmt..Debug$u20$for$u20$u32$GT$::fmt::hbebf2ea7225d1170
         1000090          1000090        0     1                 .L0 
         100009a          100009a        0     1                 .L0 
         100009c          100009c        0     1                 .L0 
         10000a8          10000a8        0     1                 .L0 
         10000ac          10000ac        0     1                 .L0 
         10000ba          10000ba        0     1                 .L0 
         10000be          10000be        0     1                 .L0 
         10000cc          10000cc        0     1                 .L0 
         10000d0          10000d0        0     1                 .L0 
         10000de          10000de        0     1                 .L0 
         10000e0          10000e0        0     1                 .L0 
         10000e8          10000e8        0     1                 .L0 
         10000ec          10000ec        0     1                 .L0 
         10000ec          10000ec        0     1                 .L0 
         10000ec          10000ec        0     1                 .L0 
         10000ec          10000ec       18     2         /home/ryoj/github.com/okamotonr/zoeax/target/riscv64gc-unknown-none-elf/debug/deps/simple-0101cf89f4b245c2.6c555id1td37ajntschl5tzef.rcgu.o:(.text._ZN42_$LT$$RF$T$u20$as$u20$core..fmt..Debug$GT$3fmt17h4eee5496bf8165c0E)
         10000ec          10000ec        0     1                 .L0 
         10000ec          10000ec        0     1                 .L0 
         10000ec          10000ec        0     1                 $x
         10000ec          10000ec        0     1                 .L0 
         10000ec          10000ec       18     1                 _$LT$$RF$T$u20$as$u20$core..fmt..Debug$GT$::fmt::h4eee5496bf8165c0
         10000f4          10000f4        0     1                 .L0 
         10000f6          10000f6        0     1                 .L0 
         1000100          1000100        0     1                 .L0 
         1000104          1000104        0     1                 .L0 
         1000104          1000104       18     2         /home/ryoj/github.com/okamotonr/zoeax/target/riscv64gc-unknown-none-elf/debug/deps/simple-0101cf89f4b245c2.6c555id1td37ajntschl5tzef.rcgu.o:(.text._ZN42_$LT$$RF$T$u20$as$u20$core..fmt..Debug$GT$3fmt17h9bed2f0af01852afE)
         1000104          1000104        0     1                 .L0 
         1000104          1000104        0     1                 .L0 
         1000104          1000104        0     1                 $x
         1000104          1000104        0     1                 .L0 
         1000104          1000104       18     1                 _$LT$$RF$T$u20$as$u20$core..fmt..Debug$GT$::fmt::h9bed2f0af01852af
         100010c          100010c        0     1                 .L0 
         100010e          100010e        0     1                 .L0 
         1000118          1000118        0     1                 .L0 
         100011c          100011c        0     1                 .L0 
         100011c          100011c       1e     2         /home/ryoj/github.com/okamotonr/zoeax/target/riscv64gc-unknown-none-elf/debug/deps/simple-0101cf89f4b245c2.6c555id1td37ajntschl5tzef.rcgu.o:(.text._ZN42_$LT$$RF$T$u20$as$u20$core..fmt..Debug$GT$3fmt17hb92164aa7d4ed9c1E)
         100011c          100011c        0     1                 .L0 
         100011c          100011c        0     1                 .L0 
         100011c          100011c        0     1                 $x
         100011c          100011c        0     1                 .L0 
         100011c          100011c       1e     1                 _$LT$$RF$T$u20$as$u20$core..fmt..Debug$GT$::fmt::hb92164aa7d4ed9c1
         1000128          1000128        0     1                 .L0 
         100012c          100012c        0     1                 .L0 
         1000136          1000136        0     1                 .L0 
         100013a          100013a        0     1                 .L0 
         100013a          100013a       1e     2         /home/ryoj/github.com/okamotonr/zoeax/target/riscv64gc-unknown-none-elf/debug/deps/simple-0101cf89f4b245c2.6c555id1td37ajntschl5tzef.rcgu.o:(.text._ZN4core3fmt9Arguments6new_v117h7fcb3c6169ba555dE)
         100013a          100013a        0     1                 .L0 
         100013a          100013a        0     1                 .L0 
         100013a          100013a        0     1                 $x
         100013a          100013a        0     1                 .L0 
         100013a          100013a       1e     1                 core::fmt::Arguments::new_v1::h7fcb3c6169ba555d
         1000146          1000146        0     1                 .L0 
         1000154          1000154        0     1                 .L0 
         1000158          1000158        0     1                 .L0 
         1000158          1000158       3e     2         /home/ryoj/github.com/okamotonr/zoeax/target/riscv64gc-unknown-none-elf/debug/deps/simple-0101cf89f4b245c2.78bgkblds1sb2rlubc8tech0l.rcgu.o:(.text.rust_begin_unwind)
         1000158          1000158        0     1                 .L0 
         1000158          1000158        0     1                 .L0 
         1000158          1000158        0     1                 $x
         1000158          1000158        0     1                 .L0 
         1000158          1000158       3e     1                 rust_begin_unwind
         1000162          1000162        0     1                 .L0 
         1000172          1000172        0     1                 .Lpcrel_hi1
         1000194          1000194        0     1                 .L0 
         1000196          1000196        0     1                 .L0 
         1000196          1000196        0     1                 .L0 
         1000196          1000196        0     1                 .L0 
         1000196          1000196       2a     2         /home/ryoj/github.com/okamotonr/zoeax/target/riscv64gc-unknown-none-elf/debug/deps/simple-0101cf89f4b245c2.78bgkblds1sb2rlubc8tech0l.rcgu.o:(.text.exit)
         1000196          1000196        0     1                 .L0 
         1000196          1000196        0     1                 .L0 
         1000196          1000196        0     1                 $x
         1000196          1000196        0     1                 .L0 
         1000196          1000196       2a     1                 exit
         100019a          100019a        0     1                 .Lpcrel_hi2
         100019a          100019a        0     1                 .L0 
         10001b0          10001b0        0     1                 .Lpcrel_hi3
         10001c0          10001c0        0     1                 .L0 
         10001c0          10001c0       76     2         /home/ryoj/github.com/okamotonr/zoeax/target/riscv64gc-unknown-none-elf/debug/deps/simple-0101cf89f4b245c2.bbtj7yh27xa7o1821hiqe28jo.rcgu.o:(.text._ZN68_$LT$core..panic..location..Location$u20$as$u20$core..fmt..Debug$GT$3fmt17h33af7eb434f4dc86E)
         10001c0          10001c0        0     1                 .L0 
         10001c0          10001c0        0     1                 .L0 
         10001c0          10001c0        0     1                 $x
         10001c0          10001c0        0     1                 .L0 
         10001c0          10001c0       76     1                 _$LT$core..panic..location..Location$u20$as$u20$core..fmt..Debug$GT$::fmt::h33af7eb434f4dc86
         10001ce          10001ce        0     1                 .L0 
         10001d2          10001d2        0     1                 .L0 
         10001d8          10001d8        0     1                 .Lpcrel_hi0
         10001d8          10001d8        0     1                 .L0 
         10001ec          10001ec        0     1                 .Lpcrel_hi1
         10001f6          10001f6        0     1                 .Lpcrel_hi2
         1000206          1000206        0     1                 .Lpcrel_hi3
         100020e          100020e        0     1                 .Lpcrel_hi4
         1000216          1000216        0     1                 .Lpcrel_hi5
         100021e          100021e        0     1                 .Lpcrel_hi6
         1000232          1000232        0     1                 .L0 
         1000236          1000236        0     1                 .L0 
         1000236          1000236        2     2         /home/ryoj/github.com/okamotonr/zoeax/target/riscv64gc-unknown-none-elf/debug/deps/simple-0101cf89f4b245c2.c8qg6468ihfywtdgov19k2bzr.rcgu.o:(.text._ZN4core3fmt2rt8Argument4none17he2f0bf396709975aE)
         1000236          1000236        0     1                 .L0 
         1000236          1000236        0     1                 .L0 
         1000236          1000236        0     1                 $x
         1000236          1000236        0     1                 .L0 
         1000236          1000236        2     1                 core::fmt::rt::Argument::none::he2f0bf396709975a
         1000238          1000238        0     1                 .L0 
         1000238          1000238       96     2         /home/ryoj/github.com/okamotonr/zoeax/target/riscv64gc-unknown-none-elf/debug/deps/simple-0101cf89f4b245c2.dqizn9hupahkeuy6rr6bsm830.rcgu.o:(.text._ZN71_$LT$core..panic..panic_info..PanicInfo$u20$as$u20$core..fmt..Debug$GT$3fmt17hdcacd7d1c9d15d0cE)
         1000238          1000238        0     1                 .L0 
         1000238          1000238        0     1                 .L0 
         1000238          1000238        0     1                 $x
         1000238          1000238        0     1                 .L0 
         1000238          1000238       96     1                 _$LT$core..panic..panic_info..PanicInfo$u20$as$u20$core..fmt..Debug$GT$::fmt::hdcacd7d1c9d15d0c
         1000246          1000246        0     1                 .L0 
         100024a          100024a        0     1                 .L0 
         100024e          100024e        0     1                 .L0 
         1000254          1000254        0     1                 .Lpcrel_hi0
         1000254          1000254        0     1                 .L0 
         1000268          1000268        0     1                 .Lpcrel_hi1
         1000272          1000272        0     1                 .Lpcrel_hi2
         1000282          1000282        0     1                 .Lpcrel_hi3
         100028c          100028c        0     1                 .Lpcrel_hi4
         100029c          100029c        0     1                 .Lpcrel_hi5
         10002a4          10002a4        0     1                 .Lpcrel_hi6
         10002ac          10002ac        0     1                 .Lpcrel_hi7
         10002b4          10002b4        0     1                 .Lpcrel_hi8
         10002ca          10002ca        0     1                 .L0 
         10002ce          10002ce        0     1                 .L0 
         10002ce          10002ce       18     2         /home/ryoj/github.com/okamotonr/zoeax/target/riscv64gc-unknown-none-elf/debug/deps/simple-0101cf89f4b245c2.dspmjnq83ofmxcdk90lfte6o8.rcgu.o:(.text._ZN42_$LT$$RF$T$u20$as$u20$core..fmt..Debug$GT$3fmt17h2d846e1f09df3ef6E)
         10002ce          10002ce        0     1                 .L0 
         10002ce          10002ce        0     1                 .L0 
         10002ce          10002ce        0     1                 $x
         10002ce          10002ce        0     1                 .L0 
         10002ce          10002ce       18     1                 _$LT$$RF$T$u20$as$u20$core..fmt..Debug$GT$::fmt::h2d846e1f09df3ef6
         10002d6          10002d6        0     1                 .L0 
         10002d8          10002d8        0     1                 .L0 
         10002e2          10002e2        0     1                 .L0 
         10002e6          10002e6        0     1                 .L0 
         10002e6          10002e6       16     2         /home/ryoj/github.com/okamotonr/zoeax/target/riscv64gc-unknown-none-elf/debug/deps/simple-0101cf89f4b245c2.eof950gecqotsbxi5h23f2st6.rcgu.o:(.text._ZN41_$LT$bool$u20$as$u20$core..fmt..Debug$GT$3fmt17h0611d709ea6e1b8bE)
         10002e6          10002e6        0     1                 .L0 
         10002e6          10002e6        0     1                 .L0 
         10002e6          10002e6        0     1                 $x
         10002e6          10002e6        0     1                 .L0 
         10002e6          10002e6       16     1                 _$LT$bool$u20$as$u20$core..fmt..Debug$GT$::fmt::h0611d709ea6e1b8b
         10002ee          10002ee        0     1                 .L0 
         10002f8          10002f8        0     1                 .L0 
         10002fc          10002fc        0     1                 .L0 
         10002fc          10002fc       18     2         /home/ryoj/github.com/okamotonr/zoeax/target/riscv64gc-unknown-none-elf/debug/deps/liblibzoea-d046c76c35f03d68.rlib(libzoea-d046c76c35f03d68.4ovyf2qbb9bxjq708flu21mom.rcgu.o):(.text._ZN42_$LT$$RF$T$u20$as$u20$core..fmt..Debug$GT$3fmt17h83d53420ab8a00a3E)
         10002fc          10002fc        0     1                 .L0 
         10002fc          10002fc        0     1                 .L0 
         10002fc          10002fc        0     1                 $x
         10002fc          10002fc        0     1                 .L0 
         10002fc          10002fc       18     1                 _$LT$$RF$T$u20$as$u20$core..fmt..Debug$GT$::fmt::h83d53420ab8a00a3
         1000304          1000304        0     1                 .L0 
         1000306          1000306        0     1                 .L0 
         1000310          1000310        0     1                 .L0 
         1000314          1000314        0     1                 .L0 
         1000314          1000314       18     2         /home/ryoj/github.com/okamotonr/zoeax/target/riscv64gc-unknown-none-elf/debug/deps/liblibzoea-d046c76c35f03d68.rlib(libzoea-d046c76c35f03d68.4ovyf2qbb9bxjq708flu21mom.rcgu.o):(.text._ZN42_$LT$$RF$T$u20$as$u20$core..fmt..Debug$GT$3fmt17heae6ac028a1ebc79E)
         1000314          1000314        0     1                 .L0 
         1000314          1000314        0     1                 .L0 
         1000314          1000314        0     1                 $x
         1000314          1000314        0     1                 .L0 
         1000314          1000314       18     1                 _$LT$$RF$T$u20$as$u20$core..fmt..Debug$GT$::fmt::heae6ac028a1ebc79
         100031c          100031c        0     1                 .L0 
         100031e          100031e        0     1                 .L0 
         1000328          1000328        0     1                 .L0 
         100032c          100032c        0     1                 .L0 
         100032c          100032c       20     2         /home/ryoj/github.com/okamotonr/zoeax/target/riscv64gc-unknown-none-elf/debug/deps/liblibzoea-d046c76c35f03d68.rlib(libzoea-d046c76c35f03d68.4ovyf2qbb9bxjq708flu21mom.rcgu.o):(.text._ZN4core3fmt9Arguments6new_v117h80190225154184deE)
         100032c          100032c        0     1                 .L0 
         100032c          100032c        0     1                 .L0 
         100032c          100032c        0     1                 $x
         100032c          100032c        0     1                 .L0 
         100032c          100032c       20     1                 core::fmt::Arguments::new_v1::h80190225154184de
         1000338          1000338        0     1                 .L0 
         1000348          1000348        0     1                 .L0 
         100034c          100034c        0     1                 .L0 
         100034c          100034c       a6     2         /home/ryoj/github.com/okamotonr/zoeax/target/riscv64gc-unknown-none-elf/debug/deps/liblibzoea-d046c76c35f03d68.rlib(libzoea-d046c76c35f03d68.62epki10gbitnkyexd3yoj901.rcgu.o):(.text._ZN59_$LT$libzoea..SyscallWriter$u20$as$u20$core..fmt..Write$GT$9write_str17h3afad457c87eac5cE)
         100034c          100034c        0     1                 .L0 
         100034c          100034c        0     1                 .L0 
         100034c          100034c        0     1                 $x
         100034c          100034c        0     1                 .L0 
         100034c          100034c       a6     1                 _$LT$libzoea..SyscallWriter$u20$as$u20$core..fmt..Write$GT$::write_str::h3afad457c87eac5c
         1000366          1000366        0     1                 .L0 
         1000372          1000372        0     1                 .L0 
         1000372          1000372        0     1                 .L0 
         1000374          1000374        0     1                 .L0 
         1000376          1000376        0     1                 .L0 
         1000386          1000386        0     1                 .L0 
         1000386          1000386        0     1                 .L0 
         1000388          1000388        0     1                 .L0 
         100038c          100038c        0     1                 .L0 
         1000394          1000394        0     1                 .L0 
         1000398          1000398        0     1                 .L0 
         1000398          1000398        0     1                 .L0 
         100039c          100039c        0     1                 .L0 
         100039c          100039c        0     1                 .L0 
         10003a6          10003a6        0     1                 .L0 
         10003a6          10003a6        0     1                 .L0 
         10003ae          10003ae        0     1                 .L0 
         10003ae          10003ae        0     1                 .L0 
         10003b2          10003b2        0     1                 .L0 
         10003b6          10003b6        0     1                 .L0 
         10003c6          10003c6        0     1                 .Lpcrel_hi0
         10003c6          10003c6        0     1                 .L0 
         10003c6          10003c6        0     1                 .L0 
         10003ce          10003ce        0     1                 .Lpcrel_hi1
         10003d6          10003d6        0     1                 .Lpcrel_hi2
         10003ec          10003ec        0     1                 .L0 
         10003f0          10003f0        0     1                 .L0 
         10003f0          10003f0        0     1                 .L0 
         10003f2          10003f2        0     1                 .L0 
         10003f2          10003f2        0     1                 .L0 
         10003f2          10003f2        0     1                 .L0 
         10003f2          10003f2        0     1                 .L0 
         10003f2          10003f2       66     2         /home/ryoj/github.com/okamotonr/zoeax/target/riscv64gc-unknown-none-elf/debug/deps/liblibzoea-d046c76c35f03d68.rlib(libzoea-d046c76c35f03d68.62epki10gbitnkyexd3yoj901.rcgu.o):(.text._ZN7libzoea6_print17hae941645b03fdb3cE)
         10003f2          10003f2        0     1                 .L0 
         10003f2          10003f2        0     1                 .L0 
         10003f2          10003f2        0     1                 $x
         10003f2          10003f2        0     1                 .L0 
         10003f2          10003f2       66     1                 libzoea::_print::hae941645b03fdb3c
         10003f6          10003f6        0     1                 .L0 
         10003f6          10003f6        0     1                 .L0 
         1000420          1000420        0     1                 .L0 
         1000420          1000420        0     1                 .L0 
         1000426          1000426        0     1                 .L0 
         100042a          100042a        0     1                 .Lpcrel_hi3
         100042a          100042a        0     1                 .L0 
         100042a          100042a        0     1                 .L0 
         1000432          1000432        0     1                 .Lpcrel_hi4
         100043a          100043a        0     1                 .Lpcrel_hi5
         1000452          1000452        0     1                 .L0 
         1000452          1000452        0     1                 .L0 
         1000454          1000454        0     1                 .L0 
         1000458          1000458        0     1                 .L0 
         1000458          1000458        0     1                 .L0 
         1000458          1000458        0     1                 .L0 
         1000458          1000458       28     2         /home/ryoj/github.com/okamotonr/zoeax/target/riscv64gc-unknown-none-elf/debug/deps/liblibzoea-d046c76c35f03d68.rlib(libzoea-d046c76c35f03d68.11ddw8hbt06bt5z9ggm2rjew5.rcgu.o):(.text._ZN4core5slice4iter87_$LT$impl$u20$core..iter..traits..collect..IntoIterator$u20$for$u20$$RF$$u5b$T$u5d$$GT$9into_iter17h51a8efb1769fe5adE)
         1000458          1000458        0     1                 .L0 
         1000458          1000458        0     1                 .L0 
         1000458          1000458        0     1                 $x
         1000458          1000458        0     1                 .L0 
         1000458          1000458       28     1                 core::slice::iter::_$LT$impl$u20$core..iter..traits..collect..IntoIterator$u20$for$u20$$RF$$u5b$T$u5d$$GT$::into_iter::h51a8efb1769fe5ad
         1000462          1000462        0     1                 .L0 
         1000462          1000462        0     1                 .L0 
         1000464          1000464        0     1                 .L0 
         1000464          1000464        0     1                 .L0 
         1000468          1000468        0     1                 .L0 
         1000468          1000468        0     1                 .L0 
         100046a          100046a        0     1                 .L0 
         100046a          100046a        0     1                 .L0 
         100046c          100046c        0     1                 .L0 
         1000470          1000470        0     1                 .L0 
         1000470          1000470        0     1                 .L0 
         1000472          1000472        0     1                 .L0 
         1000472          1000472        0     1                 .L0 
         1000474          1000474        0     1                 .L0 
         1000476          1000476        0     1                 .L0 
         1000478          1000478        0     1                 .L0 
         100047a          100047a        0     1                 .L0 
         100047a          100047a        0     1                 .L0 
         100047c          100047c        0     1                 .L0 
         100047c          100047c        0     1                 .L0 
         1000480          1000480        0     1                 .L0 
         1000480          1000480        0     1                 .L0 
         1000480          1000480        0     1                 .L0 
         1000480          1000480       6c     2         /home/ryoj/github.com/okamotonr/zoeax/target/riscv64gc-unknown-none-elf/debug/deps/liblibzoea-d046c76c35f03d68.rlib(libzoea-d046c76c35f03d68.11ddw8hbt06bt5z9ggm2rjew5.rcgu.o):(.text._ZN91_$LT$core..slice..iter..Iter$LT$T$GT$$u20$as$u20$core..iter..traits..iterator..Iterator$GT$4next17h6921875cbfac4689E)
         1000480          1000480        0     1                 .L0 
         1000480          1000480        0     1                 .L0 
         1000480          1000480        0     1                 $x
         1000480          1000480        0     1                 .L0 
         1000480          1000480       6c     1                 _$LT$core..slice..iter..Iter$LT$T$GT$$u20$as$u20$core..iter..traits..iterator..Iterator$GT$::next::h6921875cbfac4689
         1000488          1000488        0     1                 .L0 
         1000488          1000488        0     1                 .L0 
         100048a          100048a        0     1                 .L0 
         100048a          100048a        0     1                 .L0 
         100048c          100048c        0     1                 .L0 
         100048c          100048c        0     1                 .L0 
         100048e          100048e        0     1                 .L0 
         1000490          1000490        0     1                 .L0 
         1000496          1000496        0     1                 .L0 
         100049a          100049a        0     1                 .L0 
         100049a          100049a        0     1                 .L0 
         100049e          100049e        0     1                 .L0 
         10004a0          10004a0        0     1                 .L0 
         10004a0          10004a0        0     1                 .L0 
         10004a2          10004a2        0     1                 .L0 
         10004a2          10004a2        0     1                 .L0 
         10004a4          10004a4        0     1                 .L0 
         10004ae          10004ae        0     1                 .L0 
         10004b0          10004b0        0     1                 .L0 
         10004ba          10004ba        0     1                 .L0 
         10004bc          10004bc        0     1                 .L0 
         10004bc          10004bc        0     1                 .L0 
         10004c0          10004c0        0     1                 .L0 
         10004c0          10004c0        0     1                 .L0 
         10004c2          10004c2        0     1                 .L0 
         10004c2          10004c2        0     1                 .L0 
         10004c4          10004c4        0     1                 .L0 
         10004c6          10004c6        0     1                 .L0 
         10004c8          10004c8        0     1                 .L0 
         10004ca          10004ca        0     1                 .L0 
         10004ca          10004ca        0     1                 .L0 
         10004d0          10004d0        0     1                 .L0 
         10004d0          10004d0        0     1                 .L0 
         10004d2          10004d2        0     1                 .L0 
         10004d2          10004d2        0     1                 .L0 
         10004d6          10004d6        0     1                 .L0 
         10004d6          10004d6        0     1                 .L0 
         10004d8          10004d8        0     1                 .L0 
         10004d8          10004d8        0     1                 .L0 
         10004da          10004da        0     1                 .L0 
         10004da          10004da        0     1                 .L0 
         10004dc          10004dc        0     1                 .L0 
         10004dc          10004dc        0     1                 .L0 
         10004de          10004de        0     1                 .L0 
         10004e0          10004e0        0     1                 .L0 
         10004e0          10004e0        0     1                 .L0 
         10004e2          10004e2        0     1                 .L0 
         10004e2          10004e2        0     1                 .L0 
         10004e4          10004e4        0     1                 .L0 
         10004e6          10004e6        0     1                 .L0 
         10004e8          10004e8        0     1                 .L0 
         10004ec          10004ec        0     1                 .L0 
         10004ec          10004ec        0     1                 .L0 
         10004ec          10004ec        0     1                 .L0 
         10004ec          10004ec       c4     2         /home/ryoj/github.com/okamotonr/zoeax/target/riscv64gc-unknown-none-elf/debug/deps/liblibzoea-d046c76c35f03d68.rlib(libzoea-d046c76c35f03d68.1fyysql7gpcg1hi2t0e6224pb.rcgu.o):(.text._ZN7libzoea7syscall7syscall17h57966e5f7a380a96E)
         10004ec          10004ec        0     1                 .L0 
         10004ec          10004ec        0     1                 .L0 
         10004ec          10004ec        0     1                 $x
         10004ec          10004ec        0     1                 .L0 
         10004ec          10004ec       c4     1                 libzoea::syscall::syscall::h57966e5f7a380a96
         1000524          1000524        0     1                 .L0 
         1000524          1000524        0     1                 .L0 
         100052a          100052a        0     1                 .L0 
         100052c          100052c        0     1                 .L0 
         1000530          1000530        0     1                 .L0 
         1000538          1000538        0     1                 .L0 
         100053e          100053e        0     1                 .L0 
         1000540          1000540        0     1                 .L0 
         1000542          1000542        0     1                 .L0 
         100054a          100054a        0     1                 .L0 
         100054c          100054c        0     1                 .L0 
         100054e          100054e        0     1                 .L0 
         100055a          100055a        0     1                 .L0 
         100055a          100055a        0     1                 .L0 
         100055e          100055e        0     1                 .L0 
         1000562          1000562        0     1                 .Lpcrel_hi0
         1000562          1000562        0     1                 .L0 
         1000562          1000562        0     1                 .L0 
         100056a          100056a        0     1                 .Lpcrel_hi1
         1000572          1000572        0     1                 .Lpcrel_hi2
         100058a          100058a        0     1                 .L0 
         100058c          100058c        0     1                 .L0 
         1000594          1000594        0     1                 .L0 
         1000594          1000594        0     1                 .L0 
         1000598          1000598        0     1                 .L0 
         1000598          1000598        0     1                 .L0 
         100059a          100059a        0     1                 .L0 
         10005a8          10005a8        0     1                 .L0 
         10005aa          10005aa        0     1                 .L0 
         10005aa          10005aa        0     1                 .L0 
         10005ac          10005ac        0     1                 .L0 
         10005b0          10005b0        0     1                 .L0 
         10005b0          10005b0        0     1                 .L0 
         10005b0          10005b0        0     1                 .L0 
         10005b0          10005b0       30     2         /home/ryoj/github.com/okamotonr/zoeax/target/riscv64gc-unknown-none-elf/debug/deps/liblibzoea-d046c76c35f03d68.rlib(libzoea-d046c76c35f03d68.1fyysql7gpcg1hi2t0e6224pb.rcgu.o):(.text._ZN7libzoea7syscall8put_char17h8b5f40f3802015b6E)
         10005b0          10005b0        0     1                 .L0 
         10005b0          10005b0        0     1                 .L0 
         10005b0          10005b0        0     1                 $x
         10005b0          10005b0        0     1                 .L0 
         10005b0          10005b0       30     1                 libzoea::syscall::put_char::h8b5f40f3802015b6
         10005ba          10005ba        0     1                 .L0 
         10005bc          10005bc        0     1                 .L0 
         10005c0          10005c0        0     1                 .L0 
         10005dc          10005dc        0     1                 .L0 
         10005e0          10005e0        0     1                 .L0 
         10005e0          10005e0       18     2         /home/ryoj/github.com/okamotonr/zoeax/target/riscv64gc-unknown-none-elf/debug/deps/liblibzoea-d046c76c35f03d68.rlib(libzoea-d046c76c35f03d68.3rdvxqvm1u8tl7tv32ldi8i29.rcgu.o):(.text._ZN42_$LT$$RF$T$u20$as$u20$core..fmt..Debug$GT$3fmt17ha3c39e7ea4ff2bd6E)
         10005e0          10005e0        0     1                 .L0 
         10005e0          10005e0        0     1                 .L0 
         10005e0          10005e0        0     1                 $x
         10005e0          10005e0        0     1                 .L0 
         10005e0          10005e0       18     1                 _$LT$$RF$T$u20$as$u20$core..fmt..Debug$GT$::fmt::ha3c39e7ea4ff2bd6
         10005e8          10005e8        0     1                 .L0 
         10005ea          10005ea        0     1                 .L0 
         10005f4          10005f4        0     1                 .L0 
         10005f8          10005f8        0     1                 .L0 
         10005f8          10005f8       5a     2         /home/ryoj/github.com/okamotonr/zoeax/target/riscv64gc-unknown-none-elf/debug/deps/liblibzoea-d046c76c35f03d68.rlib(libzoea-d046c76c35f03d68.3rdvxqvm1u8tl7tv32ldi8i29.rcgu.o):(.text._ZN50_$LT$$LP$U$C$T$RP$$u20$as$u20$core..fmt..Debug$GT$3fmt17h0239f2f7387a9691E)
         10005f8          10005f8        0     1                 .L0 
         10005f8          10005f8        0     1                 .L0 
         10005f8          10005f8        0     1                 $x
         10005f8          10005f8        0     1                 .L0 
         10005f8          10005f8       5a     1                 _$LT$$LP$U$C$T$RP$$u20$as$u20$core..fmt..Debug$GT$::fmt::h0239f2f7387a9691
         100060a          100060a        0     1                 .L0 
         1000616          1000616        0     1                 .L0 
         1000616          1000616        0     1                 .L0 
         100061c          100061c        0     1                 .Lpcrel_hi0
         100061c          100061c        0     1                 .L0 
         100061c          100061c        0     1                 .L0 
         1000630          1000630        0     1                 .Lpcrel_hi1
         1000644          1000644        0     1                 .L0 
         100064e          100064e        0     1                 .L0 
         1000652          1000652        0     1                 .L0 
         1000652          1000652       68     2         /home/ryoj/github.com/okamotonr/zoeax/target/riscv64gc-unknown-none-elf/debug/deps/liblibzoea-d046c76c35f03d68.rlib(libzoea-d046c76c35f03d68.90v6a6a7yuqmbqoxv26y8rbhg.rcgu.o):(.text._ZN4core3fmt3num50_$LT$impl$u20$core..fmt..Debug$u20$for$u20$u16$GT$3fmt17h3d52fc377dece499E)
         1000652          1000652        0     1                 .L0 
         1000652          1000652        0     1                 .L0 
         1000652          1000652        0     1                 $x
         1000652          1000652        0     1                 .L0 
         1000652          1000652       68     1                 core::fmt::num::_$LT$impl$u20$core..fmt..Debug$u20$for$u20$u16$GT$::fmt::h3d52fc377dece499
         100065e          100065e        0     1                 .L0 
         1000668          1000668        0     1                 .L0 
         100066a          100066a        0     1                 .L0 
         1000676          1000676        0     1                 .L0 
         100067a          100067a        0     1                 .L0 
         1000688          1000688        0     1                 .L0 
         100068c          100068c        0     1                 .L0 
         100069a          100069a        0     1                 .L0 
         100069e          100069e        0     1                 .L0 
         10006ac          10006ac        0     1                 .L0 
         10006ae          10006ae        0     1                 .L0 
         10006b6          10006b6        0     1                 .L0 
         10006ba          10006ba        0     1                 .L0 
         10006ba          10006ba        0     1                 .L0 
         10006ba          10006ba        0     1                 .L0 
         10006ba          10006ba       68     2         /home/ryoj/github.com/okamotonr/zoeax/target/riscv64gc-unknown-none-elf/debug/deps/liblibzoea-d046c76c35f03d68.rlib(libzoea-d046c76c35f03d68.90v6a6a7yuqmbqoxv26y8rbhg.rcgu.o):(.text._ZN4core3fmt3num50_$LT$impl$u20$core..fmt..Debug$u20$for$u20$u32$GT$3fmt17hee94a01c2bbc9321E)
         10006ba          10006ba        0     1                 .L0 
         10006ba          10006ba        0     1                 .L0 
         10006ba          10006ba        0     1                 $x
         10006ba          10006ba        0     1                 .L0 
         10006ba          10006ba       68     1                 core::fmt::num::_$LT$impl$u20$core..fmt..Debug$u20$for$u20$u32$GT$::fmt::hee94a01c2bbc9321
         10006c6          10006c6        0     1                 .L0 
         10006d0          10006d0        0     1                 .L0 
         10006d2          10006d2        0     1                 .L0 
         10006de          10006de        0     1                 .L0 
         10006e2          10006e2        0     1                 .L0 
         10006f0          10006f0        0     1                 .L0 
         10006f4          10006f4        0     1                 .L0 
         1000702          1000702        0     1                 .L0 
         1000706          1000706        0     1                 .L0 
         1000714          1000714        0     1                 .L0 
         1000716          1000716        0     1                 .L0 
         100071e          100071e        0     1                 .L0 
         1000722          1000722        0     1                 .L0 
         1000722          1000722        0     1                 .L0 
         1000722          1000722        0     1                 .L0 
         1000722          1000722      18e     2         /home/ryoj/github.com/okamotonr/zoeax/target/riscv64gc-unknown-none-elf/debug/deps/liblibzoea-d046c76c35f03d68.rlib(libzoea-d046c76c35f03d68.91y25lc9bwpr8lzzzbrsq2sf6.rcgu.o):(.text._ZN62_$LT$shared..err_kind..ErrKind$u20$as$u20$core..fmt..Debug$GT$3fmt17h4bc35600ace9fa08E)
         1000722          1000722        0     1                 .L0 
         1000722          1000722        0     1                 .L0 
         1000722          1000722        0     1                 $x
         1000722          1000722        0     1                 .L0 
         1000722          1000722      18e     1                 _$LT$shared..err_kind..ErrKind$u20$as$u20$core..fmt..Debug$GT$::fmt::h4bc35600ace9fa08
         100072c          100072c        0     1                 .L0 
         1000738          1000738        0     1                 .L0 
         100073a          100073a        0     1                 .L0 
         100073c          100073c        0     1                 .Lpcrel_hi0
         100074c          100074c        0     1                 .L0 
         100074c          100074c        0     1                 .Lpcrel_hi1
         100075a          100075a        0     1                 .L0 
         100075c          100075c        0     1                 .L0 
         100075c          100075c        0     1                 .Lpcrel_hi2
         100075c          100075c        0     1                 .L0 
         100076a          100076a        0     1                 .L0 
         100076c          100076c        0     1                 .L0 
         100076c          100076c        0     1                 .Lpcrel_hi3
         100076c          100076c        0     1                 .L0 
         100077a          100077a        0     1                 .L0 
         100077c          100077c        0     1                 .L0 
         100077c          100077c        0     1                 .Lpcrel_hi4
         100077c          100077c        0     1                 .L0 
         100078a          100078a        0     1                 .L0 
         100078c          100078c        0     1                 .L0 
         100078c          100078c        0     1                 .Lpcrel_hi5
         100078c          100078c        0     1                 .L0 
         100079a          100079a        0     1                 .L0 
         100079c          100079c        0     1                 .L0 
         100079c          100079c        0     1                 .Lpcrel_hi6
         100079c          100079c        0     1                 .L0 
         10007aa          10007aa        0     1                 .L0 
         10007ac          10007ac        0     1                 .L0 
         10007ac          10007ac        0     1                 .Lpcrel_hi7
         10007ac          10007ac        0     1                 .L0 
         10007ba          10007ba        0     1                 .L0 
         10007bc          10007bc        0     1                 .L0 
         10007bc          10007bc        0     1                 .Lpcrel_hi8
         10007bc          10007bc        0     1                 .L0 
         10007ca          10007ca        0     1                 .L0 
         10007cc          10007cc        0     1                 .L0 
         10007cc          10007cc        0     1                 .Lpcrel_hi9
         10007cc          10007cc        0     1                 .L0 
         10007da          10007da        0     1                 .L0 
         10007dc          10007dc        0     1                 .L0 
         10007dc          10007dc        0     1                 .Lpcrel_hi10
         10007dc          10007dc        0     1                 .L0 
         10007ea          10007ea        0     1                 .L0 
         10007ec          10007ec        0     1                 .L0 
         10007ec          10007ec        0     1                 .Lpcrel_hi11
         10007ec          10007ec        0     1                 .L0 
         10007fa          10007fa        0     1                 .L0 
         10007fc          10007fc        0     1                 .L0 
         10007fc          10007fc        0     1                 .Lpcrel_hi12
         10007fc          10007fc        0     1                 .L0 
         100080a          100080a        0     1                 .L0 
         100080c          100080c        0     1                 .L0 
         100080c          100080c        0     1                 .Lpcrel_hi13
         100080c          100080c        0     1                 .L0 
         100081a          100081a        0     1                 .L0 
         100081c          100081c        0     1                 .L0 
         100081c          100081c        0     1                 .Lpcrel_hi14
         100081c          100081c        0     1                 .L0 
         100082a          100082a        0     1                 .L0 
         100082c          100082c        0     1                 .L0 
         100082c          100082c        0     1                 .Lpcrel_hi15
         100082c          100082c        0     1                 .L0 
         100083a          100083a        0     1                 .L0 
         100083c          100083c        0     1                 .L0 
         100083c          100083c        0     1                 .Lpcrel_hi16
         100083c          100083c        0     1                 .L0 
         100084a          100084a        0     1                 .L0 
         100084c          100084c        0     1                 .L0 
         100084c          100084c        0     1                 .Lpcrel_hi17
         100084c          100084c        0     1                 .L0 
         100085a          100085a        0     1                 .L0 
         100085c          100085c        0     1                 .L0 
         100085c          100085c        0     1                 .Lpcrel_hi18
         100085c          100085c        0     1                 .L0 
         100086a          100086a        0     1                 .L0 
         100086c          100086c        0     1                 .L0 
         100086c          100086c        0     1                 .Lpcrel_hi19
         100086c          100086c        0     1                 .L0 
         100087a          100087a        0     1                 .L0 
         100087c          100087c        0     1                 .L0 
         100087c          100087c        0     1                 .Lpcrel_hi20
         100087c          100087c        0     1                 .L0 
         100088a          100088a        0     1                 .L0 
         100088c          100088c        0     1                 .L0 
         100088c          100088c        0     1                 .Lpcrel_hi21
         100088c          100088c        0     1                 .L0 
         100089a          100089a        0     1                 .L0 
         100089c          100089c        0     1                 .L0 
         100089e          100089e        0     1                 .L0 
         10008ac          10008ac        0     1                 .L0 
         10008b0          10008b0        0     1                 .L0 
         10008b0          10008b0        0     1                 .L0 
         10008b0          10008b0        0     1                 .L0 
         10008b0          10008b0       26     2         /home/ryoj/github.com/okamotonr/zoeax/target/riscv64gc-unknown-none-elf/debug/deps/liblibzoea-d046c76c35f03d68.rlib(libzoea-d046c76c35f03d68.caxw6tamqvrzjapuiv2vnl7rv.rcgu.o):(.text._ZN45_$LT$$LP$$RP$$u20$as$u20$core..fmt..Debug$GT$3fmt17h6ba57cc993cd253bE)
         10008b0          10008b0        0     1                 .L0 
         10008b0          10008b0        0     1                 .L0 
         10008b0          10008b0        0     1                 $x
         10008b0          10008b0        0     1                 .L0 
         10008b0          10008b0       26     1                 _$LT$$LP$$RP$$u20$as$u20$core..fmt..Debug$GT$::fmt::h6ba57cc993cd253b
         10008be          10008be        0     1                 .Lpcrel_hi0
         10008be          10008be        0     1                 .L0 
         10008d2          10008d2        0     1                 .L0 
         10008d6          10008d6        0     1                 .L0 
         10008d6          10008d6       26     2         /home/ryoj/github.com/okamotonr/zoeax/target/riscv64gc-unknown-none-elf/debug/deps/liblibzoea-d046c76c35f03d68.rlib(libzoea-d046c76c35f03d68.caxw6tamqvrzjapuiv2vnl7rv.rcgu.o):(.text._ZN53_$LT$core..fmt..Error$u20$as$u20$core..fmt..Debug$GT$3fmt17hc1dd579ae59e3aa5E)
         10008d6          10008d6        0     1                 .L0 
         10008d6          10008d6        0     1                 .L0 
         10008d6          10008d6        0     1                 $x
         10008d6          10008d6        0     1                 .L0 
         10008d6          10008d6       26     1                 _$LT$core..fmt..Error$u20$as$u20$core..fmt..Debug$GT$::fmt::hc1dd579ae59e3aa5
         10008e4          10008e4        0     1                 .Lpcrel_hi1
         10008e4          10008e4        0     1                 .L0 
         10008f8          10008f8        0     1                 .L0 
         10008fc          10008fc        0     1                 .L0 
         10008fc          10008fc       40     2         /home/ryoj/github.com/okamotonr/zoeax/target/riscv64gc-unknown-none-elf/debug/deps/liblibzoea-d046c76c35f03d68.rlib(libzoea-d046c76c35f03d68.d1k6sczfudxi3v8kcd2a0e8de.rcgu.o):(.text._ZN4core3fmt5Write10write_char17h5746d705bf13eb0eE)
         10008fc          10008fc        0     1                 .L0 
         10008fc          10008fc        0     1                 .L0 
         10008fc          10008fc        0     1                 $x
         10008fc          10008fc        0     1                 .L0 
         10008fc          10008fc       40     1                 core::fmt::Write::write_char::h5746d705bf13eb0e
         100090e          100090e        0     1                 .L0 
         1000912          1000912        0     1                 .L0 
         1000918          1000918        0     1                 .L0 
         1000918          1000918        0     1                 .L0 
         100092e          100092e        0     1                 .L0 
         1000938          1000938        0     1                 .L0 
         100093c          100093c        0     1                 .L0 
         100093c          100093c       14     2         /home/ryoj/github.com/okamotonr/zoeax/target/riscv64gc-unknown-none-elf/debug/deps/liblibzoea-d046c76c35f03d68.rlib(libzoea-d046c76c35f03d68.d1k6sczfudxi3v8kcd2a0e8de.rcgu.o):(.text._ZN4core3fmt5Write9write_fmt17h4a13904735eafb92E)
         100093c          100093c        0     1                 .L0 
         100093c          100093c        0     1                 .L0 
         100093c          100093c        0     1                 $x
         100093c          100093c        0     1                 .L0 
         100093c          100093c       14     1                 core::fmt::Write::write_fmt::h4a13904735eafb92
         1000942          1000942        0     1                 .L0 
         100094a          100094a        0     1                 .L0 
         100094c          100094c        0     1                 .L0 
         1000950          1000950        0     1                 .L0 
         1000950          1000950       cc     2         /home/ryoj/github.com/okamotonr/zoeax/target/riscv64gc-unknown-none-elf/debug/deps/liblibzoea-d046c76c35f03d68.rlib(libzoea-d046c76c35f03d68.d1k6sczfudxi3v8kcd2a0e8de.rcgu.o):(.text._ZN75_$LT$$RF$mut$u20$W$u20$as$u20$core..fmt..Write..write_fmt..SpecWriteFmt$GT$14spec_write_fmt17h79537d252171d2f6E)
         1000950          1000950        0     1                 .L0 
         1000950          1000950        0     1                 .L0 
         1000950          1000950        0     1                 $x
         1000950          1000950        0     1                 .L0 
         1000950          1000950       cc     1                 _$LT$$RF$mut$u20$W$u20$as$u20$core..fmt..Write..write_fmt..SpecWriteFmt$GT$::spec_write_fmt::h79537d252171d2f6
         100095a          100095a        0     1                 .L0 
         100095a          100095a        0     1                 .L0 
         100095c          100095c        0     1                 .L0 
         100095c          100095c        0     1                 .L0 
         1000964          1000964        0     1                 .L0 
         1000966          1000966        0     1                 .L0 
         1000968          1000968        0     1                 .L0 
         100096c          100096c        0     1                 .L0 
         100096e          100096e        0     1                 .L0 
         1000972          1000972        0     1                 .L0 
         1000976          1000976        0     1                 .L0 
         100097c          100097c        0     1                 .L0 
         100097e          100097e        0     1                 .L0 
         1000984          1000984        0     1                 .L0 
         1000986          1000986        0     1                 .L0 
         1000988          1000988        0     1                 .L0 
         100098c          100098c        0     1                 .L0 
         100098c          100098c        0     1                 .L0 
         100098e          100098e        0     1                 .L0 
         100098e          100098e        0     1                 .L0 
         1000992          1000992        0     1                 .L0 
         10009a0          10009a0        0     1                 .L0 
         10009a0          10009a0        0     1                 .L0 
         10009a2          10009a2        0     1                 .L0 
         10009a2          10009a2        0     1                 .L0 
         10009a6          10009a6        0     1                 .L0 
         10009a8          10009a8        0     1                 .L0 
         10009aa          10009aa        0     1                 .L0 
         10009aa          10009aa        0     1                 .L0 
         10009ae          10009ae        0     1                 .L0 
         10009b2          10009b2        0     1                 .L0 
         10009b4          10009b4        0     1                 .L0 
         10009b4          10009b4        0     1                 .L0 
         10009b6          10009b6        0     1                 .L0 
         10009b6          10009b6        0     1                 .L0 
         10009be          10009be        0     1                 .L0 
         10009be          10009be        0     1                 .L0 
         10009c0          10009c0        0     1                 .L0 
         10009c4          10009c4        0     1                 .L0 
         10009c4          10009c4        0     1                 .L0 
         10009c8          10009c8        0     1                 .L0 
         10009e0          10009e0        0     1                 .Lpcrel_hi0
         10009f6          10009f6        0     1                 .L0 
         10009f8          10009f8        0     1                 .L0 
         10009fa          10009fa        0     1                 .L0 
         10009fa          10009fa        0     1                 .L0 
         1000a02          1000a02        0     1                 .L0 
         1000a10          1000a10        0     1                 .L0 
         1000a10          1000a10        0     1                 .L0 
         1000a18          1000a18        0     1                 .L0 
         1000a1c          1000a1c        0     1                 .L0 
         1000a1c          1000a1c        0     1                 .L0 
         1000a1c          1000a1c        0     1                 .L0 
         1000a1c          1000a1c      16a     2         /home/ryoj/github.com/okamotonr/zoeax/target/riscv64gc-unknown-none-elf/debug/deps/liblibzoea-d046c76c35f03d68.rlib(libzoea-d046c76c35f03d68.6crhhhq14zd7m92a58spc0by6.rcgu.o):(.text._ZN4core4char7methods15encode_utf8_raw17h8f164c5f1b39fb27E)
         1000a1c          1000a1c        0     1                 .L0 
         1000a1c          1000a1c        0     1                 .L0 
         1000a1c          1000a1c        0     1                 $x
         1000a1c          1000a1c        0     1                 .L0 
         1000a1c          1000a1c      16a     1                 core::char::methods::encode_utf8_raw::h8f164c5f1b39fb27
         1000a32          1000a32        0     1                 .L0 
         1000a38          1000a38        0     1                 .L0 
         1000a3a          1000a3a        0     1                 .L0 
         1000a42          1000a42        0     1                 .L0 
         1000a46          1000a46        0     1                 .L0 
         1000a48          1000a48        0     1                 .L0 
         1000a48          1000a48        0     1                 .L0 
         1000a4e          1000a4e        0     1                 .L0 
         1000a4e          1000a4e        0     1                 .L0 
         1000a50          1000a50        0     1                 .L0 
         1000a50          1000a50        0     1                 .L0 
         1000a58          1000a58        0     1                 .L0 
         1000a5c          1000a5c        0     1                 .L0 
         1000a60          1000a60        0     1                 .L0 
         1000a60          1000a60        0     1                 .L0 
         1000a66          1000a66        0     1                 .L0 
         1000a66          1000a66        0     1                 .L0 
         1000a6a          1000a6a        0     1                 .L0 
         1000a6a          1000a6a        0     1                 .L0 
         1000a6e          1000a6e        0     1                 .L0 
         1000a6e          1000a6e        0     1                 .L0 
         1000a74          1000a74        0     1                 .L0 
         1000a74          1000a74        0     1                 .L0 
         1000a78          1000a78        0     1                 .L0 
         1000a78          1000a78        0     1                 .L0 
         1000a7c          1000a7c        0     1                 .L0 
         1000a7c          1000a7c        0     1                 .L0 
         1000a82          1000a82        0     1                 .L0 
         1000a86          1000a86        0     1                 .L0 
         1000a8a          1000a8a        0     1                 .L0 
         1000a8c          1000a8c        0     1                 .L0 
         1000a8c          1000a8c        0     1                 .L0 
         1000a8e          1000a8e        0     1                 .Lpcrel_hi0
         1000a9e          1000a9e        0     1                 .L0 
         1000aa2          1000aa2        0     1                 .L0 
         1000aa4          1000aa4        0     1                 .L0 
         1000aaa          1000aaa        0     1                 .L0 
         1000ab0          1000ab0        0     1                 .L0 
         1000ab6          1000ab6        0     1                 .L0 
         1000ab6          1000ab6        0     1                 .L0 
         1000abc          1000abc        0     1                 .L0 
         1000ac4          1000ac4        0     1                 .L0 
         1000aca          1000aca        0     1                 .L0 
         1000ad2          1000ad2        0     1                 .L0 
         1000ad8          1000ad8        0     1                 .L0 
         1000ae0          1000ae0        0     1                 .L0 
         1000ae4          1000ae4        0     1                 .L0 
         1000aec          1000aec        0     1                 .L0 
         1000aee          1000aee        0     1                 .L0 
         1000af0          1000af0        0     1                 .L0 
         1000af0          1000af0        0     1                 .L0 
         1000af2          1000af2        0     1                 .L0 
         1000af8          1000af8        0     1                 .L0 
         1000af8          1000af8        0     1                 .L0 
         1000afa          1000afa        0     1                 .L0 
         1000afa          1000afa        0     1                 .L0 
         1000afe          1000afe        0     1                 .L0 
         1000b00          1000b00        0     1                 .L0 
         1000b06          1000b06        0     1                 .L0 
         1000b0c          1000b0c        0     1                 .L0 
         1000b0c          1000b0c        0     1                 .L0 
         1000b12          1000b12        0     1                 .L0 
         1000b1a          1000b1a        0     1                 .L0 
         1000b20          1000b20        0     1                 .L0 
         1000b28          1000b28        0     1                 .L0 
         1000b2c          1000b2c        0     1                 .L0 
         1000b34          1000b34        0     1                 .L0 
         1000b36          1000b36        0     1                 .L0 
         1000b3a          1000b3a        0     1                 .L0 
         1000b3c          1000b3c        0     1                 .L0 
         1000b42          1000b42        0     1                 .L0 
         1000b42          1000b42        0     1                 .L0 
         1000b48          1000b48        0     1                 .L0 
         1000b50          1000b50        0     1                 .L0 
         1000b54          1000b54        0     1                 .L0 
         1000b5c          1000b5c        0     1                 .L0 
         1000b5e          1000b5e        0     1                 .L0 
         1000b62          1000b62        0     1                 .L0 
         1000b64          1000b64        0     1                 .L0 
         1000b64          1000b64        0     1                 .L0 
         1000b68          1000b68        0     1                 .L0 
         1000b6a          1000b6a        0     1                 .L0 
         1000b70          1000b70        0     1                 .L0 
         1000b70          1000b70        0     1                 .L0 
         1000b7a          1000b7a        0     1                 .L0 
         1000b7c          1000b7c        0     1                 .L0 
         1000b7c          1000b7c        0     1                 .L0 
         1000b82          1000b82        0     1                 .L0 
         1000b86          1000b86        0     1                 .L0 
         1000b86          1000b86        0     1                 .L0 
         1000b86          1000b86        0     1                 .L0 
         1000b86          1000b86      12e     2         /home/ryoj/github.com/okamotonr/zoeax/target/riscv64gc-unknown-none-elf/debug/deps/liblibzoea-d046c76c35f03d68.rlib(libzoea-d046c76c35f03d68.2ueivej6or6bc2zbvkadq0y0u.rcgu.o):(.text._ZN4core5slice3raw18from_raw_parts_mut18precondition_check17h9b0c225d50d735e9E)
         1000b86          1000b86        0     1                 .L0 
         1000b86          1000b86        0     1                 .L0 
         1000b86          1000b86        0     1                 $x
         1000b86          1000b86        0     1                 .L0 
         1000b86          1000b86      12e     1                 core::slice::raw::from_raw_parts_mut::precondition_check::h9b0c225d50d735e9
         1000b9a          1000b9a        0     1                 .L0 
         1000b9e          1000b9e        0     1                 .L0 
         1000ba2          1000ba2        0     1                 .Lpcrel_hi0
         1000ba2          1000ba2        0     1                 .L0 
         1000bac          1000bac        0     1                 .L0 
         1000bae          1000bae        0     1                 .L0 
         1000bae          1000bae        0     1                 .L0 
         1000c0e          1000c0e        0     1                 .L0 
         1000c14          1000c14        0     1                 .L0 
         1000c18          1000c18        0     1                 .L0 
         1000c18          1000c18        0     1                 .L0 
         1000c1c          1000c1c        0     1                 .L0 
         1000c1e          1000c1e        0     1                 .L0 
         1000c20          1000c20        0     1                 .L0 
         1000c20          1000c20        0     1                 .L0 
         1000c24          1000c24        0     1                 .Lpcrel_hi1
         1000c24          1000c24        0     1                 .L0 
         1000c24          1000c24        0     1                 .L0 
         1000c3c          1000c3c        0     1                 .L0 
         1000c3c          1000c3c        0     1                 .Lpcrel_hi2
         1000c3c          1000c3c        0     1                 .L0 
         1000c4e          1000c4e        0     1                 .L0 
         1000c4e          1000c4e        0     1                 .L0 
         1000c50          1000c50        0     1                 .L0 
         1000c56          1000c56        0     1                 .L0 
         1000c5a          1000c5a        0     1                 .L0 
         1000c5a          1000c5a        0     1                 .L0 
         1000c64          1000c64        0     1                 .L0 
         1000c66          1000c66        0     1                 .L0 
         1000c68          1000c68        0     1                 .L0 
         1000c6a          1000c6a        0     1                 .L0 
         1000c6c          1000c6c        0     1                 .L0 
         1000c72          1000c72        0     1                 .L0 
         1000c74          1000c74        0     1                 .L0 
         1000c74          1000c74        0     1                 .L0 
         1000c76          1000c76        0     1                 .L0 
         1000c76          1000c76        0     1                 .L0 
         1000c7c          1000c7c        0     1                 .L0 
         1000c82          1000c82        0     1                 .L0 
         1000c82          1000c82        0     1                 .L0 
         1000c88          1000c88        0     1                 .L0 
         1000c8a          1000c8a        0     1                 .Lpcrel_hi3
         1000c8a          1000c8a        0     1                 .L0 
         1000c9a          1000c9a        0     1                 .L0 
         1000c9a          1000c9a        0     1                 .L0 
         1000c9c          1000c9c        0     1                 .L0 
         1000ca0          1000ca0        0     1                 .Lpcrel_hi4
         1000ca0          1000ca0        0     1                 .L0 
         1000cb4          1000cb4        0     1                 .L0 
         1000cb4          1000cb4        0     1                 .L0 
         1000cb4          1000cb4        0     1                 .L0 
         1000cb4          1000cb4      516     2         /home/ryoj/github.com/okamotonr/zoeax/target/riscv64gc-unknown-none-elf/debug/deps/libshared-588c57315aa3f9de.rlib(shared-588c57315aa3f9de.7h0poevtprq0rj5txr9vt9yf7.rcgu.o):(.text._ZN81_$LT$shared..err_kind..ErrKind$u20$as$u20$core..convert..TryFrom$LT$usize$GT$$GT$8try_from17h6d6ca61c0567b363E)
         1000cb4          1000cb4        0     1                 .L0 
         1000cb4          1000cb4        0     1                 .L0 
         1000cb4          1000cb4        0     1                 $x
         1000cb4          1000cb4        0     1                 .L0 
         1000cb4          1000cb4      516     1                 _$LT$shared..err_kind..ErrKind$u20$as$u20$core..convert..TryFrom$LT$usize$GT$$GT$::try_from::h6d6ca61c0567b363
         1000cba          1000cba        0     1                 .L0 
         1000cbc          1000cbc        0     1                 .L0 
         1000cc6          1000cc6        0     1                 .L0 
         1000cca          1000cca        0     1                 .L0 
         1000cce          1000cce        0     1                 .L0 
         1000cd2          1000cd2        0     1                 .L0 
         1000cd8          1000cd8        0     1                 .Lpcrel_hi0
         1000cd8          1000cd8        0     1                 .L0 
         1000ce8          1000ce8        0     1                 .L0 
         1000cea          1000cea        0     1                 .L0 
         1000cec          1000cec        0     1                 .L0 
         1000cf6          1000cf6        0     1                 .L0 
         1000cfa          1000cfa        0     1                 .L0 
         1000cfc          1000cfc        0     1                 .L0 
         1000cfc          1000cfc        0     1                 .L0 
         1000d00          1000d00        0     1                 .L0 
         1000d08          1000d08        0     1                 .L0 
         1000d0a          1000d0a        0     1                 .L0 
         1000d0e          1000d0e        0     1                 .L0 
         1000d12          1000d12        0     1                 .L0 
         1000d18          1000d18        0     1                 .Lpcrel_hi1
         1000d18          1000d18        0     1                 .L0 
         1000d28          1000d28        0     1                 .L0 
         1000d2a          1000d2a        0     1                 .L0 
         1000d2c          1000d2c        0     1                 .L0 
         1000d36          1000d36        0     1                 .L0 
         1000d3a          1000d3a        0     1                 .L0 
         1000d3c          1000d3c        0     1                 .L0 
         1000d3c          1000d3c        0     1                 .L0 
         1000d40          1000d40        0     1                 .L0 
         1000d48          1000d48        0     1                 .L0 
         1000d4a          1000d4a        0     1                 .L0 
         1000d4e          1000d4e        0     1                 .L0 
         1000d52          1000d52        0     1                 .L0 
         1000d58          1000d58        0     1                 .Lpcrel_hi2
         1000d58          1000d58        0     1                 .L0 
         1000d68          1000d68        0     1                 .L0 
         1000d6a          1000d6a        0     1                 .L0 
         1000d6c          1000d6c        0     1                 .L0 
         1000d76          1000d76        0     1                 .L0 
         1000d7a          1000d7a        0     1                 .L0 
         1000d7c          1000d7c        0     1                 .L0 
         1000d7c          1000d7c        0     1                 .L0 
         1000d80          1000d80        0     1                 .L0 
         1000d88          1000d88        0     1                 .L0 
         1000d8a          1000d8a        0     1                 .L0 
         1000d8e          1000d8e        0     1                 .L0 
         1000d92          1000d92        0     1                 .L0 
         1000d98          1000d98        0     1                 .Lpcrel_hi3
         1000d98          1000d98        0     1                 .L0 
         1000da8          1000da8        0     1                 .L0 
         1000daa          1000daa        0     1                 .L0 
         1000dac          1000dac        0     1                 .L0 
         1000db6          1000db6        0     1                 .L0 
         1000dba          1000dba        0     1                 .L0 
         1000dbc          1000dbc        0     1                 .L0 
         1000dbc          1000dbc        0     1                 .L0 
         1000dc0          1000dc0        0     1                 .L0 
         1000dc8          1000dc8        0     1                 .L0 
         1000dca          1000dca        0     1                 .L0 
         1000dce          1000dce        0     1                 .L0 
         1000dd2          1000dd2        0     1                 .L0 
         1000dd8          1000dd8        0     1                 .Lpcrel_hi4
         1000dd8          1000dd8        0     1                 .L0 
         1000de8          1000de8        0     1                 .L0 
         1000dea          1000dea        0     1                 .L0 
         1000dec          1000dec        0     1                 .L0 
         1000df6          1000df6        0     1                 .L0 
         1000dfa          1000dfa        0     1                 .L0 
         1000dfc          1000dfc        0     1                 .L0 
         1000dfc          1000dfc        0     1                 .L0 
         1000e00          1000e00        0     1                 .L0 
         1000e08          1000e08        0     1                 .L0 
         1000e0a          1000e0a        0     1                 .L0 
         1000e0e          1000e0e        0     1                 .L0 
         1000e12          1000e12        0     1                 .L0 
         1000e18          1000e18        0     1                 .Lpcrel_hi5
         1000e18          1000e18        0     1                 .L0 
         1000e28          1000e28        0     1                 .L0 
         1000e2a          1000e2a        0     1                 .L0 
         1000e2c          1000e2c        0     1                 .L0 
         1000e36          1000e36        0     1                 .L0 
         1000e3a          1000e3a        0     1                 .L0 
         1000e3c          1000e3c        0     1                 .L0 
         1000e3c          1000e3c        0     1                 .L0 
         1000e40          1000e40        0     1                 .L0 
         1000e48          1000e48        0     1                 .L0 
         1000e4a          1000e4a        0     1                 .L0 
         1000e4e          1000e4e        0     1                 .L0 
         1000e52          1000e52        0     1                 .L0 
         1000e58          1000e58        0     1                 .Lpcrel_hi6
         1000e58          1000e58        0     1                 .L0 
         1000e68          1000e68        0     1                 .L0 
         1000e6a          1000e6a        0     1                 .L0 
         1000e6c          1000e6c        0     1                 .L0 
         1000e76          1000e76        0     1                 .L0 
         1000e7a          1000e7a        0     1                 .L0 
         1000e7c          1000e7c        0     1                 .L0 
         1000e7c          1000e7c        0     1                 .L0 
         1000e80          1000e80        0     1                 .L0 
         1000e88          1000e88        0     1                 .L0 
         1000e8a          1000e8a        0     1                 .L0 
         1000e8e          1000e8e        0     1                 .L0 
         1000e92          1000e92        0     1                 .L0 
         1000e98          1000e98        0     1                 .Lpcrel_hi7
         1000e98          1000e98        0     1                 .L0 
         1000ea8          1000ea8        0     1                 .L0 
         1000eaa          1000eaa        0     1                 .L0 
         1000eac          1000eac        0     1                 .L0 
         1000eb6          1000eb6        0     1                 .L0 
         1000eba          1000eba        0     1                 .L0 
         1000ebc          1000ebc        0     1                 .L0 
         1000ebc          1000ebc        0     1                 .L0 
         1000ec0          1000ec0        0     1                 .L0 
         1000ec8          1000ec8        0     1                 .L0 
         1000eca          1000eca        0     1                 .L0 
         1000ece          1000ece        0     1                 .L0 
         1000ed2          1000ed2        0     1                 .L0 
         1000ed8          1000ed8        0     1                 .Lpcrel_hi8
         1000ed8          1000ed8        0     1                 .L0 
         1000ee8          1000ee8        0     1                 .L0 
         1000eea          1000eea        0     1                 .L0 
         1000eec          1000eec        0     1                 .L0 
         1000ef6          1000ef6        0     1                 .L0 
         1000efa          1000efa        0     1                 .L0 
         1000efc          1000efc        0     1                 .L0 
         1000efc          1000efc        0     1                 .L0 
         1000f00          1000f00        0     1                 .L0 
         1000f08          1000f08        0     1                 .L0 
         1000f0a          1000f0a        0     1                 .L0 
         1000f0e          1000f0e        0     1                 .L0 
         1000f12          1000f12        0     1                 .L0 
         1000f18          1000f18        0     1                 .Lpcrel_hi9
         1000f18          1000f18        0     1                 .L0 
         1000f28          1000f28        0     1                 .L0 
         1000f2a          1000f2a        0     1                 .L0 
[...]
           17bd0            17bd0        0     1                 .L0 
           17c00            17c00        0     1                 .L0 
           17c30            17c30        0     1                 .L0 
           17c70            17c70        0     1                 .L0 
           17ca0            17ca0        0     1                 .L0 
           17cd0            17cd0        0     1                 .L0 
           17d00            17d00        0     1                 .L0 
           17d30            17d30        0     1                 .L0 
           17d60            17d60        0     1                 .L0 
           17d90            17d90        0     1                 .L0 
           17dc0            17dc0        0     1                 .L0 
           17df0            17df0        0     1                 .L0 
           17e20            17e20        0     1                 .L0 
           17e50            17e50        0     1                 .L0 
           17e80            17e80        0     1                 .L0 
           17eb0            17eb0        0     1                 .L0 
           17ee0            17ee0        0     1                 .L0 
           17f10            17f10        0     1                 .L0 
           17f40            17f40        0     1                 .L0 
           17f80            17f80        0     1                 .L0 
           17fb0            17fb0        0     1                 .L0 
           17fe0            17fe0        0     1                 .L0 
           18010            18010        0     1                 .L0 
           18040            18040        0     1                 .L0 
           18070            18070        0     1                 .L0 
           180a0            180a0        0     1                 .L0 
           180d0            180d0        0     1                 .L0 
           18100            18100        0     1                 .L0 
           18130            18130        0     1                 .L0 
           18160            18160        0     1                 .L0 
           18190            18190        0     1                 .L0 
           181c0            181c0        0     1                 .L0 
           181f0            181f0        0     1                 .L0 
           18230            18230        0     1                 .L0 
           18270            18270        0     1                 .L0 
           182b0            182b0        0     1                 .L0 
           182e0            182e0        0     1                 .L0 
           18310            18310        0     1                 .L0 
           18350            18350        0     1                 .L0 
           18380            18380        0     1                 .L0 
           183b0            183b0        0     1                 .L0 
           183e0            183e0        0     1                 .L0 
           18410            18410        0     1                 .L0 
           18440            18440        0     1                 .L0 
           18470            18470        0     1                 .L0 
           184a0            184a0        0     1                 .L0 
           184d0            184d0        0     1                 .L0 
           18500            18500        0     1                 .L0 
           18530            18530        0     1                 .L0 
           18560            18560        0     1                 .L0 
           18590            18590        0     1                 .L0 
           185d0            185d0        0     1                 .L0 
           18610            18610        0     1                 .L0 
           18640            18640        0     1                 .L0 
           18680            18680        0     1                 .L0 
           186b0            186b0        0     1                 .L0 
           186e0            186e0        0     1                 .L0 
           18710            18710        0     1                 .L0 
           18740            18740        0     1                 .L0 
           18770            18770        0     1                 .L0 
           187a0            187a0        0     1                 .L0 
           187d0            187d0        0     1                 .L0 
           18800            18800        0     1                 .L0 
           18840            18840        0     1                 .L0 
           18880            18880        0     1                 .L0 
           188c0            188c0        0     1                 .L0 
           18900            18900        0     1                 .L0 
           18930            18930        0     1                 .L0 
           18960            18960        0     1                 .L0 
           189b0            189b0        0     1                 .L0 
           189f0            189f0        0     1                 .L0 
           18a40            18a40        0     1                 .L0 
           18a90            18a90        0     1                 .L0 
           18ac0            18ac0        0     1                 .L0 
           18af0            18af0        0     1                 .L0 
           18b20            18b20        0     1                 .L0 
           18b60            18b60        0     1                 .L0 
           18ba0            18ba0        0     1                 .L0 
           18be0            18be0        0     1                 .L0 
           18c20            18c20        0     1                 .L0 
           18c60            18c60        0     1                 .L0 
           18ca0            18ca0        0     1                 .L0 
           18cd0            18cd0        0     1                 .L0 
           18d00            18d00        0     1                 .L0 
           18d30            18d30        0     1                 .L0 
           18d70            18d70        0     1                 .L0 
           18db0            18db0        0     1                 .L0 
           18de0            18de0        0     1                 .L0 
           18e10            18e10        0     1                 .L0 
           18e40            18e40        0     1                 .L0 
           18e70            18e70        0     1                 .L0 
           18ea0            18ea0        0     1                 .L0 
           18ed0            18ed0        0     1                 .L0 
           18f30            18f30        0     1                 .L0 
           18f90            18f90        0     1                 .L0 
           18fc0            18fc0        0     1                 .L0 
           19010            19010        0     1                 .L0 
           19070            19070        0     1                 .L0 
           190d0            190d0        0     1                 .L0 
           19130            19130        0     1                 .L0 
           19160            19160        0     1                 .L0 
           19190            19190        0     1                 .L0 
           191c0            191c0        0     1                 .L0 
           191f0            191f0        0     1                 .L0 
           19220            19220        0     1                 .L0 
           19260            19260        0     1                 .L0 
           19290            19290        0     1                 .L0 
           192c0            192c0        0     1                 .L0 
           192f0            192f0        0     1                 .L0 
           19320            19320        0     1                 .L0 
           19350            19350        0     1                 .L0 
           19380            19380        0     1                 .L0 
           193c0            193c0        0     1                 .L0 
           19400            19400        0     1                 .L0 
           19430            19430        0     1                 .L0 
           19460            19460        0     1                 .L0 
           19490            19490        0     1                 .L0 
           194c0            194c0        0     1                 .L0 
           194f0            194f0        0     1                 .L0 
           19530            19530        0     1                 .L0 
           19570            19570        0     1                 .L0 
           195a0            195a0        0     1                 .L0 
           195d0            195d0        0     1                 .L0 
           19610            19610        0     1                 .L0 
           19650            19650        0     1                 .L0 
           19680            19680        0     1                 .L0 
           196d0            196d0        0     1                 .L0 
           19700            19700        0     1                 .L0 
           19730            19730        0     1                 .L0 
           19760            19760        0     1                 .L0 
           19790            19790        0     1                 .L0 
           197c0            197c0        0     1                 .L0 
           197f0            197f0        0     1                 .L0 
           19830            19830        0     1                 .L0 
           19870            19870        0     1                 .L0 
           198a0            198a0        0     1                 .L0 
           198d0            198d0        0     1                 .L0 
           19900            19900        0     1                 .L0 
           19930            19930        0     1                 .L0 
           19960            19960        0     1                 .L0 
           199d0            199d0        0     1                 .L0 
           19a30            19a30        0     1                 .L0 
           19a90            19a90        0     1                 .L0 
           19af0            19af0        0     1                 .L0 
           19b50            19b50        0     1                 .L0 
           19bb0            19bb0        0     1                 .L0 
           19c10            19c10        0     1                 .L0 
           19c70            19c70        0     1                 .L0 
           19cb0            19cb0        0     1                 .L0 
           19cf0            19cf0        0     1                 .L0 
           19d20            19d20        0     1                 .L0 
           19d50            19d50        0     1                 .L0 
           19d80            19d80        0     1                 .L0 
           19df0            19df0        0     1                 .L0 
           19e50            19e50        0     1                 .L0 
           19eb0            19eb0        0     1                 .L0 
           19f10            19f10        0     1                 .L0 
           19f70            19f70        0     1                 .L0 
           19fd0            19fd0        0     1                 .L0 
           1a030            1a030        0     1                 .L0 
           1a090            1a090        0     1                 .L0 
           1a0d0            1a0d0        0     1                 .L0 
           1a110            1a110        0     1                 .L0 
           1a140            1a140        0     1                 .L0 
           1a170            1a170        0     1                 .L0 
           1a1a0            1a1a0        0     1                 .L0 
           1a200            1a200        0     1                 .L0 
           1a250            1a250        0     1                 .L0 
           1a2a0            1a2a0        0     1                 .L0 
           1a2f0            1a2f0        0     1                 .L0 
           1a340            1a340        0     1                 .L0 
           1a390            1a390        0     1                 .L0 
           1a3e0            1a3e0        0     1                 .L0 
           1a430            1a430        0     1                 .L0 
           1a470            1a470        0     1                 .L0 
           1a4b0            1a4b0        0     1                 .L0 
           1a4e0            1a4e0        0     1                 .L0 
           1a510            1a510        0     1                 .L0 
           1a540            1a540        0     1                 .L0 
           1a5b0            1a5b0        0     1                 .L0 
           1a610            1a610        0     1                 .L0 
           1a670            1a670        0     1                 .L0 
           1a6d0            1a6d0        0     1                 .L0 
           1a730            1a730        0     1                 .L0 
           1a790            1a790        0     1                 .L0 
           1a7f0            1a7f0        0     1                 .L0 
           1a850            1a850        0     1                 .L0 
           1a890            1a890        0     1                 .L0 
           1a8d0            1a8d0        0     1                 .L0 
           1a910            1a910        0     1                 .L0 
           1a940            1a940        0     1                 .L0 
           1a970            1a970        0     1                 .L0 
           1a9a0            1a9a0        0     1                 .L0 
           1aa10            1aa10        0     1                 .L0 
           1aa70            1aa70        0     1                 .L0 
           1aad0            1aad0        0     1                 .L0 
           1ab30            1ab30        0     1                 .L0 
           1ab90            1ab90        0     1                 .L0 
           1abf0            1abf0        0     1                 .L0 
           1ac50            1ac50        0     1                 .L0 
           1acb0            1acb0        0     1                 .L0 
           1acf0            1acf0        0     1                 .L0 
           1ad30            1ad30        0     1                 .L0 
           1ad70            1ad70        0     1                 .L0 
           1ae30            1ae30        0     1                 .L0 
           1aee0            1aee0        0     1                 .L0 
           1af90            1af90        0     1                 .L0 
           1b040            1b040        0     1                 .L0 
           1b070            1b070        0     1                 .L0 
           1b0a0            1b0a0        0     1                 .L0 
           1b160            1b160        0     1                 .L0 
           1b210            1b210        0     1                 .L0 
           1b2c0            1b2c0        0     1                 .L0 
           1b370            1b370        0     1                 .L0 
           1b3a0            1b3a0        0     1                 .L0 
           1b3d0            1b3d0        0     1                 .L0 
           1d240            1d240       f0     1         /home/ryoj/.rustup/toolchains/nightly-x86_64-unknown-linux-gnu/lib/rustlib/riscv64gc-unknown-none-elf/lib/libcompiler_builtins-2a5cb67947d74c27.rlib(compiler_builtins-2a5cb67947d74c27.compiler_builtins.ec69ba36cb2ef42e-cgu.114.rcgu.o):(.debug_ranges)
           1d240            1d240        0     1                 .L0 
           1d240            1d240        0     1                 $d
           1d270            1d270        0     1                 .L0 
           1d2a0            1d2a0        0     1                 .L0 
           1d2d0            1d2d0        0     1                 .L0 
           1d300            1d300        0     1                 .L0 
           1d330            1d330       60     1         /home/ryoj/.rustup/toolchains/nightly-x86_64-unknown-linux-gnu/lib/rustlib/riscv64gc-unknown-none-elf/lib/libcompiler_builtins-2a5cb67947d74c27.rlib(compiler_builtins-2a5cb67947d74c27.compiler_builtins.ec69ba36cb2ef42e-cgu.137.rcgu.o):(.debug_ranges)
           1d330            1d330        0     1                 .L0 
           1d330            1d330        0     1                 $d
           1d360            1d360        0     1                 .L0 
           1d390            1d390       60     1         /home/ryoj/.rustup/toolchains/nightly-x86_64-unknown-linux-gnu/lib/rustlib/riscv64gc-unknown-none-elf/lib/libcompiler_builtins-2a5cb67947d74c27.rlib(compiler_builtins-2a5cb67947d74c27.compiler_builtins.ec69ba36cb2ef42e-cgu.242.rcgu.o):(.debug_ranges)
           1d390            1d390        0     1                 .L0 
           1d390            1d390        0     1                 $d
           1d3c0            1d3c0        0     1                 .L0 
           1d3f0            1d3f0      250     1         /home/ryoj/.rustup/toolchains/nightly-x86_64-unknown-linux-gnu/lib/rustlib/riscv64gc-unknown-none-elf/lib/libcompiler_builtins-2a5cb67947d74c27.rlib(compiler_builtins-2a5cb67947d74c27.compiler_builtins.ec69ba36cb2ef42e-cgu.010.rcgu.o):(.debug_ranges)
           1d3f0            1d3f0        0     1                 .L0 
           1d3f0            1d3f0        0     1                 $d
           1d420            1d420        0     1                 .L0 
           1d450            1d450        0     1                 .L0 
           1d480            1d480        0     1                 .L0 
           1d4b0            1d4b0        0     1                 .L0 
           1d4e0            1d4e0        0     1                 .L0 
           1d510            1d510        0     1                 .L0 
           1d540            1d540        0     1                 .L0 
           1d570            1d570        0     1                 .L0 
           1d5a0            1d5a0        0     1                 .L0 
           1d5d0            1d5d0        0     1                 .L0 
           1d600            1d600        0     1                 .L0 
           1d640            1d640       b0     1         /home/ryoj/.rustup/toolchains/nightly-x86_64-unknown-linux-gnu/lib/rustlib/riscv64gc-unknown-none-elf/lib/libcompiler_builtins-2a5cb67947d74c27.rlib(compiler_builtins-2a5cb67947d74c27.compiler_builtins.ec69ba36cb2ef42e-cgu.273.rcgu.o):(.debug_ranges)
           1d640            1d640        0     1                 .L0 
           1d640            1d640        0     1                 $d
           1d670            1d670        0     1                 .L0 
           1d6a0            1d6a0        0     1                 .L0 
               0                0       b1     1 .debug_loc
               0                0       34     1         /home/ryoj/github.com/okamotonr/zoeax/target/riscv64gc-unknown-none-elf/debug/deps/liblibzoea-d046c76c35f03d68.rlib(libzoea-d046c76c35f03d68.62epki10gbitnkyexd3yoj901.rcgu.o):(.debug_loc)
               0                0        0     1                 .L0 
               0                0        0     1                 $d
              34               34       7d     1         /home/ryoj/github.com/okamotonr/zoeax/target/riscv64gc-unknown-none-elf/debug/deps/liblibzoea-d046c76c35f03d68.rlib(libzoea-d046c76c35f03d68.d1k6sczfudxi3v8kcd2a0e8de.rcgu.o):(.debug_loc)
              34               34        0     1                 .L0 
              34               34        0     1                 $d
              68               68        0     1                 .L0 
               0                0    238c8     8 .symtab
               0                0    238c8     8         <internal>:(.symtab)
               0                0       b9     1 .shstrtab
               0                0       b9     1         <internal>:(.shstrtab)
               0                0     a36c     1 .strtab
               0                0     a36c     1         <internal>:(.strtab)
