             VMA              LMA     Size Align Out     In      Symbol
               0                0  1000000     1 . = 0x0000000001000000
         1000000          1000000     3a40     4 .text
         1000000          1000000       18     4         /home/ryoj/github.com/okamotonr/zoeax/target/riscv64gc-unknown-none-elf/debug/deps/simple-0101cf89f4b245c2.78bgkblds1sb2rlubc8tech0l.rcgu.o:(.text.start)
         1000000          1000000        0     1                 .Lpcrel_hi0
         1000000          1000000        0     1                 $x
         1000000          1000000       18     1                 start
         1000018          1000018       32     2         /home/ryoj/github.com/okamotonr/zoeax/target/riscv64gc-unknown-none-elf/debug/deps/simple-0101cf89f4b245c2.014mozmccwsaraopjsbxlwieb.rcgu.o:(.text.main)
         1000018          1000018        0     1                 .L0 
         1000018          1000018        0     1                 .L0 
         1000018          1000018        0     1                 $x
         1000018          1000018        0     1                 .L0 
         1000018          1000018       32     1                 main
         100001c          100001c        0     1                 .L0 
         1000024          1000024        0     1                 .Lpcrel_hi0
         1000046          1000046        0     1                 .L0 
         100004a          100004a        0     1                 .L0 
         100004a          100004a       22     2         /home/ryoj/github.com/okamotonr/zoeax/target/riscv64gc-unknown-none-elf/debug/deps/simple-0101cf89f4b245c2.0ci7llxa7ge03455101h9wcqu.rcgu.o:(.text._ZN4core3fmt2rt8Argument9new_debug17h0ef65b8c4710e74bE)
         100004a          100004a        0     1                 .L0 
         100004a          100004a        0     1                 .L0 
         100004a          100004a        0     1                 $x
         100004a          100004a        0     1                 .L0 
         100004a          100004a       22     1                 core::fmt::rt::Argument::new_debug::h0ef65b8c4710e74b
         1000054          1000054        0     1                 .L0 
         1000054          1000054        0     1                 .L0 
         1000056          1000056        0     1                 .Lpcrel_hi0
         1000060          1000060        0     1                 .L0 
         1000068          1000068        0     1                 .L0 
         100006c          100006c        0     1                 .L0 
         100006c          100006c       18     2         /home/ryoj/github.com/okamotonr/zoeax/target/riscv64gc-unknown-none-elf/debug/deps/simple-0101cf89f4b245c2.3cmuxgfugjvld5x6gsivqivdr.rcgu.o:(.text._ZN42_$LT$$RF$T$u20$as$u20$core..fmt..Debug$GT$3fmt17h4551edded6c63db1E)
         100006c          100006c        0     1                 .L0 
         100006c          100006c        0     1                 .L0 
         100006c          100006c        0     1                 $x
         100006c          100006c        0     1                 .L0 
         100006c          100006c       18     1                 _$LT$$RF$T$u20$as$u20$core..fmt..Debug$GT$::fmt::h4551edded6c63db1
         1000074          1000074        0     1                 .L0 
         1000076          1000076        0     1                 .L0 
         1000080          1000080        0     1                 .L0 
         1000084          1000084        0     1                 .L0 
         1000084          1000084       68     2         /home/ryoj/github.com/okamotonr/zoeax/target/riscv64gc-unknown-none-elf/debug/deps/simple-0101cf89f4b245c2.4k8ptcz5u509fdcblev779ekg.rcgu.o:(.text._ZN4core3fmt3num50_$LT$impl$u20$core..fmt..Debug$u20$for$u20$u32$GT$3fmt17hbebf2ea7225d1170E)
         1000084          1000084        0     1                 .L0 
         1000084          1000084        0     1                 .L0 
         1000084          1000084        0     1                 $x
         1000084          1000084        0     1                 .L0 
         1000084          1000084       68     1                 core::fmt::num::_$LT$impl$u20$core..fmt..Debug$u20$for$u20$u32$GT$::fmt::hbebf2ea7225d1170
         1000090          1000090        0     1                 .L0 
         100009a          100009a        0     1                 .L0 
         100009c          100009c        0     1                 .L0 
         10000a8          10000a8        0     1                 .L0 
         10000ac          10000ac        0     1                 .L0 
         10000ba          10000ba        0     1                 .L0 
         10000be          10000be        0     1                 .L0 
         10000cc          10000cc        0     1                 .L0 
         10000d0          10000d0        0     1                 .L0 
         10000de          10000de        0     1                 .L0 
         10000e0          10000e0        0     1                 .L0 
         10000e8          10000e8        0     1                 .L0 
         10000ec          10000ec        0     1                 .L0 
         10000ec          10000ec        0     1                 .L0 
         10000ec          10000ec        0     1                 .L0 
         10000ec          10000ec       18     2         /home/ryoj/github.com/okamotonr/zoeax/target/riscv64gc-unknown-none-elf/debug/deps/simple-0101cf89f4b245c2.6c555id1td37ajntschl5tzef.rcgu.o:(.text._ZN42_$LT$$RF$T$u20$as$u20$core..fmt..Debug$GT$3fmt17h1edd49052d558eb3E)
         10000ec          10000ec        0     1                 .L0 
         10000ec          10000ec        0     1                 .L0 
         10000ec          10000ec        0     1                 $x
         10000ec          10000ec        0     1                 .L0 
         10000ec          10000ec       18     1                 _$LT$$RF$T$u20$as$u20$core..fmt..Debug$GT$::fmt::h1edd49052d558eb3
         10000f4          10000f4        0     1                 .L0 
         10000f6          10000f6        0     1                 .L0 
         1000100          1000100        0     1                 .L0 
         1000104          1000104        0     1                 .L0 
         1000104          1000104       18     2         /home/ryoj/github.com/okamotonr/zoeax/target/riscv64gc-unknown-none-elf/debug/deps/simple-0101cf89f4b245c2.6c555id1td37ajntschl5tzef.rcgu.o:(.text._ZN42_$LT$$RF$T$u20$as$u20$core..fmt..Debug$GT$3fmt17h4eee5496bf8165c0E)
         1000104          1000104        0     1                 .L0 
         1000104          1000104        0     1                 .L0 
         1000104          1000104        0     1                 $x
         1000104          1000104        0     1                 .L0 
         1000104          1000104       18     1                 _$LT$$RF$T$u20$as$u20$core..fmt..Debug$GT$::fmt::h4eee5496bf8165c0
         100010c          100010c        0     1                 .L0 
         100010e          100010e        0     1                 .L0 
         1000118          1000118        0     1                 .L0 
         100011c          100011c        0     1                 .L0 
         100011c          100011c       18     2         /home/ryoj/github.com/okamotonr/zoeax/target/riscv64gc-unknown-none-elf/debug/deps/simple-0101cf89f4b245c2.6c555id1td37ajntschl5tzef.rcgu.o:(.text._ZN42_$LT$$RF$T$u20$as$u20$core..fmt..Debug$GT$3fmt17h9bed2f0af01852afE)
         100011c          100011c        0     1                 .L0 
         100011c          100011c        0     1                 .L0 
         100011c          100011c        0     1                 $x
         100011c          100011c        0     1                 .L0 
         100011c          100011c       18     1                 _$LT$$RF$T$u20$as$u20$core..fmt..Debug$GT$::fmt::h9bed2f0af01852af
         1000124          1000124        0     1                 .L0 
         1000126          1000126        0     1                 .L0 
         1000130          1000130        0     1                 .L0 
         1000134          1000134        0     1                 .L0 
         1000134          1000134       1e     2         /home/ryoj/github.com/okamotonr/zoeax/target/riscv64gc-unknown-none-elf/debug/deps/simple-0101cf89f4b245c2.6c555id1td37ajntschl5tzef.rcgu.o:(.text._ZN42_$LT$$RF$T$u20$as$u20$core..fmt..Debug$GT$3fmt17hb92164aa7d4ed9c1E)
         1000134          1000134        0     1                 .L0 
         1000134          1000134        0     1                 .L0 
         1000134          1000134        0     1                 $x
         1000134          1000134        0     1                 .L0 
         1000134          1000134       1e     1                 _$LT$$RF$T$u20$as$u20$core..fmt..Debug$GT$::fmt::hb92164aa7d4ed9c1
         1000140          1000140        0     1                 .L0 
         1000144          1000144        0     1                 .L0 
         100014e          100014e        0     1                 .L0 
         1000152          1000152        0     1                 .L0 
         1000152          1000152       20     2         /home/ryoj/github.com/okamotonr/zoeax/target/riscv64gc-unknown-none-elf/debug/deps/simple-0101cf89f4b245c2.6c555id1td37ajntschl5tzef.rcgu.o:(.text._ZN4core3fmt9Arguments6new_v117h1692927a31a59490E)
         1000152          1000152        0     1                 .L0 
         1000152          1000152        0     1                 .L0 
         1000152          1000152        0     1                 $x
         1000152          1000152        0     1                 .L0 
         1000152          1000152       20     1                 core::fmt::Arguments::new_v1::h1692927a31a59490
         100015e          100015e        0     1                 .L0 
         100016e          100016e        0     1                 .L0 
         1000172          1000172        0     1                 .L0 
         1000172          1000172       1e     2         /home/ryoj/github.com/okamotonr/zoeax/target/riscv64gc-unknown-none-elf/debug/deps/simple-0101cf89f4b245c2.6c555id1td37ajntschl5tzef.rcgu.o:(.text._ZN4core3fmt9Arguments6new_v117h7fcb3c6169ba555dE)
         1000172          1000172        0     1                 .L0 
         1000172          1000172        0     1                 .L0 
         1000172          1000172        0     1                 $x
         1000172          1000172        0     1                 .L0 
         1000172          1000172       1e     1                 core::fmt::Arguments::new_v1::h7fcb3c6169ba555d
         100017e          100017e        0     1                 .L0 
         100018c          100018c        0     1                 .L0 
         1000190          1000190        0     1                 .L0 
         1000190          1000190       3e     2         /home/ryoj/github.com/okamotonr/zoeax/target/riscv64gc-unknown-none-elf/debug/deps/simple-0101cf89f4b245c2.78bgkblds1sb2rlubc8tech0l.rcgu.o:(.text.rust_begin_unwind)
         1000190          1000190        0     1                 .L0 
         1000190          1000190        0     1                 .L0 
         1000190          1000190        0     1                 $x
         1000190          1000190        0     1                 .L0 
         1000190          1000190       3e     1                 rust_begin_unwind
         100019a          100019a        0     1                 .L0 
         10001aa          10001aa        0     1                 .Lpcrel_hi1
         10001cc          10001cc        0     1                 .L0 
         10001ce          10001ce        0     1                 .L0 
         10001ce          10001ce        0     1                 .L0 
         10001ce          10001ce        0     1                 .L0 
         10001ce          10001ce       2a     2         /home/ryoj/github.com/okamotonr/zoeax/target/riscv64gc-unknown-none-elf/debug/deps/simple-0101cf89f4b245c2.78bgkblds1sb2rlubc8tech0l.rcgu.o:(.text.exit)
         10001ce          10001ce        0     1                 .L0 
         10001ce          10001ce        0     1                 .L0 
         10001ce          10001ce        0     1                 $x
         10001ce          10001ce        0     1                 .L0 
         10001ce          10001ce       2a     1                 exit
         10001d2          10001d2        0     1                 .Lpcrel_hi2
         10001d2          10001d2        0     1                 .L0 
         10001e8          10001e8        0     1                 .Lpcrel_hi3
         10001f8          10001f8        0     1                 .L0 
         10001f8          10001f8       76     2         /home/ryoj/github.com/okamotonr/zoeax/target/riscv64gc-unknown-none-elf/debug/deps/simple-0101cf89f4b245c2.bbtj7yh27xa7o1821hiqe28jo.rcgu.o:(.text._ZN68_$LT$core..panic..location..Location$u20$as$u20$core..fmt..Debug$GT$3fmt17h33af7eb434f4dc86E)
         10001f8          10001f8        0     1                 .L0 
         10001f8          10001f8        0     1                 .L0 
         10001f8          10001f8        0     1                 $x
         10001f8          10001f8        0     1                 .L0 
         10001f8          10001f8       76     1                 _$LT$core..panic..location..Location$u20$as$u20$core..fmt..Debug$GT$::fmt::h33af7eb434f4dc86
         1000206          1000206        0     1                 .L0 
         100020a          100020a        0     1                 .L0 
         1000210          1000210        0     1                 .Lpcrel_hi0
         1000210          1000210        0     1                 .L0 
         1000224          1000224        0     1                 .Lpcrel_hi1
         100022e          100022e        0     1                 .Lpcrel_hi2
         100023e          100023e        0     1                 .Lpcrel_hi3
         1000246          1000246        0     1                 .Lpcrel_hi4
         100024e          100024e        0     1                 .Lpcrel_hi5
         1000256          1000256        0     1                 .Lpcrel_hi6
         100026a          100026a        0     1                 .L0 
         100026e          100026e        0     1                 .L0 
         100026e          100026e        2     2         /home/ryoj/github.com/okamotonr/zoeax/target/riscv64gc-unknown-none-elf/debug/deps/simple-0101cf89f4b245c2.c8qg6468ihfywtdgov19k2bzr.rcgu.o:(.text._ZN4core3fmt2rt8Argument4none17he2f0bf396709975aE)
         100026e          100026e        0     1                 .L0 
         100026e          100026e        0     1                 .L0 
         100026e          100026e        0     1                 $x
         100026e          100026e        0     1                 .L0 
         100026e          100026e        2     1                 core::fmt::rt::Argument::none::he2f0bf396709975a
         1000270          1000270        0     1                 .L0 
         1000270          1000270       96     2         /home/ryoj/github.com/okamotonr/zoeax/target/riscv64gc-unknown-none-elf/debug/deps/simple-0101cf89f4b245c2.dqizn9hupahkeuy6rr6bsm830.rcgu.o:(.text._ZN71_$LT$core..panic..panic_info..PanicInfo$u20$as$u20$core..fmt..Debug$GT$3fmt17hdcacd7d1c9d15d0cE)
         1000270          1000270        0     1                 .L0 
         1000270          1000270        0     1                 .L0 
         1000270          1000270        0     1                 $x
         1000270          1000270        0     1                 .L0 
         1000270          1000270       96     1                 _$LT$core..panic..panic_info..PanicInfo$u20$as$u20$core..fmt..Debug$GT$::fmt::hdcacd7d1c9d15d0c
         100027e          100027e        0     1                 .L0 
         1000282          1000282        0     1                 .L0 
         1000286          1000286        0     1                 .L0 
         100028c          100028c        0     1                 .Lpcrel_hi0
         100028c          100028c        0     1                 .L0 
         10002a0          10002a0        0     1                 .Lpcrel_hi1
         10002aa          10002aa        0     1                 .Lpcrel_hi2
         10002ba          10002ba        0     1                 .Lpcrel_hi3
         10002c4          10002c4        0     1                 .Lpcrel_hi4
         10002d4          10002d4        0     1                 .Lpcrel_hi5
         10002dc          10002dc        0     1                 .Lpcrel_hi6
         10002e4          10002e4        0     1                 .Lpcrel_hi7
         10002ec          10002ec        0     1                 .Lpcrel_hi8
         1000302          1000302        0     1                 .L0 
         1000306          1000306        0     1                 .L0 
         1000306          1000306       18     2         /home/ryoj/github.com/okamotonr/zoeax/target/riscv64gc-unknown-none-elf/debug/deps/simple-0101cf89f4b245c2.dspmjnq83ofmxcdk90lfte6o8.rcgu.o:(.text._ZN42_$LT$$RF$T$u20$as$u20$core..fmt..Debug$GT$3fmt17h2d846e1f09df3ef6E)
         1000306          1000306        0     1                 .L0 
         1000306          1000306        0     1                 .L0 
         1000306          1000306        0     1                 $x
         1000306          1000306        0     1                 .L0 
         1000306          1000306       18     1                 _$LT$$RF$T$u20$as$u20$core..fmt..Debug$GT$::fmt::h2d846e1f09df3ef6
         100030e          100030e        0     1                 .L0 
         1000310          1000310        0     1                 .L0 
         100031a          100031a        0     1                 .L0 
         100031e          100031e        0     1                 .L0 
         100031e          100031e       16     2         /home/ryoj/github.com/okamotonr/zoeax/target/riscv64gc-unknown-none-elf/debug/deps/simple-0101cf89f4b245c2.eof950gecqotsbxi5h23f2st6.rcgu.o:(.text._ZN41_$LT$bool$u20$as$u20$core..fmt..Debug$GT$3fmt17h0611d709ea6e1b8bE)
         100031e          100031e        0     1                 .L0 
         100031e          100031e        0     1                 .L0 
         100031e          100031e        0     1                 $x
         100031e          100031e        0     1                 .L0 
         100031e          100031e       16     1                 _$LT$bool$u20$as$u20$core..fmt..Debug$GT$::fmt::h0611d709ea6e1b8b
         1000326          1000326        0     1                 .L0 
         1000330          1000330        0     1                 .L0 
         1000334          1000334        0     1                 .L0 
         1000334          1000334       a6     2         /home/ryoj/github.com/okamotonr/zoeax/target/riscv64gc-unknown-none-elf/debug/deps/liblibzoea-d046c76c35f03d68.rlib(libzoea-d046c76c35f03d68.62epki10gbitnkyexd3yoj901.rcgu.o):(.text._ZN59_$LT$libzoea..SyscallWriter$u20$as$u20$core..fmt..Write$GT$9write_str17h3afad457c87eac5cE)
         1000334          1000334        0     1                 .L0 
         1000334          1000334        0     1                 .L0 
         1000334          1000334        0     1                 $x
         1000334          1000334        0     1                 .L0 
         1000334          1000334       a6     1                 _$LT$libzoea..SyscallWriter$u20$as$u20$core..fmt..Write$GT$::write_str::h3afad457c87eac5c
         100034e          100034e        0     1                 .L0 
         100035a          100035a        0     1                 .L0 
         100035a          100035a        0     1                 .L0 
         100035c          100035c        0     1                 .L0 
         100035e          100035e        0     1                 .L0 
         100036e          100036e        0     1                 .L0 
         100036e          100036e        0     1                 .L0 
         1000370          1000370        0     1                 .L0 
         1000374          1000374        0     1                 .L0 
         100037c          100037c        0     1                 .L0 
         1000380          1000380        0     1                 .L0 
         1000380          1000380        0     1                 .L0 
         1000384          1000384        0     1                 .L0 
         1000384          1000384        0     1                 .L0 
         100038e          100038e        0     1                 .L0 
         100038e          100038e        0     1                 .L0 
         1000396          1000396        0     1                 .L0 
         1000396          1000396        0     1                 .L0 
         100039a          100039a        0     1                 .L0 
         100039e          100039e        0     1                 .L0 
         10003ae          10003ae        0     1                 .Lpcrel_hi0
         10003ae          10003ae        0     1                 .L0 
         10003ae          10003ae        0     1                 .L0 
         10003b6          10003b6        0     1                 .Lpcrel_hi1
         10003be          10003be        0     1                 .Lpcrel_hi2
         10003d4          10003d4        0     1                 .L0 
         10003d8          10003d8        0     1                 .L0 
         10003d8          10003d8        0     1                 .L0 
         10003da          10003da        0     1                 .L0 
         10003da          10003da        0     1                 .L0 
         10003da          10003da        0     1                 .L0 
         10003da          10003da        0     1                 .L0 
         10003da          10003da       66     2         /home/ryoj/github.com/okamotonr/zoeax/target/riscv64gc-unknown-none-elf/debug/deps/liblibzoea-d046c76c35f03d68.rlib(libzoea-d046c76c35f03d68.62epki10gbitnkyexd3yoj901.rcgu.o):(.text._ZN7libzoea6_print17hae941645b03fdb3cE)
         10003da          10003da        0     1                 .L0 
         10003da          10003da        0     1                 .L0 
         10003da          10003da        0     1                 $x
         10003da          10003da        0     1                 .L0 
         10003da          10003da       66     1                 libzoea::_print::hae941645b03fdb3c
         10003de          10003de        0     1                 .L0 
         10003de          10003de        0     1                 .L0 
         1000408          1000408        0     1                 .L0 
         1000408          1000408        0     1                 .L0 
         100040e          100040e        0     1                 .L0 
         1000412          1000412        0     1                 .Lpcrel_hi3
         1000412          1000412        0     1                 .L0 
         1000412          1000412        0     1                 .L0 
         100041a          100041a        0     1                 .Lpcrel_hi4
         1000422          1000422        0     1                 .Lpcrel_hi5
         100043a          100043a        0     1                 .L0 
         100043a          100043a        0     1                 .L0 
         100043c          100043c        0     1                 .L0 
         1000440          1000440        0     1                 .L0 
         1000440          1000440        0     1                 .L0 
         1000440          1000440        0     1                 .L0 
         1000440          1000440       28     2         /home/ryoj/github.com/okamotonr/zoeax/target/riscv64gc-unknown-none-elf/debug/deps/liblibzoea-d046c76c35f03d68.rlib(libzoea-d046c76c35f03d68.11ddw8hbt06bt5z9ggm2rjew5.rcgu.o):(.text._ZN4core5slice4iter87_$LT$impl$u20$core..iter..traits..collect..IntoIterator$u20$for$u20$$RF$$u5b$T$u5d$$GT$9into_iter17h51a8efb1769fe5adE)
         1000440          1000440        0     1                 .L0 
         1000440          1000440        0     1                 .L0 
         1000440          1000440        0     1                 $x
         1000440          1000440        0     1                 .L0 
         1000440          1000440       28     1                 core::slice::iter::_$LT$impl$u20$core..iter..traits..collect..IntoIterator$u20$for$u20$$RF$$u5b$T$u5d$$GT$::into_iter::h51a8efb1769fe5ad
         100044a          100044a        0     1                 .L0 
         100044a          100044a        0     1                 .L0 
         100044c          100044c        0     1                 .L0 
         100044c          100044c        0     1                 .L0 
         1000450          1000450        0     1                 .L0 
         1000450          1000450        0     1                 .L0 
         1000452          1000452        0     1                 .L0 
         1000452          1000452        0     1                 .L0 
         1000454          1000454        0     1                 .L0 
         1000458          1000458        0     1                 .L0 
         1000458          1000458        0     1                 .L0 
         100045a          100045a        0     1                 .L0 
         100045a          100045a        0     1                 .L0 
         100045c          100045c        0     1                 .L0 
         100045e          100045e        0     1                 .L0 
         1000460          1000460        0     1                 .L0 
         1000462          1000462        0     1                 .L0 
         1000462          1000462        0     1                 .L0 
         1000464          1000464        0     1                 .L0 
         1000464          1000464        0     1                 .L0 
         1000468          1000468        0     1                 .L0 
         1000468          1000468        0     1                 .L0 
         1000468          1000468        0     1                 .L0 
         1000468          1000468       6c     2         /home/ryoj/github.com/okamotonr/zoeax/target/riscv64gc-unknown-none-elf/debug/deps/liblibzoea-d046c76c35f03d68.rlib(libzoea-d046c76c35f03d68.11ddw8hbt06bt5z9ggm2rjew5.rcgu.o):(.text._ZN91_$LT$core..slice..iter..Iter$LT$T$GT$$u20$as$u20$core..iter..traits..iterator..Iterator$GT$4next17h6921875cbfac4689E)
         1000468          1000468        0     1                 .L0 
         1000468          1000468        0     1                 .L0 
         1000468          1000468        0     1                 $x
         1000468          1000468        0     1                 .L0 
         1000468          1000468       6c     1                 _$LT$core..slice..iter..Iter$LT$T$GT$$u20$as$u20$core..iter..traits..iterator..Iterator$GT$::next::h6921875cbfac4689
         1000470          1000470        0     1                 .L0 
         1000470          1000470        0     1                 .L0 
         1000472          1000472        0     1                 .L0 
         1000472          1000472        0     1                 .L0 
         1000474          1000474        0     1                 .L0 
         1000474          1000474        0     1                 .L0 
         1000476          1000476        0     1                 .L0 
         1000478          1000478        0     1                 .L0 
         100047e          100047e        0     1                 .L0 
         1000482          1000482        0     1                 .L0 
         1000482          1000482        0     1                 .L0 
         1000486          1000486        0     1                 .L0 
         1000488          1000488        0     1                 .L0 
         1000488          1000488        0     1                 .L0 
         100048a          100048a        0     1                 .L0 
         100048a          100048a        0     1                 .L0 
         100048c          100048c        0     1                 .L0 
         1000496          1000496        0     1                 .L0 
         1000498          1000498        0     1                 .L0 
         10004a2          10004a2        0     1                 .L0 
         10004a4          10004a4        0     1                 .L0 
         10004a4          10004a4        0     1                 .L0 
         10004a8          10004a8        0     1                 .L0 
         10004a8          10004a8        0     1                 .L0 
         10004aa          10004aa        0     1                 .L0 
         10004aa          10004aa        0     1                 .L0 
         10004ac          10004ac        0     1                 .L0 
         10004ae          10004ae        0     1                 .L0 
         10004b0          10004b0        0     1                 .L0 
         10004b2          10004b2        0     1                 .L0 
         10004b2          10004b2        0     1                 .L0 
         10004b8          10004b8        0     1                 .L0 
         10004b8          10004b8        0     1                 .L0 
         10004ba          10004ba        0     1                 .L0 
         10004ba          10004ba        0     1                 .L0 
         10004be          10004be        0     1                 .L0 
         10004be          10004be        0     1                 .L0 
         10004c0          10004c0        0     1                 .L0 
         10004c0          10004c0        0     1                 .L0 
         10004c2          10004c2        0     1                 .L0 
         10004c2          10004c2        0     1                 .L0 
         10004c4          10004c4        0     1                 .L0 
         10004c4          10004c4        0     1                 .L0 
         10004c6          10004c6        0     1                 .L0 
         10004c8          10004c8        0     1                 .L0 
         10004c8          10004c8        0     1                 .L0 
         10004ca          10004ca        0     1                 .L0 
         10004ca          10004ca        0     1                 .L0 
         10004cc          10004cc        0     1                 .L0 
         10004ce          10004ce        0     1                 .L0 
         10004d0          10004d0        0     1                 .L0 
         10004d4          10004d4        0     1                 .L0 
         10004d4          10004d4        0     1                 .L0 
         10004d4          10004d4        0     1                 .L0 
         10004d4          10004d4       c4     2         /home/ryoj/github.com/okamotonr/zoeax/target/riscv64gc-unknown-none-elf/debug/deps/liblibzoea-d046c76c35f03d68.rlib(libzoea-d046c76c35f03d68.1fyysql7gpcg1hi2t0e6224pb.rcgu.o):(.text._ZN7libzoea7syscall7syscall17h5cf741584a287b15E)
         10004d4          10004d4        0     1                 .L0 
         10004d4          10004d4        0     1                 .L0 
         10004d4          10004d4        0     1                 $x
         10004d4          10004d4        0     1                 .L0 
         10004d4          10004d4       c4     1                 libzoea::syscall::syscall::h5cf741584a287b15
         100050c          100050c        0     1                 .L0 
         100050c          100050c        0     1                 .L0 
         1000512          1000512        0     1                 .L0 
         1000514          1000514        0     1                 .L0 
         1000518          1000518        0     1                 .L0 
         1000520          1000520        0     1                 .L0 
         1000526          1000526        0     1                 .L0 
         1000528          1000528        0     1                 .L0 
         100052a          100052a        0     1                 .L0 
         1000532          1000532        0     1                 .L0 
         1000534          1000534        0     1                 .L0 
         1000536          1000536        0     1                 .L0 
         1000542          1000542        0     1                 .L0 
         1000542          1000542        0     1                 .L0 
         1000546          1000546        0     1                 .L0 
         100054a          100054a        0     1                 .Lpcrel_hi0
         100054a          100054a        0     1                 .L0 
         100054a          100054a        0     1                 .L0 
         1000552          1000552        0     1                 .Lpcrel_hi1
         100055a          100055a        0     1                 .Lpcrel_hi2
         1000572          1000572        0     1                 .L0 
         1000574          1000574        0     1                 .L0 
         100057c          100057c        0     1                 .L0 
         100057c          100057c        0     1                 .L0 
         1000580          1000580        0     1                 .L0 
         1000580          1000580        0     1                 .L0 
         1000582          1000582        0     1                 .L0 
         1000590          1000590        0     1                 .L0 
         1000592          1000592        0     1                 .L0 
         1000592          1000592        0     1                 .L0 
         1000594          1000594        0     1                 .L0 
         1000598          1000598        0     1                 .L0 
         1000598          1000598        0     1                 .L0 
         1000598          1000598        0     1                 .L0 
         1000598          1000598       30     2         /home/ryoj/github.com/okamotonr/zoeax/target/riscv64gc-unknown-none-elf/debug/deps/liblibzoea-d046c76c35f03d68.rlib(libzoea-d046c76c35f03d68.1fyysql7gpcg1hi2t0e6224pb.rcgu.o):(.text._ZN7libzoea7syscall8put_char17hbd7de196dc5dfec1E)
         1000598          1000598        0     1                 .L0 
         1000598          1000598        0     1                 .L0 
         1000598          1000598        0     1                 $x
         1000598          1000598        0     1                 .L0 
         1000598          1000598       30     1                 libzoea::syscall::put_char::hbd7de196dc5dfec1
         10005a2          10005a2        0     1                 .L0 
         10005a4          10005a4        0     1                 .L0 
         10005a8          10005a8        0     1                 .L0 
         10005c4          10005c4        0     1                 .L0 
         10005c8          10005c8        0     1                 .L0 
         10005c8          10005c8       18     2         /home/ryoj/github.com/okamotonr/zoeax/target/riscv64gc-unknown-none-elf/debug/deps/liblibzoea-d046c76c35f03d68.rlib(libzoea-d046c76c35f03d68.3rdvxqvm1u8tl7tv32ldi8i29.rcgu.o):(.text._ZN42_$LT$$RF$T$u20$as$u20$core..fmt..Debug$GT$3fmt17h6c4b2dc7bdbe3070E)
         10005c8          10005c8        0     1                 .L0 
         10005c8          10005c8        0     1                 .L0 
         10005c8          10005c8        0     1                 $x
         10005c8          10005c8        0     1                 .L0 
         10005c8          10005c8       18     1                 _$LT$$RF$T$u20$as$u20$core..fmt..Debug$GT$::fmt::h6c4b2dc7bdbe3070
         10005d0          10005d0        0     1                 .L0 
         10005d2          10005d2        0     1                 .L0 
         10005dc          10005dc        0     1                 .L0 
         10005e0          10005e0        0     1                 .L0 
         10005e0          10005e0       5a     2         /home/ryoj/github.com/okamotonr/zoeax/target/riscv64gc-unknown-none-elf/debug/deps/liblibzoea-d046c76c35f03d68.rlib(libzoea-d046c76c35f03d68.3rdvxqvm1u8tl7tv32ldi8i29.rcgu.o):(.text._ZN50_$LT$$LP$U$C$T$RP$$u20$as$u20$core..fmt..Debug$GT$3fmt17hafa66791abca07b8E)
         10005e0          10005e0        0     1                 .L0 
         10005e0          10005e0        0     1                 .L0 
         10005e0          10005e0        0     1                 $x
         10005e0          10005e0        0     1                 .L0 
         10005e0          10005e0       5a     1                 _$LT$$LP$U$C$T$RP$$u20$as$u20$core..fmt..Debug$GT$::fmt::hafa66791abca07b8
         10005f2          10005f2        0     1                 .L0 
         10005fe          10005fe        0     1                 .L0 
         10005fe          10005fe        0     1                 .L0 
         1000604          1000604        0     1                 .Lpcrel_hi0
         1000604          1000604        0     1                 .L0 
         1000604          1000604        0     1                 .L0 
         1000618          1000618        0     1                 .Lpcrel_hi1
         100062c          100062c        0     1                 .L0 
         1000636          1000636        0     1                 .L0 
         100063a          100063a        0     1                 .L0 
         100063a          100063a       18     2         /home/ryoj/github.com/okamotonr/zoeax/target/riscv64gc-unknown-none-elf/debug/deps/liblibzoea-d046c76c35f03d68.rlib(libzoea-d046c76c35f03d68.4ovyf2qbb9bxjq708flu21mom.rcgu.o):(.text._ZN42_$LT$$RF$T$u20$as$u20$core..fmt..Debug$GT$3fmt17heae6ac028a1ebc79E)
         100063a          100063a        0     1                 .L0 
         100063a          100063a        0     1                 .L0 
         100063a          100063a        0     1                 $x
         100063a          100063a        0     1                 .L0 
         100063a          100063a       18     1                 _$LT$$RF$T$u20$as$u20$core..fmt..Debug$GT$::fmt::heae6ac028a1ebc79
         1000642          1000642        0     1                 .L0 
         1000644          1000644        0     1                 .L0 
         100064e          100064e        0     1                 .L0 
         1000652          1000652        0     1                 .L0 
         1000652          1000652       68     2         /home/ryoj/github.com/okamotonr/zoeax/target/riscv64gc-unknown-none-elf/debug/deps/liblibzoea-d046c76c35f03d68.rlib(libzoea-d046c76c35f03d68.90v6a6a7yuqmbqoxv26y8rbhg.rcgu.o):(.text._ZN4core3fmt3num50_$LT$impl$u20$core..fmt..Debug$u20$for$u20$u16$GT$3fmt17h3d52fc377dece499E)
         1000652          1000652        0     1                 .L0 
         1000652          1000652        0     1                 .L0 
         1000652          1000652        0     1                 $x
         1000652          1000652        0     1                 .L0 
         1000652          1000652       68     1                 core::fmt::num::_$LT$impl$u20$core..fmt..Debug$u20$for$u20$u16$GT$::fmt::h3d52fc377dece499
         100065e          100065e        0     1                 .L0 
         1000668          1000668        0     1                 .L0 
         100066a          100066a        0     1                 .L0 
         1000676          1000676        0     1                 .L0 
         100067a          100067a        0     1                 .L0 
         1000688          1000688        0     1                 .L0 
         100068c          100068c        0     1                 .L0 
         100069a          100069a        0     1                 .L0 
         100069e          100069e        0     1                 .L0 
         10006ac          10006ac        0     1                 .L0 
         10006ae          10006ae        0     1                 .L0 
         10006b6          10006b6        0     1                 .L0 
         10006ba          10006ba        0     1                 .L0 
         10006ba          10006ba        0     1                 .L0 
         10006ba          10006ba        0     1                 .L0 
         10006ba          10006ba      19e     2         /home/ryoj/github.com/okamotonr/zoeax/target/riscv64gc-unknown-none-elf/debug/deps/liblibzoea-d046c76c35f03d68.rlib(libzoea-d046c76c35f03d68.91y25lc9bwpr8lzzzbrsq2sf6.rcgu.o):(.text._ZN62_$LT$shared..err_kind..ErrKind$u20$as$u20$core..fmt..Debug$GT$3fmt17h760a9f44fea50c3dE)
         10006ba          10006ba        0     1                 .L0 
         10006ba          10006ba        0     1                 .L0 
         10006ba          10006ba        0     1                 $x
         10006ba          10006ba        0     1                 .L0 
         10006ba          10006ba      19e     1                 _$LT$shared..err_kind..ErrKind$u20$as$u20$core..fmt..Debug$GT$::fmt::h760a9f44fea50c3d
         10006c4          10006c4        0     1                 .L0 
         10006d0          10006d0        0     1                 .L0 
         10006d2          10006d2        0     1                 .L0 
         10006d4          10006d4        0     1                 .Lpcrel_hi0
         10006e4          10006e4        0     1                 .L0 
         10006e4          10006e4        0     1                 .Lpcrel_hi1
         10006f2          10006f2        0     1                 .L0 
         10006f4          10006f4        0     1                 .L0 
         10006f4          10006f4        0     1                 .Lpcrel_hi2
         10006f4          10006f4        0     1                 .L0 
         1000702          1000702        0     1                 .L0 
         1000704          1000704        0     1                 .L0 
         1000704          1000704        0     1                 .Lpcrel_hi3
         1000704          1000704        0     1                 .L0 
         1000712          1000712        0     1                 .L0 
         1000714          1000714        0     1                 .L0 
         1000714          1000714        0     1                 .Lpcrel_hi4
         1000714          1000714        0     1                 .L0 
         1000722          1000722        0     1                 .L0 
         1000724          1000724        0     1                 .L0 
         1000724          1000724        0     1                 .Lpcrel_hi5
         1000724          1000724        0     1                 .L0 
         1000732          1000732        0     1                 .L0 
         1000734          1000734        0     1                 .L0 
         1000734          1000734        0     1                 .Lpcrel_hi6
         1000734          1000734        0     1                 .L0 
         1000742          1000742        0     1                 .L0 
         1000744          1000744        0     1                 .L0 
         1000744          1000744        0     1                 .Lpcrel_hi7
         1000744          1000744        0     1                 .L0 
         1000752          1000752        0     1                 .L0 
         1000754          1000754        0     1                 .L0 
         1000754          1000754        0     1                 .Lpcrel_hi8
         1000754          1000754        0     1                 .L0 
         1000762          1000762        0     1                 .L0 
         1000764          1000764        0     1                 .L0 
         1000764          1000764        0     1                 .Lpcrel_hi9
         1000764          1000764        0     1                 .L0 
         1000772          1000772        0     1                 .L0 
         1000774          1000774        0     1                 .L0 
         1000774          1000774        0     1                 .Lpcrel_hi10
         1000774          1000774        0     1                 .L0 
         1000782          1000782        0     1                 .L0 
         1000784          1000784        0     1                 .L0 
         1000784          1000784        0     1                 .Lpcrel_hi11
         1000784          1000784        0     1                 .L0 
         1000792          1000792        0     1                 .L0 
         1000794          1000794        0     1                 .L0 
         1000794          1000794        0     1                 .Lpcrel_hi12
         1000794          1000794        0     1                 .L0 
         10007a2          10007a2        0     1                 .L0 
         10007a4          10007a4        0     1                 .L0 
         10007a4          10007a4        0     1                 .Lpcrel_hi13
         10007a4          10007a4        0     1                 .L0 
         10007b2          10007b2        0     1                 .L0 
         10007b4          10007b4        0     1                 .L0 
         10007b4          10007b4        0     1                 .Lpcrel_hi14
         10007b4          10007b4        0     1                 .L0 
         10007c2          10007c2        0     1                 .L0 
         10007c4          10007c4        0     1                 .L0 
         10007c4          10007c4        0     1                 .Lpcrel_hi15
         10007c4          10007c4        0     1                 .L0 
         10007d2          10007d2        0     1                 .L0 
         10007d4          10007d4        0     1                 .L0 
         10007d4          10007d4        0     1                 .Lpcrel_hi16
         10007d4          10007d4        0     1                 .L0 
         10007e2          10007e2        0     1                 .L0 
         10007e4          10007e4        0     1                 .L0 
         10007e4          10007e4        0     1                 .Lpcrel_hi17
         10007e4          10007e4        0     1                 .L0 
         10007f2          10007f2        0     1                 .L0 
         10007f4          10007f4        0     1                 .L0 
         10007f4          10007f4        0     1                 .Lpcrel_hi18
         10007f4          10007f4        0     1                 .L0 
         1000802          1000802        0     1                 .L0 
         1000804          1000804        0     1                 .L0 
         1000804          1000804        0     1                 .Lpcrel_hi19
         1000804          1000804        0     1                 .L0 
         1000812          1000812        0     1                 .L0 
         1000814          1000814        0     1                 .L0 
         1000814          1000814        0     1                 .Lpcrel_hi20
         1000814          1000814        0     1                 .L0 
         1000822          1000822        0     1                 .L0 
         1000824          1000824        0     1                 .L0 
         1000824          1000824        0     1                 .Lpcrel_hi21
         1000824          1000824        0     1                 .L0 
         1000832          1000832        0     1                 .L0 
         1000834          1000834        0     1                 .L0 
         1000834          1000834        0     1                 .Lpcrel_hi22
         1000834          1000834        0     1                 .L0 
         1000842          1000842        0     1                 .L0 
         1000844          1000844        0     1                 .L0 
         1000846          1000846        0     1                 .L0 
         1000854          1000854        0     1                 .L0 
         1000858          1000858        0     1                 .L0 
         1000858          1000858        0     1                 .L0 
         1000858          1000858        0     1                 .L0 
         1000858          1000858       26     2         /home/ryoj/github.com/okamotonr/zoeax/target/riscv64gc-unknown-none-elf/debug/deps/liblibzoea-d046c76c35f03d68.rlib(libzoea-d046c76c35f03d68.caxw6tamqvrzjapuiv2vnl7rv.rcgu.o):(.text._ZN45_$LT$$LP$$RP$$u20$as$u20$core..fmt..Debug$GT$3fmt17h6ba57cc993cd253bE)
         1000858          1000858        0     1                 .L0 
         1000858          1000858        0     1                 .L0 
         1000858          1000858        0     1                 $x
         1000858          1000858        0     1                 .L0 
         1000858          1000858       26     1                 _$LT$$LP$$RP$$u20$as$u20$core..fmt..Debug$GT$::fmt::h6ba57cc993cd253b
         1000866          1000866        0     1                 .Lpcrel_hi0
         1000866          1000866        0     1                 .L0 
         100087a          100087a        0     1                 .L0 
         100087e          100087e        0     1                 .L0 
         100087e          100087e       26     2         /home/ryoj/github.com/okamotonr/zoeax/target/riscv64gc-unknown-none-elf/debug/deps/liblibzoea-d046c76c35f03d68.rlib(libzoea-d046c76c35f03d68.caxw6tamqvrzjapuiv2vnl7rv.rcgu.o):(.text._ZN53_$LT$core..fmt..Error$u20$as$u20$core..fmt..Debug$GT$3fmt17hc1dd579ae59e3aa5E)
         100087e          100087e        0     1                 .L0 
         100087e          100087e        0     1                 .L0 
         100087e          100087e        0     1                 $x
         100087e          100087e        0     1                 .L0 
         100087e          100087e       26     1                 _$LT$core..fmt..Error$u20$as$u20$core..fmt..Debug$GT$::fmt::hc1dd579ae59e3aa5
         100088c          100088c        0     1                 .Lpcrel_hi1
         100088c          100088c        0     1                 .L0 
         10008a0          10008a0        0     1                 .L0 
         10008a4          10008a4        0     1                 .L0 
         10008a4          10008a4       40     2         /home/ryoj/github.com/okamotonr/zoeax/target/riscv64gc-unknown-none-elf/debug/deps/liblibzoea-d046c76c35f03d68.rlib(libzoea-d046c76c35f03d68.d1k6sczfudxi3v8kcd2a0e8de.rcgu.o):(.text._ZN4core3fmt5Write10write_char17h5746d705bf13eb0eE)
         10008a4          10008a4        0     1                 .L0 
         10008a4          10008a4        0     1                 .L0 
         10008a4          10008a4        0     1                 $x
         10008a4          10008a4        0     1                 .L0 
         10008a4          10008a4       40     1                 core::fmt::Write::write_char::h5746d705bf13eb0e
         10008b6          10008b6        0     1                 .L0 
         10008ba          10008ba        0     1                 .L0 
         10008c0          10008c0        0     1                 .L0 
         10008c0          10008c0        0     1                 .L0 
         10008d6          10008d6        0     1                 .L0 
         10008e0          10008e0        0     1                 .L0 
         10008e4          10008e4        0     1                 .L0 
         10008e4          10008e4       14     2         /home/ryoj/github.com/okamotonr/zoeax/target/riscv64gc-unknown-none-elf/debug/deps/liblibzoea-d046c76c35f03d68.rlib(libzoea-d046c76c35f03d68.d1k6sczfudxi3v8kcd2a0e8de.rcgu.o):(.text._ZN4core3fmt5Write9write_fmt17h4a13904735eafb92E)
         10008e4          10008e4        0     1                 .L0 
         10008e4          10008e4        0     1                 .L0 
         10008e4          10008e4        0     1                 $x
         10008e4          10008e4        0     1                 .L0 
         10008e4          10008e4       14     1                 core::fmt::Write::write_fmt::h4a13904735eafb92
         10008ea          10008ea        0     1                 .L0 
         10008f2          10008f2        0     1                 .L0 
         10008f4          10008f4        0     1                 .L0 
         10008f8          10008f8        0     1                 .L0 
         10008f8          10008f8       cc     2         /home/ryoj/github.com/okamotonr/zoeax/target/riscv64gc-unknown-none-elf/debug/deps/liblibzoea-d046c76c35f03d68.rlib(libzoea-d046c76c35f03d68.d1k6sczfudxi3v8kcd2a0e8de.rcgu.o):(.text._ZN75_$LT$$RF$mut$u20$W$u20$as$u20$core..fmt..Write..write_fmt..SpecWriteFmt$GT$14spec_write_fmt17h79537d252171d2f6E)
         10008f8          10008f8        0     1                 .L0 
         10008f8          10008f8        0     1                 .L0 
         10008f8          10008f8        0     1                 $x
         10008f8          10008f8        0     1                 .L0 
         10008f8          10008f8       cc     1                 _$LT$$RF$mut$u20$W$u20$as$u20$core..fmt..Write..write_fmt..SpecWriteFmt$GT$::spec_write_fmt::h79537d252171d2f6
         1000902          1000902        0     1                 .L0 
         1000902          1000902        0     1                 .L0 
         1000904          1000904        0     1                 .L0 
         1000904          1000904        0     1                 .L0 
         100090c          100090c        0     1                 .L0 
         100090e          100090e        0     1                 .L0 
         1000910          1000910        0     1                 .L0 
         1000914          1000914        0     1                 .L0 
         1000916          1000916        0     1                 .L0 
         100091a          100091a        0     1                 .L0 
         100091e          100091e        0     1                 .L0 
         1000924          1000924        0     1                 .L0 
         1000926          1000926        0     1                 .L0 
         100092c          100092c        0     1                 .L0 
         100092e          100092e        0     1                 .L0 
         1000930          1000930        0     1                 .L0 
         1000934          1000934        0     1                 .L0 
         1000934          1000934        0     1                 .L0 
         1000936          1000936        0     1                 .L0 
         1000936          1000936        0     1                 .L0 
         100093a          100093a        0     1                 .L0 
         1000948          1000948        0     1                 .L0 
         1000948          1000948        0     1                 .L0 
         100094a          100094a        0     1                 .L0 
         100094a          100094a        0     1                 .L0 
         100094e          100094e        0     1                 .L0 
         1000950          1000950        0     1                 .L0 
         1000952          1000952        0     1                 .L0 
         1000952          1000952        0     1                 .L0 
         1000956          1000956        0     1                 .L0 
         100095a          100095a        0     1                 .L0 
         100095c          100095c        0     1                 .L0 
         100095c          100095c        0     1                 .L0 
         100095e          100095e        0     1                 .L0 
         100095e          100095e        0     1                 .L0 
         1000966          1000966        0     1                 .L0 
         1000966          1000966        0     1                 .L0 
         1000968          1000968        0     1                 .L0 
         100096c          100096c        0     1                 .L0 
         100096c          100096c        0     1                 .L0 
         1000970          1000970        0     1                 .L0 
         1000988          1000988        0     1                 .Lpcrel_hi0
         100099e          100099e        0     1                 .L0 
         10009a0          10009a0        0     1                 .L0 
         10009a2          10009a2        0     1                 .L0 
         10009a2          10009a2        0     1                 .L0 
         10009aa          10009aa        0     1                 .L0 
         10009b8          10009b8        0     1                 .L0 
         10009b8          10009b8        0     1                 .L0 
         10009c0          10009c0        0     1                 .L0 
         10009c4          10009c4        0     1                 .L0 
         10009c4          10009c4        0     1                 .L0 
         10009c4          10009c4        0     1                 .L0 
         10009c4          10009c4      16a     2         /home/ryoj/github.com/okamotonr/zoeax/target/riscv64gc-unknown-none-elf/debug/deps/liblibzoea-d046c76c35f03d68.rlib(libzoea-d046c76c35f03d68.6crhhhq14zd7m92a58spc0by6.rcgu.o):(.text._ZN4core4char7methods15encode_utf8_raw17h8f164c5f1b39fb27E)
         10009c4          10009c4        0     1                 .L0 
         10009c4          10009c4        0     1                 .L0 
         10009c4          10009c4        0     1                 $x
         10009c4          10009c4        0     1                 .L0 
         10009c4          10009c4      16a     1                 core::char::methods::encode_utf8_raw::h8f164c5f1b39fb27
         10009da          10009da        0     1                 .L0 
         10009e0          10009e0        0     1                 .L0 
         10009e2          10009e2        0     1                 .L0 
         10009ea          10009ea        0     1                 .L0 
         10009ee          10009ee        0     1                 .L0 
         10009f0          10009f0        0     1                 .L0 
         10009f0          10009f0        0     1                 .L0 
         10009f6          10009f6        0     1                 .L0 
         10009f6          10009f6        0     1                 .L0 
         10009f8          10009f8        0     1                 .L0 
         10009f8          10009f8        0     1                 .L0 
         1000a00          1000a00        0     1                 .L0 
         1000a04          1000a04        0     1                 .L0 
         1000a08          1000a08        0     1                 .L0 
         1000a08          1000a08        0     1                 .L0 
         1000a0e          1000a0e        0     1                 .L0 
         1000a0e          1000a0e        0     1                 .L0 
         1000a12          1000a12        0     1                 .L0 
         1000a12          1000a12        0     1                 .L0 
         1000a16          1000a16        0     1                 .L0 
         1000a16          1000a16        0     1                 .L0 
         1000a1c          1000a1c        0     1                 .L0 
         1000a1c          1000a1c        0     1                 .L0 
         1000a20          1000a20        0     1                 .L0 
         1000a20          1000a20        0     1                 .L0 
         1000a24          1000a24        0     1                 .L0 
         1000a24          1000a24        0     1                 .L0 
         1000a2a          1000a2a        0     1                 .L0 
         1000a2e          1000a2e        0     1                 .L0 
         1000a32          1000a32        0     1                 .L0 
         1000a34          1000a34        0     1                 .L0 
         1000a34          1000a34        0     1                 .L0 
         1000a36          1000a36        0     1                 .Lpcrel_hi0
         1000a46          1000a46        0     1                 .L0 
         1000a4a          1000a4a        0     1                 .L0 
         1000a4c          1000a4c        0     1                 .L0 
         1000a52          1000a52        0     1                 .L0 
         1000a58          1000a58        0     1                 .L0 
         1000a5e          1000a5e        0     1                 .L0 
         1000a5e          1000a5e        0     1                 .L0 
         1000a64          1000a64        0     1                 .L0 
         1000a6c          1000a6c        0     1                 .L0 
         1000a72          1000a72        0     1                 .L0 
         1000a7a          1000a7a        0     1                 .L0 
         1000a80          1000a80        0     1                 .L0 
         1000a88          1000a88        0     1                 .L0 
         1000a8c          1000a8c        0     1                 .L0 
         1000a94          1000a94        0     1                 .L0 
         1000a96          1000a96        0     1                 .L0 
         1000a98          1000a98        0     1                 .L0 
         1000a98          1000a98        0     1                 .L0 
         1000a9a          1000a9a        0     1                 .L0 
         1000aa0          1000aa0        0     1                 .L0 
         1000aa0          1000aa0        0     1                 .L0 
         1000aa2          1000aa2        0     1                 .L0 
         1000aa2          1000aa2        0     1                 .L0 
         1000aa6          1000aa6        0     1                 .L0 
         1000aa8          1000aa8        0     1                 .L0 
         1000aae          1000aae        0     1                 .L0 
         1000ab4          1000ab4        0     1                 .L0 
         1000ab4          1000ab4        0     1                 .L0 
         1000aba          1000aba        0     1                 .L0 
         1000ac2          1000ac2        0     1                 .L0 
         1000ac8          1000ac8        0     1                 .L0 
         1000ad0          1000ad0        0     1                 .L0 
         1000ad4          1000ad4        0     1                 .L0 
         1000adc          1000adc        0     1                 .L0 
         1000ade          1000ade        0     1                 .L0 
         1000ae2          1000ae2        0     1                 .L0 
         1000ae4          1000ae4        0     1                 .L0 
         1000aea          1000aea        0     1                 .L0 
         1000aea          1000aea        0     1                 .L0 
         1000af0          1000af0        0     1                 .L0 
         1000af8          1000af8        0     1                 .L0 
         1000afc          1000afc        0     1                 .L0 
         1000b04          1000b04        0     1                 .L0 
         1000b06          1000b06        0     1                 .L0 
         1000b0a          1000b0a        0     1                 .L0 
         1000b0c          1000b0c        0     1                 .L0 
         1000b0c          1000b0c        0     1                 .L0 
         1000b10          1000b10        0     1                 .L0 
         1000b12          1000b12        0     1                 .L0 
         1000b18          1000b18        0     1                 .L0 
         1000b18          1000b18        0     1                 .L0 
         1000b22          1000b22        0     1                 .L0 
         1000b24          1000b24        0     1                 .L0 
         1000b24          1000b24        0     1                 .L0 
         1000b2a          1000b2a        0     1                 .L0 
         1000b2e          1000b2e        0     1                 .L0 
         1000b2e          1000b2e        0     1                 .L0 
         1000b2e          1000b2e        0     1                 .L0 
         1000b2e          1000b2e      12e     2         /home/ryoj/github.com/okamotonr/zoeax/target/riscv64gc-unknown-none-elf/debug/deps/liblibzoea-d046c76c35f03d68.rlib(libzoea-d046c76c35f03d68.2ueivej6or6bc2zbvkadq0y0u.rcgu.o):(.text._ZN4core5slice3raw18from_raw_parts_mut18precondition_check17h9b0c225d50d735e9E)
         1000b2e          1000b2e        0     1                 .L0 
         1000b2e          1000b2e        0     1                 .L0 
         1000b2e          1000b2e        0     1                 $x
         1000b2e          1000b2e        0     1                 .L0 
         1000b2e          1000b2e      12e     1                 core::slice::raw::from_raw_parts_mut::precondition_check::h9b0c225d50d735e9
         1000b42          1000b42        0     1                 .L0 
         1000b46          1000b46        0     1                 .L0 
         1000b4a          1000b4a        0     1                 .Lpcrel_hi0
         1000b4a          1000b4a        0     1                 .L0 
         1000b54          1000b54        0     1                 .L0 
         1000b56          1000b56        0     1                 .L0 
         1000b56          1000b56        0     1                 .L0 
         1000bb6          1000bb6        0     1                 .L0 
         1000bbc          1000bbc        0     1                 .L0 
         1000bc0          1000bc0        0     1                 .L0 
         1000bc0          1000bc0        0     1                 .L0 
         1000bc4          1000bc4        0     1                 .L0 
         1000bc6          1000bc6        0     1                 .L0 
         1000bc8          1000bc8        0     1                 .L0 
         1000bc8          1000bc8        0     1                 .L0 
         1000bcc          1000bcc        0     1                 .Lpcrel_hi1
         1000bcc          1000bcc        0     1                 .L0 
         1000bcc          1000bcc        0     1                 .L0 
         1000be4          1000be4        0     1                 .L0 
         1000be4          1000be4        0     1                 .Lpcrel_hi2
         1000be4          1000be4        0     1                 .L0 
         1000bf6          1000bf6        0     1                 .L0 
         1000bf6          1000bf6        0     1                 .L0 
         1000bf8          1000bf8        0     1                 .L0 
         1000bfe          1000bfe        0     1                 .L0 
         1000c02          1000c02        0     1                 .L0 
         1000c02          1000c02        0     1                 .L0 
         1000c0c          1000c0c        0     1                 .L0 
         1000c0e          1000c0e        0     1                 .L0 
         1000c10          1000c10        0     1                 .L0 
         1000c12          1000c12        0     1                 .L0 
         1000c14          1000c14        0     1                 .L0 
         1000c1a          1000c1a        0     1                 .L0 
         1000c1c          1000c1c        0     1                 .L0 
         1000c1c          1000c1c        0     1                 .L0 
         1000c1e          1000c1e        0     1                 .L0 
         1000c1e          1000c1e        0     1                 .L0 
         1000c24          1000c24        0     1                 .L0 
         1000c2a          1000c2a        0     1                 .L0 
         1000c2a          1000c2a        0     1                 .L0 
         1000c30          1000c30        0     1                 .L0 
         1000c32          1000c32        0     1                 .Lpcrel_hi3
         1000c32          1000c32        0     1                 .L0 
         1000c42          1000c42        0     1                 .L0 
         1000c42          1000c42        0     1                 .L0 
         1000c44          1000c44        0     1                 .L0 
         1000c48          1000c48        0     1                 .Lpcrel_hi4
         1000c48          1000c48        0     1                 .L0 
         1000c5c          1000c5c        0     1                 .L0 
         1000c5c          1000c5c        0     1                 .L0 
         1000c5c          1000c5c        0     1                 .L0 
         1000c5c          1000c5c      516     2         /home/ryoj/github.com/okamotonr/zoeax/target/riscv64gc-unknown-none-elf/debug/deps/libshared-588c57315aa3f9de.rlib(shared-588c57315aa3f9de.7h0poevtprq0rj5txr9vt9yf7.rcgu.o):(.text._ZN81_$LT$shared..err_kind..ErrKind$u20$as$u20$core..convert..TryFrom$LT$usize$GT$$GT$8try_from17ha72af6e2d9085e84E)
         1000c5c          1000c5c        0     1                 .L0 
         1000c5c          1000c5c        0     1                 .L0 
         1000c5c          1000c5c        0     1                 $x
         1000c5c          1000c5c        0     1                 .L0 
         1000c5c          1000c5c      516     1                 _$LT$shared..err_kind..ErrKind$u20$as$u20$core..convert..TryFrom$LT$usize$GT$$GT$::try_from::ha72af6e2d9085e84
         1000c62          1000c62        0     1                 .L0 
         1000c64          1000c64        0     1                 .L0 
         1000c6e          1000c6e        0     1                 .L0 
         1000c72          1000c72        0     1                 .L0 
         1000c76          1000c76        0     1                 .L0 
         1000c7a          1000c7a        0     1                 .L0 
         1000c80          1000c80        0     1                 .Lpcrel_hi0
         1000c80          1000c80        0     1                 .L0 
         1000c90          1000c90        0     1                 .L0 
         1000c92          1000c92        0     1                 .L0 
         1000c94          1000c94        0     1                 .L0 
         1000c9e          1000c9e        0     1                 .L0 
         1000ca2          1000ca2        0     1                 .L0 
         1000ca4          1000ca4        0     1                 .L0 
         1000ca4          1000ca4        0     1                 .L0 
         1000ca8          1000ca8        0     1                 .L0 
         1000cb0          1000cb0        0     1                 .L0 
         1000cb2          1000cb2        0     1                 .L0 
         1000cb6          1000cb6        0     1                 .L0 
         1000cba          1000cba        0     1                 .L0 
         1000cc0          1000cc0        0     1                 .Lpcrel_hi1
         1000cc0          1000cc0        0     1                 .L0 
         1000cd0          1000cd0        0     1                 .L0 
         1000cd2          1000cd2        0     1                 .L0 
         1000cd4          1000cd4        0     1                 .L0 
         1000cde          1000cde        0     1                 .L0 
         1000ce2          1000ce2        0     1                 .L0 
         1000ce4          1000ce4        0     1                 .L0 
         1000ce4          1000ce4        0     1                 .L0 
         1000ce8          1000ce8        0     1                 .L0 
         1000cf0          1000cf0        0     1                 .L0 
         1000cf2          1000cf2        0     1                 .L0 
         1000cf6          1000cf6        0     1                 .L0 
         1000cfa          1000cfa        0     1                 .L0 
         1000d00          1000d00        0     1                 .Lpcrel_hi2
         1000d00          1000d00        0     1                 .L0 
         1000d10          1000d10        0     1                 .L0 
         1000d12          1000d12        0     1                 .L0 
         1000d14          1000d14        0     1                 .L0 
         1000d1e          1000d1e        0     1                 .L0 
         1000d22          1000d22        0     1                 .L0 
         1000d24          1000d24        0     1                 .L0 
         1000d24          1000d24        0     1                 .L0 
         1000d28          1000d28        0     1                 .L0 
         1000d30          1000d30        0     1                 .L0 
         1000d32          1000d32        0     1                 .L0 
         1000d36          1000d36        0     1                 .L0 
         1000d3a          1000d3a        0     1                 .L0 
         1000d40          1000d40        0     1                 .Lpcrel_hi3
         1000d40          1000d40        0     1                 .L0 
         1000d50          1000d50        0     1                 .L0 
         1000d52          1000d52        0     1                 .L0 
         1000d54          1000d54        0     1                 .L0 
         1000d5e          1000d5e        0     1                 .L0 
         1000d62          1000d62        0     1                 .L0 
         1000d64          1000d64        0     1                 .L0 
         1000d64          1000d64        0     1                 .L0 
         1000d68          1000d68        0     1                 .L0 
         1000d70          1000d70        0     1                 .L0 
         1000d72          1000d72        0     1                 .L0 
         1000d76          1000d76        0     1                 .L0 
         1000d7a          1000d7a        0     1                 .L0 
         1000d80          1000d80        0     1                 .Lpcrel_hi4
         1000d80          1000d80        0     1                 .L0 
         1000d90          1000d90        0     1                 .L0 
         1000d92          1000d92        0     1                 .L0 
         1000d94          1000d94        0     1                 .L0 
         1000d9e          1000d9e        0     1                 .L0 
         1000da2          1000da2        0     1                 .L0 
         1000da4          1000da4        0     1                 .L0 
         1000da4          1000da4        0     1                 .L0 
         1000da8          1000da8        0     1                 .L0 
         1000db0          1000db0        0     1                 .L0 
         1000db2          1000db2        0     1                 .L0 
         1000db6          1000db6        0     1                 .L0 
         1000dba          1000dba        0     1                 .L0 
         1000dc0          1000dc0        0     1                 .Lpcrel_hi5
         1000dc0          1000dc0        0     1                 .L0 
         1000dd0          1000dd0        0     1                 .L0 
         1000dd2          1000dd2        0     1                 .L0 
         1000dd4          1000dd4        0     1                 .L0 
         1000dde          1000dde        0     1                 .L0 
         1000de2          1000de2        0     1                 .L0 
         1000de4          1000de4        0     1                 .L0 
         1000de4          1000de4        0     1                 .L0 
         1000de8          1000de8        0     1                 .L0 
         1000df0          1000df0        0     1                 .L0 
         1000df2          1000df2        0     1                 .L0 
         1000df6          1000df6        0     1                 .L0 
         1000dfa          1000dfa        0     1                 .L0 
         1000e00          1000e00        0     1                 .Lpcrel_hi6
         1000e00          1000e00        0     1                 .L0 
         1000e10          1000e10        0     1                 .L0 
         1000e12          1000e12        0     1                 .L0 
         1000e14          1000e14        0     1                 .L0 
         1000e1e          1000e1e        0     1                 .L0 
         1000e22          1000e22        0     1                 .L0 
         1000e24          1000e24        0     1                 .L0 
         1000e24          1000e24        0     1                 .L0 
         1000e28          1000e28        0     1                 .L0 
         1000e30          1000e30        0     1                 .L0 
         1000e32          1000e32        0     1                 .L0 
         1000e36          1000e36        0     1                 .L0 
         1000e3a          1000e3a        0     1                 .L0 
         1000e40          1000e40        0     1                 .Lpcrel_hi7
         1000e40          1000e40        0     1                 .L0 
         1000e50          1000e50        0     1                 .L0 
         1000e52          1000e52        0     1                 .L0 
         1000e54          1000e54        0     1                 .L0 
         1000e5e          1000e5e        0     1                 .L0 
         1000e62          1000e62        0     1                 .L0 
         1000e64          1000e64        0     1                 .L0 
         1000e64          1000e64        0     1                 .L0 
         1000e68          1000e68        0     1                 .L0 
         1000e70          1000e70        0     1                 .L0 
         1000e72          1000e72        0     1                 .L0 
         1000e76          1000e76        0     1                 .L0 
         1000e7a          1000e7a        0     1                 .L0 
         1000e80          1000e80        0     1                 .Lpcrel_hi8
         1000e80          1000e80        0     1                 .L0 
         1000e90          1000e90        0     1                 .L0 
         1000e92          1000e92        0     1                 .L0 
         1000e94          1000e94        0     1                 .L0 
         1000e9e          1000e9e        0     1                 .L0 
         1000ea2          1000ea2        0     1                 .L0 
         1000ea4          1000ea4        0     1                 .L0 
         1000ea4          1000ea4        0     1                 .L0 
         1000ea8          1000ea8        0     1                 .L0 
         1000eb0          1000eb0        0     1                 .L0 
         1000eb2          1000eb2        0     1                 .L0 
         1000eb6          1000eb6        0     1                 .L0 
         1000eba          1000eba        0     1                 .L0 
         1000ec0          1000ec0        0     1                 .Lpcrel_hi9
         1000ec0          1000ec0        0     1                 .L0 
         1000ed0          1000ed0        0     1                 .L0 
         1000ed2          1000ed2        0     1                 .L0 
         1000ed4          1000ed4        0     1                 .L0 
         1000ede          1000ede        0     1                 .L0 
         1000ee2          1000ee2        0     1                 .L0 
         1000ee4          1000ee4        0     1                 .L0 
         1000ee4          1000ee4        0     1                 .L0 
         1000ee8          1000ee8        0     1                 .L0 
         1000ef0          1000ef0        0     1                 .L0 
         1000ef2          1000ef2        0     1                 .L0 
         1000ef6          1000ef6        0     1                 .L0 
         1000efa          1000efa        0     1                 .L0 
         1000f00          1000f00        0     1                 .Lpcrel_hi10
         1000f00          1000f00        0     1                 .L0 
         1000f10          1000f10        0     1                 .L0 
         1000f12          1000f12        0     1                 .L0 
         1000f14          1000f14        0     1                 .L0 
         1000f1e          1000f1e        0     1                 .L0 
         1000f22          1000f22        0     1                 .L0 
         1000f24          1000f24        0     1                 .L0 
         1000f24          1000f24        0     1                 .L0 
         1000f28          1000f28        0     1                 .L0 
         1000f30          1000f30        0     1                 .L0 
         1000f32          1000f32        0     1                 .L0 
         1000f36          1000f36        0     1                 .L0 
[...]
           17b70            17b70        0     1                 .L0 
           17ba0            17ba0        0     1                 .L0 
           17bd0            17bd0        0     1                 .L0 
           17c10            17c10        0     1                 .L0 
           17c40            17c40        0     1                 .L0 
           17c70            17c70        0     1                 .L0 
           17ca0            17ca0        0     1                 .L0 
           17cd0            17cd0        0     1                 .L0 
           17d00            17d00        0     1                 .L0 
           17d30            17d30        0     1                 .L0 
           17d60            17d60        0     1                 .L0 
           17d90            17d90        0     1                 .L0 
           17dc0            17dc0        0     1                 .L0 
           17df0            17df0        0     1                 .L0 
           17e20            17e20        0     1                 .L0 
           17e50            17e50        0     1                 .L0 
           17e80            17e80        0     1                 .L0 
           17eb0            17eb0        0     1                 .L0 
           17ee0            17ee0        0     1                 .L0 
           17f20            17f20        0     1                 .L0 
           17f50            17f50        0     1                 .L0 
           17f80            17f80        0     1                 .L0 
           17fb0            17fb0        0     1                 .L0 
           17fe0            17fe0        0     1                 .L0 
           18010            18010        0     1                 .L0 
           18040            18040        0     1                 .L0 
           18070            18070        0     1                 .L0 
           180a0            180a0        0     1                 .L0 
           180d0            180d0        0     1                 .L0 
           18100            18100        0     1                 .L0 
           18130            18130        0     1                 .L0 
           18160            18160        0     1                 .L0 
           18190            18190        0     1                 .L0 
           181d0            181d0        0     1                 .L0 
           18210            18210        0     1                 .L0 
           18250            18250        0     1                 .L0 
           18280            18280        0     1                 .L0 
           182b0            182b0        0     1                 .L0 
           182f0            182f0        0     1                 .L0 
           18320            18320        0     1                 .L0 
           18350            18350        0     1                 .L0 
           18380            18380        0     1                 .L0 
           183b0            183b0        0     1                 .L0 
           183e0            183e0        0     1                 .L0 
           18410            18410        0     1                 .L0 
           18440            18440        0     1                 .L0 
           18470            18470        0     1                 .L0 
           184a0            184a0        0     1                 .L0 
           184d0            184d0        0     1                 .L0 
           18500            18500        0     1                 .L0 
           18530            18530        0     1                 .L0 
           18570            18570        0     1                 .L0 
           185b0            185b0        0     1                 .L0 
           185e0            185e0        0     1                 .L0 
           18620            18620        0     1                 .L0 
           18650            18650        0     1                 .L0 
           18680            18680        0     1                 .L0 
           186b0            186b0        0     1                 .L0 
           186e0            186e0        0     1                 .L0 
           18710            18710        0     1                 .L0 
           18740            18740        0     1                 .L0 
           18770            18770        0     1                 .L0 
           187a0            187a0        0     1                 .L0 
           187e0            187e0        0     1                 .L0 
           18820            18820        0     1                 .L0 
           18860            18860        0     1                 .L0 
           188a0            188a0        0     1                 .L0 
           188d0            188d0        0     1                 .L0 
           18900            18900        0     1                 .L0 
           18950            18950        0     1                 .L0 
           18990            18990        0     1                 .L0 
           189e0            189e0        0     1                 .L0 
           18a30            18a30        0     1                 .L0 
           18a60            18a60        0     1                 .L0 
           18a90            18a90        0     1                 .L0 
           18ac0            18ac0        0     1                 .L0 
           18b00            18b00        0     1                 .L0 
           18b40            18b40        0     1                 .L0 
           18b80            18b80        0     1                 .L0 
           18bc0            18bc0        0     1                 .L0 
           18c00            18c00        0     1                 .L0 
           18c40            18c40        0     1                 .L0 
           18c70            18c70        0     1                 .L0 
           18ca0            18ca0        0     1                 .L0 
           18cd0            18cd0        0     1                 .L0 
           18d10            18d10        0     1                 .L0 
           18d50            18d50        0     1                 .L0 
           18d80            18d80        0     1                 .L0 
           18db0            18db0        0     1                 .L0 
           18de0            18de0        0     1                 .L0 
           18e10            18e10        0     1                 .L0 
           18e40            18e40        0     1                 .L0 
           18e70            18e70        0     1                 .L0 
           18ed0            18ed0        0     1                 .L0 
           18f30            18f30        0     1                 .L0 
           18f60            18f60        0     1                 .L0 
           18fb0            18fb0        0     1                 .L0 
           19010            19010        0     1                 .L0 
           19070            19070        0     1                 .L0 
           190d0            190d0        0     1                 .L0 
           19100            19100        0     1                 .L0 
           19130            19130        0     1                 .L0 
           19160            19160        0     1                 .L0 
           19190            19190        0     1                 .L0 
           191c0            191c0        0     1                 .L0 
           19200            19200        0     1                 .L0 
           19230            19230        0     1                 .L0 
           19260            19260        0     1                 .L0 
           19290            19290        0     1                 .L0 
           192c0            192c0        0     1                 .L0 
           192f0            192f0        0     1                 .L0 
           19320            19320        0     1                 .L0 
           19360            19360        0     1                 .L0 
           193a0            193a0        0     1                 .L0 
           193d0            193d0        0     1                 .L0 
           19400            19400        0     1                 .L0 
           19430            19430        0     1                 .L0 
           19460            19460        0     1                 .L0 
           19490            19490        0     1                 .L0 
           194d0            194d0        0     1                 .L0 
           19510            19510        0     1                 .L0 
           19540            19540        0     1                 .L0 
           19570            19570        0     1                 .L0 
           195b0            195b0        0     1                 .L0 
           195f0            195f0        0     1                 .L0 
           19620            19620        0     1                 .L0 
           19670            19670        0     1                 .L0 
           196a0            196a0        0     1                 .L0 
           196d0            196d0        0     1                 .L0 
           19700            19700        0     1                 .L0 
           19730            19730        0     1                 .L0 
           19760            19760        0     1                 .L0 
           19790            19790        0     1                 .L0 
           197d0            197d0        0     1                 .L0 
           19810            19810        0     1                 .L0 
           19840            19840        0     1                 .L0 
           19870            19870        0     1                 .L0 
           198a0            198a0        0     1                 .L0 
           198d0            198d0        0     1                 .L0 
           19900            19900        0     1                 .L0 
           19970            19970        0     1                 .L0 
           199d0            199d0        0     1                 .L0 
           19a30            19a30        0     1                 .L0 
           19a90            19a90        0     1                 .L0 
           19af0            19af0        0     1                 .L0 
           19b50            19b50        0     1                 .L0 
           19bb0            19bb0        0     1                 .L0 
           19c10            19c10        0     1                 .L0 
           19c50            19c50        0     1                 .L0 
           19c90            19c90        0     1                 .L0 
           19cc0            19cc0        0     1                 .L0 
           19cf0            19cf0        0     1                 .L0 
           19d20            19d20        0     1                 .L0 
           19d90            19d90        0     1                 .L0 
           19df0            19df0        0     1                 .L0 
           19e50            19e50        0     1                 .L0 
           19eb0            19eb0        0     1                 .L0 
           19f10            19f10        0     1                 .L0 
           19f70            19f70        0     1                 .L0 
           19fd0            19fd0        0     1                 .L0 
           1a030            1a030        0     1                 .L0 
           1a070            1a070        0     1                 .L0 
           1a0b0            1a0b0        0     1                 .L0 
           1a0e0            1a0e0        0     1                 .L0 
           1a110            1a110        0     1                 .L0 
           1a140            1a140        0     1                 .L0 
           1a1a0            1a1a0        0     1                 .L0 
           1a1f0            1a1f0        0     1                 .L0 
           1a240            1a240        0     1                 .L0 
           1a290            1a290        0     1                 .L0 
           1a2e0            1a2e0        0     1                 .L0 
           1a330            1a330        0     1                 .L0 
           1a380            1a380        0     1                 .L0 
           1a3d0            1a3d0        0     1                 .L0 
           1a410            1a410        0     1                 .L0 
           1a450            1a450        0     1                 .L0 
           1a480            1a480        0     1                 .L0 
           1a4b0            1a4b0        0     1                 .L0 
           1a4e0            1a4e0        0     1                 .L0 
           1a550            1a550        0     1                 .L0 
           1a5b0            1a5b0        0     1                 .L0 
           1a610            1a610        0     1                 .L0 
           1a670            1a670        0     1                 .L0 
           1a6d0            1a6d0        0     1                 .L0 
           1a730            1a730        0     1                 .L0 
           1a790            1a790        0     1                 .L0 
           1a7f0            1a7f0        0     1                 .L0 
           1a830            1a830        0     1                 .L0 
           1a870            1a870        0     1                 .L0 
           1a8b0            1a8b0        0     1                 .L0 
           1a8e0            1a8e0        0     1                 .L0 
           1a910            1a910        0     1                 .L0 
           1a940            1a940        0     1                 .L0 
           1a9b0            1a9b0        0     1                 .L0 
           1aa10            1aa10        0     1                 .L0 
           1aa70            1aa70        0     1                 .L0 
           1aad0            1aad0        0     1                 .L0 
           1ab30            1ab30        0     1                 .L0 
           1ab90            1ab90        0     1                 .L0 
           1abf0            1abf0        0     1                 .L0 
           1ac50            1ac50        0     1                 .L0 
           1ac90            1ac90        0     1                 .L0 
           1acd0            1acd0        0     1                 .L0 
           1ad10            1ad10        0     1                 .L0 
           1add0            1add0        0     1                 .L0 
           1ae80            1ae80        0     1                 .L0 
           1af30            1af30        0     1                 .L0 
           1afe0            1afe0        0     1                 .L0 
           1b010            1b010        0     1                 .L0 
           1b040            1b040        0     1                 .L0 
           1b100            1b100        0     1                 .L0 
           1b1b0            1b1b0        0     1                 .L0 
           1b260            1b260        0     1                 .L0 
           1b310            1b310        0     1                 .L0 
           1b340            1b340        0     1                 .L0 
           1b370            1b370        0     1                 .L0 
           1d1e0            1d1e0       f0     1         /home/ryoj/.rustup/toolchains/nightly-x86_64-unknown-linux-gnu/lib/rustlib/riscv64gc-unknown-none-elf/lib/libcompiler_builtins-2a5cb67947d74c27.rlib(compiler_builtins-2a5cb67947d74c27.compiler_builtins.ec69ba36cb2ef42e-cgu.114.rcgu.o):(.debug_ranges)
           1d1e0            1d1e0        0     1                 .L0 
           1d1e0            1d1e0        0     1                 $d
           1d210            1d210        0     1                 .L0 
           1d240            1d240        0     1                 .L0 
           1d270            1d270        0     1                 .L0 
           1d2a0            1d2a0        0     1                 .L0 
           1d2d0            1d2d0       60     1         /home/ryoj/.rustup/toolchains/nightly-x86_64-unknown-linux-gnu/lib/rustlib/riscv64gc-unknown-none-elf/lib/libcompiler_builtins-2a5cb67947d74c27.rlib(compiler_builtins-2a5cb67947d74c27.compiler_builtins.ec69ba36cb2ef42e-cgu.137.rcgu.o):(.debug_ranges)
           1d2d0            1d2d0        0     1                 .L0 
           1d2d0            1d2d0        0     1                 $d
           1d300            1d300        0     1                 .L0 
           1d330            1d330       60     1         /home/ryoj/.rustup/toolchains/nightly-x86_64-unknown-linux-gnu/lib/rustlib/riscv64gc-unknown-none-elf/lib/libcompiler_builtins-2a5cb67947d74c27.rlib(compiler_builtins-2a5cb67947d74c27.compiler_builtins.ec69ba36cb2ef42e-cgu.242.rcgu.o):(.debug_ranges)
           1d330            1d330        0     1                 .L0 
           1d330            1d330        0     1                 $d
           1d360            1d360        0     1                 .L0 
           1d390            1d390      250     1         /home/ryoj/.rustup/toolchains/nightly-x86_64-unknown-linux-gnu/lib/rustlib/riscv64gc-unknown-none-elf/lib/libcompiler_builtins-2a5cb67947d74c27.rlib(compiler_builtins-2a5cb67947d74c27.compiler_builtins.ec69ba36cb2ef42e-cgu.010.rcgu.o):(.debug_ranges)
           1d390            1d390        0     1                 .L0 
           1d390            1d390        0     1                 $d
           1d3c0            1d3c0        0     1                 .L0 
           1d3f0            1d3f0        0     1                 .L0 
           1d420            1d420        0     1                 .L0 
           1d450            1d450        0     1                 .L0 
           1d480            1d480        0     1                 .L0 
           1d4b0            1d4b0        0     1                 .L0 
           1d4e0            1d4e0        0     1                 .L0 
           1d510            1d510        0     1                 .L0 
           1d540            1d540        0     1                 .L0 
           1d570            1d570        0     1                 .L0 
           1d5a0            1d5a0        0     1                 .L0 
           1d5e0            1d5e0       b0     1         /home/ryoj/.rustup/toolchains/nightly-x86_64-unknown-linux-gnu/lib/rustlib/riscv64gc-unknown-none-elf/lib/libcompiler_builtins-2a5cb67947d74c27.rlib(compiler_builtins-2a5cb67947d74c27.compiler_builtins.ec69ba36cb2ef42e-cgu.273.rcgu.o):(.debug_ranges)
           1d5e0            1d5e0        0     1                 .L0 
           1d5e0            1d5e0        0     1                 $d
           1d610            1d610        0     1                 .L0 
           1d640            1d640        0     1                 .L0 
               0                0       b1     1 .debug_loc
               0                0       34     1         /home/ryoj/github.com/okamotonr/zoeax/target/riscv64gc-unknown-none-elf/debug/deps/liblibzoea-d046c76c35f03d68.rlib(libzoea-d046c76c35f03d68.62epki10gbitnkyexd3yoj901.rcgu.o):(.debug_loc)
               0                0        0     1                 .L0 
               0                0        0     1                 $d
              34               34       7d     1         /home/ryoj/github.com/okamotonr/zoeax/target/riscv64gc-unknown-none-elf/debug/deps/liblibzoea-d046c76c35f03d68.rlib(libzoea-d046c76c35f03d68.d1k6sczfudxi3v8kcd2a0e8de.rcgu.o):(.debug_loc)
              34               34        0     1                 .L0 
              34               34        0     1                 $d
              68               68        0     1                 .L0 
               0                0    236e8     8 .symtab
               0                0    236e8     8         <internal>:(.symtab)
               0                0       b9     1 .shstrtab
               0                0       b9     1         <internal>:(.shstrtab)
               0                0     a2be     1 .strtab
               0                0     a2be     1         <internal>:(.strtab)
