             VMA              LMA     Size Align Out     In      Symbol
               0                0        0     1 _VA_OFFSET = 0xffff80000000000
               0                0 ffff800001000000     1 . = 0xffff800001000000
ffff800001000000 efff880001000000      d5e     2 .text
ffff800001000000 efff880001000000       1a     2         /home/ryoj/github.com/okamotonr/mios/target/riscv64gc-unknown-none-elf/debug/deps/pong-ac7981778a5c11eb.dhx0d4xxjm8eq5c5rzv8ig9b4.rcgu.o:(.text.start)
ffff800001000000 efff880001000000        0     1                 .L0 
ffff800001000000 efff880001000000        0     1                 .L0 
ffff800001000000 efff880001000000        0     1                 .Lpcrel_hi0
ffff800001000000 efff880001000000        0     1                 $x
ffff800001000000 efff880001000000        0     1                 .L0 
ffff800001000000 efff880001000000       1a     1                 start
ffff80000100001a efff88000100001a        0     1                 .L0 
ffff80000100001a efff88000100001a       58     2         /home/ryoj/github.com/okamotonr/mios/target/riscv64gc-unknown-none-elf/debug/deps/pong-ac7981778a5c11eb.01zyhzpndpwl2a54o8qgj9ngg.rcgu.o:(.text._ZN81_$LT$core..str..iter..Bytes$u20$as$u20$core..iter..traits..iterator..Iterator$GT$4next17h9342af690bbf476fE)
ffff80000100001a efff88000100001a        0     1                 .L0 
ffff80000100001a efff88000100001a        0     1                 .L0 
ffff80000100001a efff88000100001a        0     1                 $x
ffff80000100001a efff88000100001a        0     1                 .L0 
ffff80000100001a efff88000100001a       58     1                 _$LT$core..str..iter..Bytes$u20$as$u20$core..iter..traits..iterator..Iterator$GT$::next::h9342af690bbf476f
ffff800001000020 efff880001000020        0     1                 .L0 
ffff800001000022 efff880001000022        0     1                 .L0 
ffff800001000022 efff880001000022        0     1                 .L0 
ffff80000100002c efff88000100002c        0     1                 .L0 
ffff80000100002c efff88000100002c        0     1                 .L0 
ffff80000100002e efff88000100002e        0     1                 .L0 
ffff800001000032 efff880001000032        0     1                 .Lpcrel_hi0
ffff800001000032 efff880001000032        0     1                 .L0 
ffff80000100004e efff88000100004e        0     1                 .L0 
ffff800001000058 efff880001000058        0     1                 .L0 
ffff800001000058 efff880001000058        0     1                 .L0 
ffff800001000062 efff880001000062        0     1                 .L0 
ffff800001000064 efff880001000064        0     1                 .L0 
ffff800001000064 efff880001000064        0     1                 .L0 
ffff80000100006e efff88000100006e        0     1                 .L0 
ffff800001000072 efff880001000072        0     1                 .L0 
ffff800001000072 efff880001000072        0     1                 .L0 
ffff800001000072 efff880001000072        0     1                 .L0 
ffff800001000072 efff880001000072      290     2         /home/ryoj/github.com/okamotonr/mios/target/riscv64gc-unknown-none-elf/debug/deps/pong-ac7981778a5c11eb.1gu6llnb9kdfe9cwd4rgh9ijx.rcgu.o:(.text.main)
ffff800001000072 efff880001000072        0     1                 .L0 
ffff800001000072 efff880001000072        0     1                 .L0 
ffff800001000072 efff880001000072        0     1                 $x
ffff800001000072 efff880001000072        0     1                 .L0 
ffff800001000072 efff880001000072      290     1                 main
ffff80000100007a efff88000100007a        0     1                 .L0 
ffff80000100007a efff88000100007a        0     1                 .L0 
ffff800001000084 efff880001000084        0     1                 .Lpcrel_hi0
ffff800001000092 efff880001000092        0     1                 .Lpcrel_hi1
ffff800001000092 efff880001000092        0     1                 .L0 
ffff8000010000a0 efff8800010000a0        0     1                 .Lpcrel_hi2
ffff8000010000a0 efff8800010000a0        0     1                 .L0 
ffff8000010000ae efff8800010000ae        0     1                 .Lpcrel_hi3
ffff8000010000ae efff8800010000ae        0     1                 .L0 
ffff8000010000bc efff8800010000bc        0     1                 .L0 
ffff8000010000d0 efff8800010000d0        0     1                 .L0 
ffff8000010000d2 efff8800010000d2        0     1                 .L0 
ffff8000010000d4 efff8800010000d4        0     1                 .L0 
ffff8000010000f0 efff8800010000f0        0     1                 .L0 
ffff8000010000f0 efff8800010000f0        0     1                 .L0 
ffff8000010000f4 efff8800010000f4        0     1                 .L0 
ffff8000010000fe efff8800010000fe        0     1                 .L0 
ffff8000010000fe efff8800010000fe        0     1                 .L0 
ffff800001000106 efff880001000106        0     1                 .Lpcrel_hi4
ffff800001000106 efff880001000106        0     1                 .L0 
ffff800001000106 efff880001000106        0     1                 .L0 
ffff800001000128 efff880001000128        0     1                 .L0 
ffff800001000128 efff880001000128        0     1                 .L0 
ffff80000100012a efff88000100012a        0     1                 .L0 
ffff80000100012a efff88000100012a        0     1                 .L0 
ffff80000100012c efff88000100012c        0     1                 .L0 
ffff80000100012c efff88000100012c        0     1                 .L0 
ffff800001000134 efff880001000134        0     1                 .L0 
ffff800001000134 efff880001000134        0     1                 .L0 
ffff80000100013e efff88000100013e        0     1                 .L0 
ffff80000100013e efff88000100013e        0     1                 .L0 
ffff800001000142 efff880001000142        0     1                 .L0 
ffff800001000142 efff880001000142        0     1                 .L0 
ffff80000100015e efff88000100015e        0     1                 .L0 
ffff80000100015e efff88000100015e        0     1                 .Lpcrel_hi5
ffff80000100015e efff88000100015e        0     1                 .L0 
ffff800001000180 efff880001000180        0     1                 .L0 
ffff800001000180 efff880001000180        0     1                 .L0 
ffff800001000182 efff880001000182        0     1                 .L0 
ffff800001000182 efff880001000182        0     1                 .L0 
ffff800001000184 efff880001000184        0     1                 .L0 
ffff800001000184 efff880001000184        0     1                 .L0 
ffff80000100018c efff88000100018c        0     1                 .L0 
ffff80000100018c efff88000100018c        0     1                 .L0 
ffff800001000196 efff880001000196        0     1                 .L0 
ffff800001000196 efff880001000196        0     1                 .L0 
ffff80000100019a efff88000100019a        0     1                 .L0 
ffff80000100019a efff88000100019a        0     1                 .L0 
ffff8000010001b6 efff8800010001b6        0     1                 .L0 
ffff8000010001b6 efff8800010001b6        0     1                 .L0 
ffff8000010001ba efff8800010001ba        0     1                 .L0 
ffff8000010001c2 efff8800010001c2        0     1                 .Lpcrel_hi6
ffff8000010001c2 efff8800010001c2        0     1                 .L0 
ffff8000010001c2 efff8800010001c2        0     1                 .L0 
ffff8000010001e4 efff8800010001e4        0     1                 .L0 
ffff8000010001e4 efff8800010001e4        0     1                 .L0 
ffff8000010001e6 efff8800010001e6        0     1                 .L0 
ffff8000010001e6 efff8800010001e6        0     1                 .L0 
ffff8000010001e8 efff8800010001e8        0     1                 .L0 
ffff8000010001e8 efff8800010001e8        0     1                 .L0 
ffff8000010001f0 efff8800010001f0        0     1                 .L0 
ffff8000010001f0 efff8800010001f0        0     1                 .L0 
ffff8000010001fa efff8800010001fa        0     1                 .L0 
ffff8000010001fa efff8800010001fa        0     1                 .L0 
ffff8000010001fe efff8800010001fe        0     1                 .L0 
ffff8000010001fe efff8800010001fe        0     1                 .L0 
ffff80000100021a efff88000100021a        0     1                 .L0 
ffff80000100021a efff88000100021a        0     1                 .L0 
ffff80000100021e efff88000100021e        0     1                 .L0 
ffff800001000226 efff880001000226        0     1                 .Lpcrel_hi7
ffff800001000226 efff880001000226        0     1                 .L0 
ffff800001000226 efff880001000226        0     1                 .L0 
ffff800001000274 efff880001000274        0     1                 .L0 
ffff800001000274 efff880001000274        0     1                 .L0 
ffff800001000276 efff880001000276        0     1                 .L0 
ffff800001000276 efff880001000276        0     1                 .L0 
ffff800001000278 efff880001000278        0     1                 .L0 
ffff800001000278 efff880001000278        0     1                 .L0 
ffff800001000280 efff880001000280        0     1                 .L0 
ffff800001000280 efff880001000280        0     1                 .L0 
ffff80000100028a efff88000100028a        0     1                 .L0 
ffff80000100028a efff88000100028a        0     1                 .L0 
ffff80000100029a efff88000100029a        0     1                 .L0 
ffff80000100029a efff88000100029a        0     1                 .L0 
ffff8000010002aa efff8800010002aa        0     1                 .L0 
ffff8000010002aa efff8800010002aa        0     1                 .L0 
ffff8000010002b0 efff8800010002b0        0     1                 .L0 
ffff8000010002ba efff8800010002ba        0     1                 .L0 
ffff8000010002bc efff8800010002bc        0     1                 .L0 
ffff8000010002bc efff8800010002bc        0     1                 .L0 
ffff8000010002c2 efff8800010002c2        0     1                 .L0 
ffff8000010002d4 efff8800010002d4        0     1                 .L0 
ffff8000010002d4 efff8800010002d4        0     1                 .L0 
ffff8000010002da efff8800010002da        0     1                 .L0 
ffff8000010002da efff8800010002da        0     1                 .L0 
ffff8000010002dc efff8800010002dc        0     1                 .L0 
ffff8000010002e4 efff8800010002e4        0     1                 .L0 
ffff8000010002e4 efff8800010002e4        0     1                 .L0 
ffff8000010002ea efff8800010002ea        0     1                 .L0 
ffff8000010002ea efff8800010002ea        0     1                 .L0 
ffff8000010002ec efff8800010002ec        0     1                 .L0 
ffff8000010002ee efff8800010002ee        0     1                 .Lpcrel_hi8
ffff8000010002ee efff8800010002ee        0     1                 .L0 
ffff8000010002ee efff8800010002ee        0     1                 .L0 
ffff800001000302 efff880001000302        0     1                 .L0 
ffff800001000302 efff880001000302        0     1                 .L0 
ffff800001000302 efff880001000302        0     1                 .L0 
ffff800001000302 efff880001000302        0     1                 .L0 
ffff800001000302 efff880001000302       20     2         /home/ryoj/github.com/okamotonr/mios/target/riscv64gc-unknown-none-elf/debug/deps/pong-ac7981778a5c11eb.2oqewvs42shyvnkb13oarwxri.rcgu.o:(.text._ZN4core3str21_$LT$impl$u20$str$GT$5bytes17h0142837bee6ad3c3E)
ffff800001000302 efff880001000302        0     1                 .L0 
ffff800001000302 efff880001000302        0     1                 .L0 
ffff800001000302 efff880001000302        0     1                 $x
ffff800001000302 efff880001000302        0     1                 .L0 
ffff800001000302 efff880001000302       20     1                 core::str::_$LT$impl$u20$str$GT$::bytes::h0142837bee6ad3c3
ffff800001000308 efff880001000308        0     1                 .L0 
ffff800001000308 efff880001000308        0     1                 .L0 
ffff80000100030c efff88000100030c        0     1                 .L0 
ffff80000100030c efff88000100030c        0     1                 .L0 
ffff80000100030e efff88000100030e        0     1                 .L0 
ffff80000100030e efff88000100030e        0     1                 .L0 
ffff800001000312 efff880001000312        0     1                 .L0 
ffff800001000312 efff880001000312        0     1                 .L0 
ffff800001000314 efff880001000314        0     1                 .L0 
ffff800001000314 efff880001000314        0     1                 .L0 
ffff800001000316 efff880001000316        0     1                 .L0 
ffff800001000316 efff880001000316        0     1                 .L0 
ffff800001000318 efff880001000318        0     1                 .L0 
ffff80000100031a efff88000100031a        0     1                 .L0 
ffff80000100031a efff88000100031a        0     1                 .L0 
ffff80000100031e efff88000100031e        0     1                 .L0 
ffff800001000322 efff880001000322        0     1                 .L0 
ffff800001000322 efff880001000322       18     2         /home/ryoj/github.com/okamotonr/mios/target/riscv64gc-unknown-none-elf/debug/deps/pong-ac7981778a5c11eb.5o061hghggtxj5f4xbgyeele8.rcgu.o:(.text._ZN4core4iter6traits8iterator8Iterator9enumerate17hed6f5365acd65802E)
ffff800001000322 efff880001000322        0     1                 .L0 
ffff800001000322 efff880001000322        0     1                 .L0 
ffff800001000322 efff880001000322        0     1                 $x
ffff800001000322 efff880001000322        0     1                 .L0 
ffff800001000322 efff880001000322       18     1                 core::iter::traits::iterator::Iterator::enumerate::hed6f5365acd65802
ffff80000100032e efff88000100032e        0     1                 .L0 
ffff80000100032e efff88000100032e        0     1                 .L0 
ffff800001000336 efff880001000336        0     1                 .L0 
ffff80000100033a efff88000100033a        0     1                 .L0 
ffff80000100033a efff88000100033a        a     2         /home/ryoj/github.com/okamotonr/mios/target/riscv64gc-unknown-none-elf/debug/deps/pong-ac7981778a5c11eb.5o061hghggtxj5f4xbgyeele8.rcgu.o:(.text._ZN63_$LT$I$u20$as$u20$core..iter..traits..collect..IntoIterator$GT$9into_iter17h6721384a25fdca4fE)
ffff80000100033a efff88000100033a        0     1                 .L0 
ffff80000100033a efff88000100033a        0     1                 .L0 
ffff80000100033a efff88000100033a        0     1                 $x
ffff80000100033a efff88000100033a        0     1                 .L0 
ffff80000100033a efff88000100033a        a     1                 _$LT$I$u20$as$u20$core..iter..traits..collect..IntoIterator$GT$::into_iter::h6721384a25fdca4f
ffff800001000340 efff880001000340        0     1                 .L0 
ffff800001000344 efff880001000344        0     1                 .L0 
ffff800001000344 efff880001000344       70     2         /home/ryoj/github.com/okamotonr/mios/target/riscv64gc-unknown-none-elf/debug/deps/pong-ac7981778a5c11eb.7lbakzqf8s53st5rj8vrgq9vy.rcgu.o:(.text._ZN91_$LT$core..slice..iter..Iter$LT$T$GT$$u20$as$u20$core..iter..traits..iterator..Iterator$GT$4next17h48dedd6570956a38E)
ffff800001000344 efff880001000344        0     1                 .L0 
ffff800001000344 efff880001000344        0     1                 .L0 
ffff800001000344 efff880001000344        0     1                 $x
ffff800001000344 efff880001000344        0     1                 .L0 
ffff800001000344 efff880001000344       70     1                 _$LT$core..slice..iter..Iter$LT$T$GT$$u20$as$u20$core..iter..traits..iterator..Iterator$GT$::next::h48dedd6570956a38
ffff80000100034c efff88000100034c        0     1                 .L0 
ffff80000100034e efff88000100034e        0     1                 .L0 
ffff800001000350 efff880001000350        0     1                 .L0 
ffff800001000352 efff880001000352        0     1                 .L0 
ffff800001000354 efff880001000354        0     1                 .L0 
ffff80000100035a efff88000100035a        0     1                 .L0 
ffff80000100035e efff88000100035e        0     1                 .L0 
ffff80000100035e efff88000100035e        0     1                 .L0 
ffff800001000362 efff880001000362        0     1                 .L0 
ffff800001000364 efff880001000364        0     1                 .L0 
ffff800001000364 efff880001000364        0     1                 .L0 
ffff800001000368 efff880001000368        0     1                 .L0 
ffff800001000368 efff880001000368        0     1                 .L0 
ffff80000100036a efff88000100036a        0     1                 .L0 
ffff800001000374 efff880001000374        0     1                 .L0 
ffff800001000376 efff880001000376        0     1                 .L0 
ffff800001000380 efff880001000380        0     1                 .L0 
ffff800001000382 efff880001000382        0     1                 .L0 
ffff800001000382 efff880001000382        0     1                 .L0 
ffff800001000386 efff880001000386        0     1                 .L0 
ffff800001000386 efff880001000386        0     1                 .L0 
ffff800001000388 efff880001000388        0     1                 .L0 
ffff800001000388 efff880001000388        0     1                 .L0 
ffff80000100038a efff88000100038a        0     1                 .L0 
ffff80000100038c efff88000100038c        0     1                 .L0 
ffff80000100038e efff88000100038e        0     1                 .L0 
ffff800001000390 efff880001000390        0     1                 .L0 
ffff800001000390 efff880001000390        0     1                 .L0 
ffff800001000396 efff880001000396        0     1                 .L0 
ffff800001000396 efff880001000396        0     1                 .L0 
ffff800001000398 efff880001000398        0     1                 .L0 
ffff800001000398 efff880001000398        0     1                 .L0 
ffff80000100039c efff88000100039c        0     1                 .L0 
ffff80000100039c efff88000100039c        0     1                 .L0 
ffff80000100039e efff88000100039e        0     1                 .L0 
ffff80000100039e efff88000100039e        0     1                 .L0 
ffff8000010003a0 efff8800010003a0        0     1                 .L0 
ffff8000010003a0 efff8800010003a0        0     1                 .L0 
ffff8000010003a2 efff8800010003a2        0     1                 .L0 
ffff8000010003a2 efff8800010003a2        0     1                 .L0 
ffff8000010003a4 efff8800010003a4        0     1                 .L0 
ffff8000010003a6 efff8800010003a6        0     1                 .L0 
ffff8000010003a6 efff8800010003a6        0     1                 .L0 
ffff8000010003aa efff8800010003aa        0     1                 .L0 
ffff8000010003aa efff8800010003aa        0     1                 .L0 
ffff8000010003ac efff8800010003ac        0     1                 .L0 
ffff8000010003ae efff8800010003ae        0     1                 .L0 
ffff8000010003b0 efff8800010003b0        0     1                 .L0 
ffff8000010003b4 efff8800010003b4        0     1                 .L0 
ffff8000010003b4 efff8800010003b4        0     1                 .L0 
ffff8000010003b4 efff8800010003b4        0     1                 .L0 
ffff8000010003b4 efff8800010003b4       8e     2         /home/ryoj/github.com/okamotonr/mios/target/riscv64gc-unknown-none-elf/debug/deps/pong-ac7981778a5c11eb.bf1piu3tmjrnxhsvyxs4z6zg2.rcgu.o:(.text._ZN110_$LT$core..iter..adapters..enumerate..Enumerate$LT$I$GT$$u20$as$u20$core..iter..traits..iterator..Iterator$GT$4next17he99ff44ca8a4f0c9E)
ffff8000010003b4 efff8800010003b4        0     1                 .L0 
ffff8000010003b4 efff8800010003b4        0     1                 .L0 
ffff8000010003b4 efff8800010003b4        0     1                 $x
ffff8000010003b4 efff8800010003b4        0     1                 .L0 
ffff8000010003b4 efff8800010003b4       8e     1                 _$LT$core..iter..adapters..enumerate..Enumerate$LT$I$GT$$u20$as$u20$core..iter..traits..iterator..Iterator$GT$::next::he99ff44ca8a4f0c9
ffff8000010003c2 efff8800010003c2        0     1                 .L0 
ffff8000010003d4 efff8800010003d4        0     1                 .L0 
ffff8000010003d4 efff8800010003d4        0     1                 .L0 
ffff8000010003de efff8800010003de        0     1                 .L0 
ffff8000010003de efff8800010003de        0     1                 .L0 
ffff8000010003e2 efff8800010003e2        0     1                 .L0 
ffff8000010003e2 efff8800010003e2        0     1                 .L0 
ffff8000010003e4 efff8800010003e4        0     1                 .L0 
ffff8000010003e6 efff8800010003e6        0     1                 .L0 
ffff8000010003e8 efff8800010003e8        0     1                 .L0 
ffff8000010003e8 efff8800010003e8        0     1                 .L0 
ffff8000010003f0 efff8800010003f0        0     1                 .L0 
ffff8000010003f0 efff8800010003f0        0     1                 .L0 
ffff8000010003fa efff8800010003fa        0     1                 .L0 
ffff8000010003fa efff8800010003fa        0     1                 .L0 
ffff800001000404 efff880001000404        0     1                 .L0 
ffff800001000404 efff880001000404        0     1                 .L0 
ffff80000100040a efff88000100040a        0     1                 .L0 
ffff80000100040a efff88000100040a        0     1                 .L0 
ffff800001000414 efff880001000414        0     1                 .L0 
ffff800001000414 efff880001000414        0     1                 .L0 
ffff800001000416 efff880001000416        0     1                 .L0 
ffff80000100041a efff88000100041a        0     1                 .L0 
ffff800001000424 efff880001000424        0     1                 .L0 
ffff800001000424 efff880001000424        0     1                 .L0 
ffff800001000426 efff880001000426        0     1                 .L0 
ffff800001000430 efff880001000430        0     1                 .L0 
ffff800001000430 efff880001000430        0     1                 .L0 
ffff800001000432 efff880001000432        0     1                 .Lpcrel_hi0
ffff800001000432 efff880001000432        0     1                 .L0 
ffff800001000432 efff880001000432        0     1                 .L0 
ffff800001000442 efff880001000442        0     1                 .L0 
ffff800001000442 efff880001000442        0     1                 .L0 
ffff800001000442 efff880001000442        0     1                 .L0 
ffff800001000442 efff880001000442        0     1                 .L0 
ffff800001000442 efff880001000442       18     2         /home/ryoj/github.com/okamotonr/mios/target/riscv64gc-unknown-none-elf/debug/deps/pong-ac7981778a5c11eb.bf1piu3tmjrnxhsvyxs4z6zg2.rcgu.o:(.text._ZN63_$LT$I$u20$as$u20$core..iter..traits..collect..IntoIterator$GT$9into_iter17heeebe91006984b40E)
ffff800001000442 efff880001000442        0     1                 .L0 
ffff800001000442 efff880001000442        0     1                 .L0 
ffff800001000442 efff880001000442        0     1                 $x
ffff800001000442 efff880001000442        0     1                 .L0 
ffff800001000442 efff880001000442       18     1                 _$LT$I$u20$as$u20$core..iter..traits..collect..IntoIterator$GT$::into_iter::heeebe91006984b40
ffff80000100044a efff88000100044a        0     1                 .L0 
ffff800001000456 efff880001000456        0     1                 .L0 
ffff80000100045a efff88000100045a        0     1                 .L0 
ffff80000100045a efff88000100045a        8     2         /home/ryoj/github.com/okamotonr/mios/target/riscv64gc-unknown-none-elf/debug/deps/pong-ac7981778a5c11eb.dhx0d4xxjm8eq5c5rzv8ig9b4.rcgu.o:(.text.rust_begin_unwind)
ffff80000100045a efff88000100045a        0     1                 .L0 
ffff80000100045a efff88000100045a        0     1                 .L0 
ffff80000100045a efff88000100045a        0     1                 $x
ffff80000100045a efff88000100045a        0     1                 .L0 
ffff80000100045a efff88000100045a        8     1                 rust_begin_unwind
ffff80000100045e efff88000100045e        0     1                 .L0 
ffff800001000462 efff880001000462        0     1                 .L0 
ffff800001000462 efff880001000462        0     1                 .L0 
ffff800001000462 efff880001000462        0     1                 .L0 
ffff800001000462 efff880001000462       2a     2         /home/ryoj/github.com/okamotonr/mios/target/riscv64gc-unknown-none-elf/debug/deps/pong-ac7981778a5c11eb.dhx0d4xxjm8eq5c5rzv8ig9b4.rcgu.o:(.text.exit)
ffff800001000462 efff880001000462        0     1                 .L0 
ffff800001000462 efff880001000462        0     1                 .L0 
ffff800001000462 efff880001000462        0     1                 $x
ffff800001000462 efff880001000462        0     1                 .L0 
ffff800001000462 efff880001000462       2a     1                 exit
ffff800001000466 efff880001000466        0     1                 .Lpcrel_hi1
ffff800001000466 efff880001000466        0     1                 .L0 
ffff80000100047c efff88000100047c        0     1                 .Lpcrel_hi2
ffff80000100048c efff88000100048c        0     1                 .L0 
ffff80000100048c efff88000100048c       2c     2         /home/ryoj/github.com/okamotonr/mios/target/riscv64gc-unknown-none-elf/debug/deps/libcommon-6670c06b0eba65ae.rlib(common-6670c06b0eba65ae.398erwk1b98fgrmfmllx5q5x4.rcgu.o):(.text._ZN4core3fmt9Arguments9new_const17h182a3406972c5bcbE)
ffff80000100048c efff88000100048c        0     1                 .L0 
ffff80000100048c efff88000100048c        0     1                 .L0 
ffff80000100048c efff88000100048c        0     1                 $x
ffff80000100048c efff88000100048c        0     1                 .L0 
ffff80000100048c efff88000100048c       2c     1                 core::fmt::Arguments::new_const::h182a3406972c5bcb
ffff800001000496 efff880001000496        0     1                 .L0 
ffff80000100049c efff88000100049c        0     1                 .Lpcrel_hi0
ffff8000010004b4 efff8800010004b4        0     1                 .L0 
ffff8000010004b8 efff8800010004b8        0     1                 .L0 
ffff8000010004b8 efff8800010004b8       42     2         /home/ryoj/github.com/okamotonr/mios/target/riscv64gc-unknown-none-elf/debug/deps/libcommon-6670c06b0eba65ae.rlib(common-6670c06b0eba65ae.84h1q9dmw4gac1mkklmp42gnf.rcgu.o):(.text._ZN6common7syscall7Message3new17h6c2bd9ee69ecf20dE)
ffff8000010004b8 efff8800010004b8        0     1                 .L0 
ffff8000010004b8 efff8800010004b8        0     1                 .L0 
ffff8000010004b8 efff8800010004b8        0     1                 $x
ffff8000010004b8 efff8800010004b8        0     1                 .L0 
ffff8000010004b8 efff8800010004b8       42     1                 common::syscall::Message::new::h6c2bd9ee69ecf20d
ffff8000010004d0 efff8800010004d0        0     1                 .L0 
ffff8000010004e0 efff8800010004e0        0     1                 .L0 
ffff8000010004f4 efff8800010004f4        0     1                 .L0 
ffff8000010004fa efff8800010004fa        0     1                 .L0 
ffff8000010004fa efff8800010004fa       32     2         /home/ryoj/github.com/okamotonr/mios/target/riscv64gc-unknown-none-elf/debug/deps/libcommon-6670c06b0eba65ae.rlib(common-6670c06b0eba65ae.84h1q9dmw4gac1mkklmp42gnf.rcgu.o):(.text._ZN6common7syscall7syscall17hb3ee521996b35d50E)
ffff8000010004fa efff8800010004fa       32     1                 common::syscall::syscall::hb3ee521996b35d50
ffff8000010004fa efff8800010004fa        0     1                 .L0 
ffff8000010004fa efff8800010004fa        0     1                 .L0 
ffff8000010004fa efff8800010004fa        0     1                 $x
ffff8000010004fa efff8800010004fa        0     1                 .L0 
ffff80000100051e efff88000100051e        0     1                 .L0 
ffff80000100051e efff88000100051e        0     1                 .L0 
ffff800001000520 efff880001000520        0     1                 .L0 
ffff800001000526 efff880001000526        0     1                 .L0 
ffff800001000528 efff880001000528        0     1                 .L0 
ffff80000100052c efff88000100052c        0     1                 .L0 
ffff80000100052c efff88000100052c       24     2         /home/ryoj/github.com/okamotonr/mios/target/riscv64gc-unknown-none-elf/debug/deps/libcommon-6670c06b0eba65ae.rlib(common-6670c06b0eba65ae.84h1q9dmw4gac1mkklmp42gnf.rcgu.o):(.text._ZN6common7syscall8put_char17hc677d367783a5763E)
ffff80000100052c efff88000100052c        0     1                 .L0 
ffff80000100052c efff88000100052c        0     1                 .L0 
ffff80000100052c efff88000100052c        0     1                 $x
ffff80000100052c efff88000100052c        0     1                 .L0 
ffff80000100052c efff88000100052c       24     1                 common::syscall::put_char::hc677d367783a5763
ffff800001000534 efff880001000534        0     1                 .L0 
ffff800001000536 efff880001000536        0     1                 .L0 
ffff80000100053c efff88000100053c        0     1                 .L0 
ffff80000100054c efff88000100054c        0     1                 .L0 
ffff800001000550 efff880001000550        0     1                 .L0 
ffff800001000550 efff880001000550       22     2         /home/ryoj/github.com/okamotonr/mios/target/riscv64gc-unknown-none-elf/debug/deps/libcommon-6670c06b0eba65ae.rlib(common-6670c06b0eba65ae.84h1q9dmw4gac1mkklmp42gnf.rcgu.o):(.text._ZN6common7syscall5sleep17h4b529bde319a1cc6E)
ffff800001000550 efff880001000550        0     1                 .L0 
ffff800001000550 efff880001000550        0     1                 .L0 
ffff800001000550 efff880001000550        0     1                 $x
ffff800001000550 efff880001000550        0     1                 .L0 
ffff800001000550 efff880001000550       22     1                 common::syscall::sleep::h4b529bde319a1cc6
ffff80000100055a efff88000100055a        0     1                 .L0 
ffff80000100055c efff88000100055c        0     1                 .L0 
ffff80000100056e efff88000100056e        0     1                 .L0 
ffff800001000572 efff880001000572        0     1                 .L0 
ffff800001000572 efff880001000572       26     2         /home/ryoj/github.com/okamotonr/mios/target/riscv64gc-unknown-none-elf/debug/deps/libcommon-6670c06b0eba65ae.rlib(common-6670c06b0eba65ae.84h1q9dmw4gac1mkklmp42gnf.rcgu.o):(.text._ZN6common7syscall4send17h2d9c22c4546dcd3dE)
ffff800001000572 efff880001000572        0     1                 .L0 
ffff800001000572 efff880001000572        0     1                 .L0 
ffff800001000572 efff880001000572        0     1                 $x
ffff800001000572 efff880001000572        0     1                 .L0 
ffff800001000572 efff880001000572       26     1                 common::syscall::send::h2d9c22c4546dcd3d
ffff80000100057e efff88000100057e        0     1                 .L0 
ffff800001000582 efff880001000582        0     1                 .L0 
ffff800001000582 efff880001000582        0     1                 .L0 
ffff800001000584 efff880001000584        0     1                 .L0 
ffff800001000594 efff880001000594        0     1                 .L0 
ffff800001000598 efff880001000598        0     1                 .L0 
ffff800001000598 efff880001000598       24     2         /home/ryoj/github.com/okamotonr/mios/target/riscv64gc-unknown-none-elf/debug/deps/libcommon-6670c06b0eba65ae.rlib(common-6670c06b0eba65ae.84h1q9dmw4gac1mkklmp42gnf.rcgu.o):(.text._ZN6common7syscall7recieve17h60bafcadb76a1911E)
ffff800001000598 efff880001000598        0     1                 .L0 
ffff800001000598 efff880001000598        0     1                 .L0 
ffff800001000598 efff880001000598        0     1                 $x
ffff800001000598 efff880001000598        0     1                 .L0 
ffff800001000598 efff880001000598       24     1                 common::syscall::recieve::h60bafcadb76a1911
ffff8000010005a0 efff8800010005a0        0     1                 .L0 
ffff8000010005a4 efff8800010005a4        0     1                 .L0 
ffff8000010005a4 efff8800010005a4        0     1                 .L0 
ffff8000010005a6 efff8800010005a6        0     1                 .L0 
ffff8000010005b8 efff8800010005b8        0     1                 .L0 
ffff8000010005bc efff8800010005bc        0     1                 .L0 
ffff8000010005bc efff8800010005bc       22     2         /home/ryoj/.rustup/toolchains/nightly-x86_64-unknown-linux-gnu/lib/rustlib/riscv64gc-unknown-none-elf/lib/libcore-b7430222903c4bab.rlib(core-b7430222903c4bab.core.dc7d52b7b0a3d91-cgu.0.rcgu.o):(.text.unlikely._ZN4core9panicking9panic_fmt17he83d6e6d0a8a5dedE)
ffff8000010005bc efff8800010005bc        0     1                 .L0 
ffff8000010005bc efff8800010005bc        0     1                 .L0 
ffff8000010005bc efff8800010005bc        0     1                 $x
ffff8000010005bc efff8800010005bc        0     1                 .L0 
ffff8000010005bc efff8800010005bc       22     1                 core::panicking::panic_fmt::he83d6e6d0a8a5ded
ffff8000010005c4 efff8800010005c4        0     1                 .L0 
ffff8000010005c4 efff8800010005c4        0     1                 .L0 
ffff8000010005d2 efff8800010005d2        0     1                 .L0 
ffff8000010005de efff8800010005de        0     1                 .L0 
ffff8000010005de efff8800010005de       50     2         /home/ryoj/.rustup/toolchains/nightly-x86_64-unknown-linux-gnu/lib/rustlib/riscv64gc-unknown-none-elf/lib/libcore-b7430222903c4bab.rlib(core-b7430222903c4bab.core.dc7d52b7b0a3d91-cgu.0.rcgu.o):(.text.unlikely._ZN4core9panicking18panic_bounds_check17hddf1aa0c9833af46E)
ffff8000010005de efff8800010005de        0     1                 .L0 
ffff8000010005de efff8800010005de        0     1                 .L0 
ffff8000010005de efff8800010005de        0     1                 $x
ffff8000010005de efff8800010005de        0     1                 .L0 
ffff8000010005de efff8800010005de       50     1                 core::panicking::panic_bounds_check::hddf1aa0c9833af46
ffff8000010005f2 efff8800010005f2        0     1                 .L0 
ffff8000010005f4 efff8800010005f4        0     1                 .Lpcrel_hi344
ffff800001000606 efff880001000606        0     1                 .Lpcrel_hi345
ffff800001000606 efff880001000606        0     1                 .L0 
ffff800001000606 efff880001000606        0     1                 .L0 
ffff800001000620 efff880001000620        0     1                 .L0 
ffff80000100062e efff88000100062e        0     1                 .L0 
ffff80000100062e efff88000100062e      224     2         /home/ryoj/.rustup/toolchains/nightly-x86_64-unknown-linux-gnu/lib/rustlib/riscv64gc-unknown-none-elf/lib/libcore-b7430222903c4bab.rlib(core-b7430222903c4bab.core.dc7d52b7b0a3d91-cgu.0.rcgu.o):(.text._ZN4core3fmt9Formatter12pad_integral17hf8f5437bb8156aebE)
ffff80000100062e efff88000100062e        0     1                 .L0 
ffff80000100062e efff88000100062e        0     1                 .L0 
ffff80000100062e efff88000100062e        0     1                 $x
ffff80000100062e efff88000100062e        0     1                 .L0 
ffff80000100062e efff88000100062e      224     1                 core::fmt::Formatter::pad_integral::hf8f5437bb8156aeb
ffff800001000654 efff880001000654        0     1                 .L0 
ffff800001000656 efff880001000656        0     1                 .L0 
ffff800001000656 efff880001000656        0     1                 .L0 
ffff80000100065a efff88000100065a        0     1                 .L0 
ffff800001000666 efff880001000666        0     1                 .L0 
ffff80000100066a efff88000100066a        0     1                 .L0 
ffff80000100066c efff88000100066c        0     1                 .L0 
ffff80000100066c efff88000100066c        0     1                 .L0 
ffff800001000670 efff880001000670        0     1                 .L0 
ffff800001000670 efff880001000670        0     1                 .L0 
ffff800001000672 efff880001000672        0     1                 .L0 
ffff800001000676 efff880001000676        0     1                 .L0 
ffff800001000676 efff880001000676        0     1                 .L0 
ffff80000100067a efff88000100067a        0     1                 .L0 
ffff80000100067c efff88000100067c        0     1                 .L0 
ffff80000100067c efff88000100067c        0     1                 .L0 
ffff800001000680 efff880001000680        0     1                 .L0 
ffff800001000686 efff880001000686        0     1                 .L0 
ffff80000100068a efff88000100068a        0     1                 .L0 
ffff80000100068a efff88000100068a        0     1                 .L0 
ffff800001000692 efff880001000692        0     1                 .L0 
ffff800001000692 efff880001000692        0     1                 .L0 
ffff800001000694 efff880001000694        0     1                 .L0 
ffff800001000694 efff880001000694        0     1                 .L0 
ffff800001000696 efff880001000696        0     1                 .L0 
ffff800001000696 efff880001000696        0     1                 .L0 
ffff80000100069a efff88000100069a        0     1                 .L0 
ffff80000100069a efff88000100069a        0     1                 .L0 
ffff80000100069c efff88000100069c        0     1                 .L0 
ffff80000100069e efff88000100069e        0     1                 .L0 
ffff8000010006a2 efff8800010006a2        0     1                 .L0 
ffff8000010006a2 efff8800010006a2        0     1                 .L0 
ffff8000010006a4 efff8800010006a4        0     1                 .L0 
ffff8000010006a4 efff8800010006a4        0     1                 .L0 
ffff8000010006ac efff8800010006ac        0     1                 .L0 
ffff8000010006ac efff8800010006ac        0     1                 .L0 
ffff8000010006b0 efff8800010006b0        0     1                 .L0 
ffff8000010006b0 efff8800010006b0        0     1                 .L0 
ffff8000010006b2 efff8800010006b2        0     1                 .L0 
ffff8000010006b4 efff8800010006b4        0     1                 .L0 
ffff8000010006b6 efff8800010006b6        0     1                 .L0 
ffff8000010006ba efff8800010006ba        0     1                 .L0 
ffff8000010006bc efff8800010006bc        0     1                 .L0 
ffff8000010006bc efff8800010006bc        0     1                 .L0 
ffff8000010006cc efff8800010006cc        0     1                 .L0 
ffff8000010006cc efff8800010006cc        0     1                 .L0 
ffff8000010006ce efff8800010006ce        0     1                 .L0 
ffff8000010006d2 efff8800010006d2        0     1                 .L0 
ffff8000010006d4 efff8800010006d4        0     1                 .L0 
ffff8000010006d8 efff8800010006d8        0     1                 .L0 
ffff8000010006dc efff8800010006dc        0     1                 .L0 
ffff8000010006dc efff8800010006dc        0     1                 .L0 
ffff8000010006e0 efff8800010006e0        0     1                 .L0 
ffff8000010006e0 efff8800010006e0        0     1                 .L0 
ffff8000010006e6 efff8800010006e6        0     1                 .L0 
ffff8000010006e6 efff8800010006e6        0     1                 .L0 
ffff8000010006ea efff8800010006ea        0     1                 .L0 
ffff8000010006ea efff8800010006ea        0     1                 .L0 
ffff8000010006f2 efff8800010006f2        0     1                 .L0 
ffff8000010006f2 efff8800010006f2        0     1                 .L0 
ffff800001000736 efff880001000736        0     1                 .L0 
ffff800001000736 efff880001000736        0     1                 .L0 
ffff80000100073c efff88000100073c        0     1                 .L0 
ffff80000100073c efff88000100073c        0     1                 .L0 
ffff800001000744 efff880001000744        0     1                 .L0 
ffff800001000744 efff880001000744        0     1                 .L0 
ffff80000100074c efff88000100074c        0     1                 .L0 
ffff80000100074c efff88000100074c        0     1                 .L0 
ffff800001000752 efff880001000752        0     1                 .L0 
ffff800001000752 efff880001000752        0     1                 .L0 
ffff800001000756 efff880001000756        0     1                 .L0 
ffff800001000756 efff880001000756        0     1                 .L0 
ffff80000100076a efff88000100076a        0     1                 .L0 
ffff80000100076c efff88000100076c        0     1                 .L0 
ffff80000100076c efff88000100076c        0     1                 .L0 
ffff800001000772 efff880001000772        0     1                 .L0 
ffff800001000772 efff880001000772        0     1                 .L0 
ffff800001000776 efff880001000776        0     1                 .L0 
ffff800001000776 efff880001000776        0     1                 .L0 
ffff800001000782 efff880001000782        0     1                 .L0 
ffff800001000782 efff880001000782        0     1                 .L0 
ffff800001000786 efff880001000786        0     1                 .L0 
ffff800001000786 efff880001000786        0     1                 .L0 
ffff800001000788 efff880001000788        0     1                 .L0 
ffff800001000788 efff880001000788        0     1                 .L0 
ffff80000100078c efff88000100078c        0     1                 .L0 
ffff800001000790 efff880001000790        0     1                 .L0 
ffff800001000798 efff880001000798        0     1                 .L0 
ffff8000010007a8 efff8800010007a8        0     1                 .L0 
ffff8000010007ac efff8800010007ac        0     1                 .L0 
ffff8000010007ac efff8800010007ac        0     1                 .L0 
ffff8000010007ae efff8800010007ae        0     1                 .L0 
ffff8000010007b0 efff8800010007b0        0     1                 .L0 
ffff8000010007b0 efff8800010007b0        0     1                 .L0 
ffff8000010007ba efff8800010007ba        0     1                 .L0 
ffff8000010007ba efff8800010007ba        0     1                 .L0 
ffff8000010007bc efff8800010007bc        0     1                 .L0 
ffff8000010007bc efff8800010007bc        0     1                 .L0 
ffff8000010007d8 efff8800010007d8        0     1                 .L0 
ffff8000010007dc efff8800010007dc        0     1                 .L0 
ffff8000010007f4 efff8800010007f4        0     1                 .L0 
ffff800001000806 efff880001000806        0     1                 .L0 
ffff800001000806 efff880001000806        0     1                 .L0 
ffff80000100080e efff88000100080e        0     1                 .L0 
ffff80000100080e efff88000100080e        0     1                 .L0 
ffff800001000812 efff880001000812        0     1                 .L0 
ffff800001000812 efff880001000812        0     1                 .L0 
ffff800001000816 efff880001000816        0     1                 .L0 
ffff800001000816 efff880001000816        0     1                 .L0 
ffff800001000820 efff880001000820        0     1                 .L0 
ffff800001000820 efff880001000820        0     1                 .L0 
ffff800001000824 efff880001000824        0     1                 .L0 
ffff800001000824 efff880001000824        0     1                 .L0 
ffff800001000828 efff880001000828        0     1                 .L0 
ffff800001000828 efff880001000828        0     1                 .L0 
ffff80000100082a efff88000100082a        0     1                 .L0 
ffff80000100083c efff88000100083c        0     1                 .L0 
ffff80000100083e efff88000100083e        0     1                 .L0 
ffff800001000846 efff880001000846        0     1                 .L0 
ffff80000100084c efff88000100084c        0     1                 .L0 
ffff80000100084c efff88000100084c        0     1                 .L0 
ffff800001000850 efff880001000850        0     1                 .L0 
ffff800001000850 efff880001000850        0     1                 .L0 
ffff800001000852 efff880001000852        0     1                 .L0 
ffff800001000852 efff880001000852        0     1                 .L0 
ffff800001000852 efff880001000852        0     1                 .L0 
ffff800001000852 efff880001000852       60     2         /home/ryoj/.rustup/toolchains/nightly-x86_64-unknown-linux-gnu/lib/rustlib/riscv64gc-unknown-none-elf/lib/libcore-b7430222903c4bab.rlib(core-b7430222903c4bab.core.dc7d52b7b0a3d91-cgu.0.rcgu.o):(.text._ZN4core3fmt9Formatter12pad_integral12write_prefix17h823c00d70fcaf93fE)
ffff800001000852 efff880001000852       60     1                 core::fmt::Formatter::pad_integral::write_prefix::h823c00d70fcaf93f
ffff800001000852 efff880001000852        0     1                 .L0 
ffff800001000852 efff880001000852        0     1                 .L0 
ffff800001000852 efff880001000852        0     1                 $x
ffff800001000852 efff880001000852        0     1                 .L0 
ffff80000100086c efff88000100086c        0     1                 .L0 
ffff800001000870 efff880001000870        0     1                 .L0 
ffff800001000880 efff880001000880        0     1                 .L0 
ffff800001000880 efff880001000880        0     1                 .L0 
ffff800001000882 efff880001000882        0     1                 .L0 
ffff800001000882 efff880001000882        0     1                 .L0 
ffff800001000886 efff880001000886        0     1                 .L0 
ffff80000100089a efff88000100089a        0     1                 .L0 
ffff80000100089e efff88000100089e        0     1                 .L0 
ffff8000010008a0 efff8800010008a0        0     1                 .L0 
ffff8000010008ae efff8800010008ae        0     1                 .L0 
ffff8000010008b2 efff8800010008b2        0     1                 .L0 
ffff8000010008b2 efff8800010008b2        0     1                 .L0 
ffff8000010008b2 efff8800010008b2        0     1                 .L0 
ffff8000010008b2 efff8800010008b2      1aa     2         /home/ryoj/.rustup/toolchains/nightly-x86_64-unknown-linux-gnu/lib/rustlib/riscv64gc-unknown-none-elf/lib/libcore-b7430222903c4bab.rlib(core-b7430222903c4bab.core.dc7d52b7b0a3d91-cgu.0.rcgu.o):(.text._ZN4core3str5count14do_count_chars17h116e0ae3ba5ede2aE)
ffff8000010008b2 efff8800010008b2        0     1                 .L0 
ffff8000010008b2 efff8800010008b2        0     1                 .L0 
ffff8000010008b2 efff8800010008b2        0     1                 $x
ffff8000010008b2 efff8800010008b2        0     1                 .L0 
ffff8000010008b2 efff8800010008b2      1aa     1                 core::str::count::do_count_chars::h116e0ae3ba5ede2a
ffff8000010008bc efff8800010008bc        0     1                 .L0 
ffff8000010008bc efff8800010008bc        0     1                 .L0 
ffff8000010008c2 efff8800010008c2        0     1                 .L0 
ffff8000010008c6 efff8800010008c6        0     1                 .L0 
ffff8000010008ca efff8800010008ca        0     1                 .L0 
ffff8000010008ca efff8800010008ca        0     1                 .L0 
ffff8000010008cc efff8800010008cc        0     1                 .L0 
ffff8000010008cc efff8800010008cc        0     1                 .L0 
ffff8000010008ce efff8800010008ce        0     1                 .L0 
ffff8000010008d0 efff8800010008d0        0     1                 .L0 
ffff8000010008d4 efff8800010008d4        0     1                 .L0 
ffff8000010008d4 efff8800010008d4        0     1                 .L0 
ffff8000010008dc efff8800010008dc        0     1                 .L0 
ffff8000010008dc efff8800010008dc        0     1                 .L0 
ffff8000010008de efff8800010008de        0     1                 .L0 
ffff8000010008de efff8800010008de        0     1                 .L0 
ffff8000010008e0 efff8800010008e0        0     1                 .L0 
ffff8000010008e0 efff8800010008e0        0     1                 .L0 
ffff8000010008e4 efff8800010008e4        0     1                 .L0 
ffff8000010008e4 efff8800010008e4        0     1                 .L0 
ffff8000010008e8 efff8800010008e8        0     1                 .L0 
ffff8000010008ec efff8800010008ec        0     1                 .L0 
ffff8000010008ec efff8800010008ec        0     1                 .L0 
ffff8000010008f0 efff8800010008f0        0     1                 .L0 
ffff8000010008f0 efff8800010008f0        0     1                 .L0 
ffff8000010008f4 efff8800010008f4        0     1                 .L0 
ffff8000010008f4 efff8800010008f4        0     1                 .L0 
ffff8000010008f8 efff8800010008f8        0     1                 .L0 
ffff800001000900 efff880001000900        0     1                 .L0 
ffff800001000900 efff880001000900        0     1                 .L0 
ffff800001000904 efff880001000904        0     1                 .L0 
ffff800001000908 efff880001000908        0     1                 .L0 
ffff800001000908 efff880001000908        0     1                 .L0 
ffff800001000910 efff880001000910        0     1                 .L0 
ffff800001000910 efff880001000910        0     1                 .L0 
ffff800001000912 efff880001000912        0     1                 .L0 
ffff800001000912 efff880001000912        0     1                 .L0 
ffff800001000914 efff880001000914        0     1                 .L0 
ffff800001000914 efff880001000914        0     1                 .L0 
ffff800001000918 efff880001000918        0     1                 .L0 
ffff800001000918 efff880001000918        0     1                 .L0 
ffff80000100091a efff88000100091a        0     1                 .L0 
ffff80000100091a efff88000100091a        0     1                 .L0 
ffff80000100091e efff88000100091e        0     1                 .L0 
ffff800001000926 efff880001000926        0     1                 .L0 
ffff80000100092a efff88000100092a        0     1                 .L0 
ffff80000100092e efff88000100092e        0     1                 .L0 
ffff80000100092e efff88000100092e        0     1                 .L0 
ffff800001000936 efff880001000936        0     1                 .L0 
ffff800001000936 efff880001000936        0     1                 .L0 
ffff800001000938 efff880001000938        0     1                 .L0 
ffff800001000938 efff880001000938        0     1                 .L0 
ffff80000100093a efff88000100093a        0     1                 .L0 
ffff80000100093a efff88000100093a        0     1                 .L0 
ffff80000100093e efff88000100093e        0     1                 .L0 
ffff80000100093e efff88000100093e        0     1                 .L0 
ffff800001000966 efff880001000966        0     1                 .L0 
ffff80000100096c efff88000100096c        0     1                 .L0 
ffff800001000978 efff880001000978        0     1                 .L0 
ffff800001000978 efff880001000978        0     1                 .L0 
ffff80000100097c efff88000100097c        0     1                 .L0 
ffff80000100097e efff88000100097e        0     1                 .L0 
ffff800001000982 efff880001000982        0     1                 .L0 
ffff800001000984 efff880001000984        0     1                 .L0 
ffff800001000984 efff880001000984        0     1                 .L0 
ffff800001000988 efff880001000988        0     1                 .L0 
ffff80000100098a efff88000100098a        0     1                 .L0 
ffff80000100098e efff88000100098e        0     1                 .L0 
ffff8000010009a4 efff8800010009a4        0     1                 .L0 
ffff8000010009a4 efff8800010009a4        0     1                 .L0 
ffff8000010009ae efff8800010009ae        0     1                 .L0 
ffff8000010009ae efff8800010009ae        0     1                 .L0 
ffff8000010009b8 efff8800010009b8        0     1                 .L0 
ffff8000010009ba efff8800010009ba        0     1                 .L0 
ffff8000010009ba efff8800010009ba        0     1                 .L0 
ffff8000010009be efff8800010009be        0     1                 .L0 
ffff8000010009c0 efff8800010009c0        0     1                 .L0 
ffff8000010009c2 efff8800010009c2        0     1                 .L0 
ffff8000010009c2 efff8800010009c2        0     1                 .L0 
ffff8000010009c4 efff8800010009c4        0     1                 .L0 
ffff8000010009c4 efff8800010009c4        0     1                 .L0 
ffff8000010009ca efff8800010009ca        0     1                 .L0 
ffff8000010009ca efff8800010009ca        0     1                 .L0 
ffff8000010009cc efff8800010009cc        0     1                 .L0 
ffff8000010009cc efff8800010009cc        0     1                 .L0 
ffff8000010009d0 efff8800010009d0        0     1                 .L0 
ffff8000010009d2 efff8800010009d2        0     1                 .L0 
ffff8000010009d2 efff8800010009d2        0     1                 .L0 
ffff8000010009d4 efff8800010009d4        0     1                 .L0 
ffff8000010009d4 efff8800010009d4        0     1                 .L0 
ffff8000010009d6 efff8800010009d6        0     1                 .L0 
ffff8000010009dc efff8800010009dc        0     1                 .L0 
ffff8000010009e0 efff8800010009e0        0     1                 .L0 
ffff8000010009e2 efff8800010009e2        0     1                 .L0 
ffff8000010009e4 efff8800010009e4        0     1                 .L0 
ffff8000010009e6 efff8800010009e6        0     1                 .L0 
ffff8000010009e6 efff8800010009e6        0     1                 .L0 
ffff8000010009e8 efff8800010009e8        0     1                 .L0 
ffff8000010009e8 efff8800010009e8        0     1                 .L0 
ffff8000010009ec efff8800010009ec        0     1                 .L0 
ffff8000010009ec efff8800010009ec        0     1                 .L0 
ffff8000010009f0 efff8800010009f0        0     1                 .L0 
ffff8000010009f0 efff8800010009f0        0     1                 .L0 
ffff8000010009f4 efff8800010009f4        0     1                 .L0 
ffff8000010009f6 efff8800010009f6        0     1                 .L0 
ffff8000010009f8 efff8800010009f8        0     1                 .L0 
ffff8000010009fe efff8800010009fe        0     1                 .L0 
ffff8000010009fe efff8800010009fe        0     1                 .L0 
ffff800001000a02 efff880001000a02        0     1                 .L0 
ffff800001000a0a efff880001000a0a        0     1                 .L0 
ffff800001000a14 efff880001000a14        0     1                 .L0 
ffff800001000a14 efff880001000a14        0     1                 .L0 
ffff800001000a26 efff880001000a26        0     1                 .L0 
ffff800001000a26 efff880001000a26        0     1                 .L0 
ffff800001000a2a efff880001000a2a        0     1                 .L0 
ffff800001000a2a efff880001000a2a        0     1                 .L0 
ffff800001000a2c efff880001000a2c        0     1                 .L0 
ffff800001000a2c efff880001000a2c        0     1                 .L0 
ffff800001000a30 efff880001000a30        0     1                 .L0 
ffff800001000a32 efff880001000a32        0     1                 .L0 
ffff800001000a34 efff880001000a34        0     1                 .L0 
ffff800001000a3a efff880001000a3a        0     1                 .L0 
ffff800001000a3a efff880001000a3a        0     1                 .L0 
ffff800001000a3c efff880001000a3c        0     1                 .L0 
ffff800001000a3c efff880001000a3c        0     1                 .L0 
ffff800001000a40 efff880001000a40        0     1                 .L0 
ffff800001000a40 efff880001000a40        0     1                 .L0 
ffff800001000a44 efff880001000a44        0     1                 .L0 
ffff800001000a46 efff880001000a46        0     1                 .L0 
ffff800001000a4a efff880001000a4a        0     1                 .L0 
ffff800001000a4c efff880001000a4c        0     1                 .L0 
ffff800001000a4c efff880001000a4c        0     1                 .L0 
ffff800001000a50 efff880001000a50        0     1                 .L0 
ffff800001000a52 efff880001000a52        0     1                 .L0 
ffff800001000a58 efff880001000a58        0     1                 .L0 
ffff800001000a5c efff880001000a5c        0     1                 .L0 
ffff800001000a5c efff880001000a5c        0     1                 .L0 
ffff800001000a5c efff880001000a5c        0     1                 .L0 
ffff800001000a5c efff880001000a5c       36     2         /home/ryoj/.rustup/toolchains/nightly-x86_64-unknown-linux-gnu/lib/rustlib/riscv64gc-unknown-none-elf/lib/libcore-b7430222903c4bab.rlib(core-b7430222903c4bab.core.dc7d52b7b0a3d91-cgu.0.rcgu.o):(.text.unlikely._ZN4core9panicking11panic_const24panic_const_add_overflow17h502fd3572de0782cE)
ffff800001000a5c efff880001000a5c        0     1                 .L0 
ffff800001000a5c efff880001000a5c        0     1                 .L0 
ffff800001000a5c efff880001000a5c        0     1                 $x
ffff800001000a5c efff880001000a5c        0     1                 .L0 
ffff800001000a5c efff880001000a5c       36     1                 core::panicking::panic_const::panic_const_add_overflow::h502fd3572de0782c
ffff800001000a66 efff880001000a66        0     1                 .Lpcrel_hi818
ffff800001000a66 efff880001000a66        0     1                 .L0 
ffff800001000a66 efff880001000a66        0     1                 .L0 
ffff800001000a86 efff880001000a86        0     1                 .L0 
ffff800001000a92 efff880001000a92        0     1                 .L0 
ffff800001000a92 efff880001000a92       1c     2         /home/ryoj/.rustup/toolchains/nightly-x86_64-unknown-linux-gnu/lib/rustlib/riscv64gc-unknown-none-elf/lib/libcore-b7430222903c4bab.rlib(core-b7430222903c4bab.core.dc7d52b7b0a3d91-cgu.0.rcgu.o):(.text._ZN4core3fmt3num3imp52_$LT$impl$u20$core..fmt..Display$u20$for$u20$u64$GT$3fmt17h35d235ff02f33f4eE)
ffff800001000a92 efff880001000a92        0     1                 .L0 
ffff800001000a92 efff880001000a92        0     1                 .L0 
ffff800001000a92 efff880001000a92        0     1                 $x
ffff800001000a92 efff880001000a92        0     1                 .L0 
ffff800001000a92 efff880001000a92       1c     1                 core::fmt::num::imp::_$LT$impl$u20$core..fmt..Display$u20$for$u20$u64$GT$::fmt::h35d235ff02f33f4e
ffff800001000a92 efff880001000a92       1c     1                 core::fmt::num::imp::_$LT$impl$u20$core..fmt..Display$u20$for$u20$usize$GT$::fmt::h38fce93da1c097b9
ffff800001000a9a efff880001000a9a        0     1                 .L0 
ffff800001000aa4 efff880001000aa4        0     1                 .L0 
ffff800001000aae efff880001000aae        0     1                 .L0 
ffff800001000aae efff880001000aae      15e     2         /home/ryoj/.rustup/toolchains/nightly-x86_64-unknown-linux-gnu/lib/rustlib/riscv64gc-unknown-none-elf/lib/libcore-b7430222903c4bab.rlib(core-b7430222903c4bab.core.dc7d52b7b0a3d91-cgu.0.rcgu.o):(.text._ZN4core3fmt3num3imp21_$LT$impl$u20$u64$GT$4_fmt17hff7a2335ecb9cdbeE)
ffff800001000aae efff880001000aae      15e     1                 core::fmt::num::imp::_$LT$impl$u20$u64$GT$::_fmt::hff7a2335ecb9cdbe
ffff800001000aae efff880001000aae        0     1                 .L0 
ffff800001000aae efff880001000aae        0     1                 .L0 
ffff800001000aae efff880001000aae        0     1                 $x
ffff800001000aae efff880001000aae        0     1                 .L0 
ffff800001000abc efff880001000abc        0     1                 .L0 
ffff800001000ac6 efff880001000ac6        0     1                 .Lpcrel_hi923
ffff800001000ad2 efff880001000ad2        0     1                 .L0 
ffff800001000ad6 efff880001000ad6        0     1                 .L0 
ffff800001000ada efff880001000ada        0     1                 .L0 
ffff800001000adc efff880001000adc        0     1                 .L0 
ffff800001000ae0 efff880001000ae0        0     1                 .L0 
ffff800001000ae8 efff880001000ae8        0     1                 .L0 
ffff800001000ae8 efff880001000ae8        0     1                 .L0 
ffff800001000aea efff880001000aea        0     1                 .L0 
ffff800001000af4 efff880001000af4        0     1                 .L0 
ffff800001000af6 efff880001000af6        0     1                 .L0 
ffff800001000afe efff880001000afe        0     1                 .Lpcrel_hi924
ffff800001000b1e efff880001000b1e        0     1                 .L0 
ffff800001000b20 efff880001000b20        0     1                 .L0 
ffff800001000b26 efff880001000b26        0     1                 .L0 
ffff800001000b2e efff880001000b2e        0     1                 .L0 
ffff800001000b42 efff880001000b42        0     1                 .L0 
ffff800001000b4a efff880001000b4a        0     1                 .L0 
ffff800001000b4a efff880001000b4a        0     1                 .L0 
ffff800001000b4c efff880001000b4c        0     1                 .L0 
ffff800001000b4c efff880001000b4c        0     1                 .L0 
ffff800001000b50 efff880001000b50        0     1                 .L0 
ffff800001000b50 efff880001000b50        0     1                 .L0 
ffff800001000b52 efff880001000b52        0     1                 .L0 
ffff800001000b52 efff880001000b52        0     1                 .L0 
ffff800001000b5e efff880001000b5e        0     1                 .L0 
ffff800001000b5e efff880001000b5e        0     1                 .L0 
ffff800001000b60 efff880001000b60        0     1                 .L0 
ffff800001000b60 efff880001000b60        0     1                 .L0 
ffff800001000b68 efff880001000b68        0     1                 .L0 
ffff800001000b68 efff880001000b68        0     1                 .L0 
ffff800001000b6c efff880001000b6c        0     1                 .L0 
ffff800001000b6c efff880001000b6c        0     1                 .L0 
ffff800001000b78 efff880001000b78        0     1                 .L0 
ffff800001000b78 efff880001000b78        0     1                 .L0 
ffff800001000b7e efff880001000b7e        0     1                 .L0 
ffff800001000b88 efff880001000b88        0     1                 .L0 
ffff800001000b9e efff880001000b9e        0     1                 .L0 
ffff800001000ba8 efff880001000ba8        0     1                 .L0 
ffff800001000baa efff880001000baa        0     1                 .L0 
ffff800001000baa efff880001000baa        0     1                 .L0 
ffff800001000bac efff880001000bac        0     1                 .L0 
ffff800001000bac efff880001000bac        0     1                 .L0 
ffff800001000bb8 efff880001000bb8        0     1                 .L0 
ffff800001000bb8 efff880001000bb8        0     1                 .L0 
ffff800001000bba efff880001000bba        0     1                 .L0 
ffff800001000bba efff880001000bba        0     1                 .L0 
ffff800001000bc6 efff880001000bc6        0     1                 .L0 
ffff800001000bc6 efff880001000bc6        0     1                 .L0 
ffff800001000bca efff880001000bca        0     1                 .L0 
ffff800001000bcc efff880001000bcc        0     1                 .L0 
ffff800001000bd0 efff880001000bd0        0     1                 .L0 
ffff800001000bd0 efff880001000bd0        0     1                 .L0 
ffff800001000bd2 efff880001000bd2        0     1                 .L0 
ffff800001000bd2 efff880001000bd2        0     1                 .L0 
ffff800001000bde efff880001000bde        0     1                 .L0 
ffff800001000bde efff880001000bde        0     1                 .L0 
ffff800001000be0 efff880001000be0        0     1                 .L0 
ffff800001000be0 efff880001000be0        0     1                 .L0 
ffff800001000be8 efff880001000be8        0     1                 .L0 
ffff800001000be8 efff880001000be8        0     1                 .L0 
ffff800001000bec efff880001000bec        0     1                 .L0 
ffff800001000bec efff880001000bec        0     1                 .L0 
ffff800001000bf0 efff880001000bf0        0     1                 .L0 
ffff800001000bf2 efff880001000bf2        0     1                 .L0 
ffff800001000c08 efff880001000c08        0     1                 .L0 
ffff800001000c0c efff880001000c0c        0     1                 .L0 
ffff800001000c0c efff880001000c0c        0     1                 .L0 
ffff800001000c0c efff880001000c0c        0     1                 .L0 
ffff800001000c0c efff880001000c0c       84     2         /home/ryoj/.rustup/toolchains/nightly-x86_64-unknown-linux-gnu/lib/rustlib/riscv64gc-unknown-none-elf/lib/libcompiler_builtins-a294a1a3232c1318.rlib(compiler_builtins-a294a1a3232c1318.compiler_builtins.e76be5c3d7829279-cgu.265.rcgu.o):(.text.memset)
ffff800001000c0c efff880001000c0c        0     1                 .L0 
ffff800001000c0c efff880001000c0c        0     1                 .L0 
ffff800001000c0c efff880001000c0c        0     1                 $x
ffff800001000c0c efff880001000c0c        0     1                 .L0 
ffff800001000c0c efff880001000c0c       84     1                 memset
ffff800001000c16 efff880001000c16        0     1                 .L0 
ffff800001000c16 efff880001000c16        0     1                 .L0 
ffff800001000c1a efff880001000c1a        0     1                 .L0 
ffff800001000c1a efff880001000c1a        0     1                 .L0 
ffff800001000c1e efff880001000c1e        0     1                 .L0 
ffff800001000c22 efff880001000c22        0     1                 .L0 
ffff800001000c22 efff880001000c22        0     1                 .L0 
ffff800001000c26 efff880001000c26        0     1                 .L0 
ffff800001000c2a efff880001000c2a        0     1                 .L0 
ffff800001000c2e efff880001000c2e        0     1                 .L0 
ffff800001000c32 efff880001000c32        0     1                 .L0 
ffff800001000c34 efff880001000c34        0     1                 .L0 
ffff800001000c34 efff880001000c34        0     1                 .L0 
ffff800001000c36 efff880001000c36        0     1                 .L0 
ffff800001000c38 efff880001000c38        0     1                 .L0 
ffff800001000c38 efff880001000c38        0     1                 .L0 
ffff800001000c3c efff880001000c3c        0     1                 .L0 
ffff800001000c40 efff880001000c40        0     1                 .L0 
ffff800001000c40 efff880001000c40        0     1                 .L0 
ffff800001000c42 efff880001000c42        0     1                 .L0 
ffff800001000c46 efff880001000c46        0     1                 .L0 
ffff800001000c60 efff880001000c60        0     1                 .L0 
ffff800001000c62 efff880001000c62        0     1                 .L0 
ffff800001000c62 efff880001000c62        0     1                 .L0 
ffff800001000c64 efff880001000c64        0     1                 .L0 
ffff800001000c68 efff880001000c68        0     1                 .L0 
ffff800001000c68 efff880001000c68        0     1                 .L0 
ffff800001000c6a efff880001000c6a        0     1                 .L0 
ffff800001000c6a efff880001000c6a        0     1                 .L0 
ffff800001000c72 efff880001000c72        0     1                 .L0 
ffff800001000c72 efff880001000c72        0     1                 .L0 
ffff800001000c76 efff880001000c76        0     1                 .L0 
ffff800001000c78 efff880001000c78        0     1                 .L0 
ffff800001000c78 efff880001000c78        0     1                 .L0 
ffff800001000c7c efff880001000c7c        0     1                 .L0 
ffff800001000c7c efff880001000c7c        0     1                 .L0 
ffff800001000c80 efff880001000c80        0     1                 .L0 
ffff800001000c84 efff880001000c84        0     1                 .L0 
ffff800001000c86 efff880001000c86        0     1                 .L0 
ffff800001000c86 efff880001000c86        0     1                 .L0 
ffff800001000c90 efff880001000c90        0     1                 .L0 
ffff800001000c90 efff880001000c90        0     1                 .L0 
ffff800001000c90 efff880001000c90        0     1                 .L0 
ffff800001000c90 efff880001000c90        0     1                 .L0 
ffff800001000c90 efff880001000c90       ce     2         /home/ryoj/.rustup/toolchains/nightly-x86_64-unknown-linux-gnu/lib/rustlib/riscv64gc-unknown-none-elf/lib/libcompiler_builtins-a294a1a3232c1318.rlib(compiler_builtins-a294a1a3232c1318.compiler_builtins.e76be5c3d7829279-cgu.281.rcgu.o):(.text.memcpy)
ffff800001000c90 efff880001000c90        0     1                 .L0 
ffff800001000c90 efff880001000c90        0     1                 .L0 
ffff800001000c90 efff880001000c90        0     1                 $x
ffff800001000c90 efff880001000c90        0     1                 .L0 
ffff800001000c90 efff880001000c90       ce     1                 memcpy
ffff800001000c9a efff880001000c9a        0     1                 .L0 
ffff800001000c9e efff880001000c9e        0     1                 .L0 
ffff800001000c9e efff880001000c9e        0     1                 .L0 
ffff800001000ca2 efff880001000ca2        0     1                 .L0 
ffff800001000ca6 efff880001000ca6        0     1                 .L0 
ffff800001000ca6 efff880001000ca6        0     1                 .L0 
ffff800001000caa efff880001000caa        0     1                 .L0 
ffff800001000cae efff880001000cae        0     1                 .L0 
ffff800001000cb4 efff880001000cb4        0     1                 .L0 
ffff800001000cb8 efff880001000cb8        0     1                 .L0 
ffff800001000cbc efff880001000cbc        0     1                 .L0 
ffff800001000cbc efff880001000cbc        0     1                 .L0 
ffff800001000cbe efff880001000cbe        0     1                 .L0 
ffff800001000cc0 efff880001000cc0        0     1                 .L0 
ffff800001000cc0 efff880001000cc0        0     1                 .L0 
ffff800001000cc2 efff880001000cc2        0     1                 .L0 
ffff800001000cc6 efff880001000cc6        0     1                 .L0 
ffff800001000cc6 efff880001000cc6        0     1                 .L0 
ffff800001000cc8 efff880001000cc8        0     1                 .L0 
ffff800001000ccc efff880001000ccc        0     1                 .L0 
ffff800001000cd0 efff880001000cd0        0     1                 .L0 
ffff800001000cd4 efff880001000cd4        0     1                 .L0 
ffff800001000cd8 efff880001000cd8        0     1                 .L0 
ffff800001000cd8 efff880001000cd8        0     1                 .L0 
ffff800001000cda efff880001000cda        0     1                 .L0 
ffff800001000cda efff880001000cda        0     1                 .L0 
ffff800001000cde efff880001000cde        0     1                 .L0 
ffff800001000ce0 efff880001000ce0        0     1                 .L0 
ffff800001000ce2 efff880001000ce2        0     1                 .L0 
ffff800001000ce6 efff880001000ce6        0     1                 .L0 
ffff800001000ce6 efff880001000ce6        0     1                 .L0 
ffff800001000ce8 efff880001000ce8        0     1                 .L0 
ffff800001000ce8 efff880001000ce8        0     1                 .L0 
ffff800001000cea efff880001000cea        0     1                 .L0 
ffff800001000cee efff880001000cee        0     1                 .L0 
ffff800001000cee efff880001000cee        0     1                 .L0 
ffff800001000cf0 efff880001000cf0        0     1                 .L0 
ffff800001000cf4 efff880001000cf4        0     1                 .L0 
ffff800001000cf4 efff880001000cf4        0     1                 .L0 
ffff800001000cfe efff880001000cfe        0     1                 .L0 
ffff800001000d00 efff880001000d00        0     1                 .L0 
ffff800001000d08 efff880001000d08        0     1                 .L0 
ffff800001000d08 efff880001000d08        0     1                 .L0 
ffff800001000d0c efff880001000d0c        0     1                 .L0 
ffff800001000d10 efff880001000d10        0     1                 .L0 
ffff800001000d10 efff880001000d10        0     1                 .L0 
ffff800001000d12 efff880001000d12        0     1                 .L0 
ffff800001000d14 efff880001000d14        0     1                 .L0 
ffff800001000d14 efff880001000d14        0     1                 .L0 
ffff800001000d18 efff880001000d18        0     1                 .L0 
ffff800001000d18 efff880001000d18        0     1                 .L0 
ffff800001000d1c efff880001000d1c        0     1                 .L0 
ffff800001000d20 efff880001000d20        0     1                 .L0 
ffff800001000d20 efff880001000d20        0     1                 .L0 
ffff800001000d24 efff880001000d24        0     1                 .L0 
ffff800001000d2c efff880001000d2c        0     1                 .L0 
ffff800001000d30 efff880001000d30        0     1                 .L0 
ffff800001000d3c efff880001000d3c        0     1                 .L0 
ffff800001000d3e efff880001000d3e        0     1                 .L0 
ffff800001000d42 efff880001000d42        0     1                 .L0 
ffff800001000d46 efff880001000d46        0     1                 .L0 
ffff800001000d4a efff880001000d4a        0     1                 .L0 
ffff800001000d4e efff880001000d4e        0     1                 .L0 
ffff800001000d52 efff880001000d52        0     1                 .L0 
ffff800001000d52 efff880001000d52        0     1                 .L0 
ffff800001000d54 efff880001000d54        0     1                 .L0 
ffff800001000d5e efff880001000d5e        0     1                 .L0 
ffff800001000d5e efff880001000d5e        0     1                 .L0 
ffff800001000d5e efff880001000d5e        0     1                 .L0 
ffff800001000d5e efff880001000d5e        0     1                 .L0 
ffff800001001000 efff880001001000      2a8     8 .rodata
ffff800001001000 efff880001001000        2     1         /home/ryoj/github.com/okamotonr/mios/target/riscv64gc-unknown-none-elf/debug/deps/pong-ac7981778a5c11eb.01zyhzpndpwl2a54o8qgj9ngg.rcgu.o:(.rodata..L__unnamed_1)
ffff800001001000 efff880001001000        2     1                 .L__unnamed_1
ffff800001001000 efff880001001000        0     1                 $d
ffff800001001002 efff880001001002       11     1         /home/ryoj/github.com/okamotonr/mios/target/riscv64gc-unknown-none-elf/debug/deps/pong-ac7981778a5c11eb.1gu6llnb9kdfe9cwd4rgh9ijx.rcgu.o:(.rodata..L__unnamed_1)
ffff800001001002 efff880001001002       11     1                 .L__unnamed_1
ffff800001001002 efff880001001002        0     1                 $d
ffff800001001013 efff880001001013       12     1         /home/ryoj/github.com/okamotonr/mios/target/riscv64gc-unknown-none-elf/debug/deps/pong-ac7981778a5c11eb.1gu6llnb9kdfe9cwd4rgh9ijx.rcgu.o:(.rodata..L__unnamed_2)
ffff800001001013 efff880001001013       12     1                 .L__unnamed_2
ffff800001001013 efff880001001013        0     1                 $d
ffff800001001025 efff880001001025        e     1         /home/ryoj/github.com/okamotonr/mios/target/riscv64gc-unknown-none-elf/debug/deps/pong-ac7981778a5c11eb.1gu6llnb9kdfe9cwd4rgh9ijx.rcgu.o:(.rodata..L__unnamed_3)
ffff800001001025 efff880001001025        e     1                 .L__unnamed_3
ffff800001001025 efff880001001025        0     1                 $d
ffff800001001033 efff880001001033        5     1         /home/ryoj/github.com/okamotonr/mios/target/riscv64gc-unknown-none-elf/debug/deps/pong-ac7981778a5c11eb.1gu6llnb9kdfe9cwd4rgh9ijx.rcgu.o:(.rodata..L__unnamed_4)
ffff800001001033 efff880001001033        5     1                 .L__unnamed_4
ffff800001001033 efff880001001033        0     1                 $d
ffff800001001038 efff880001001038        6     1         /home/ryoj/github.com/okamotonr/mios/target/riscv64gc-unknown-none-elf/debug/deps/pong-ac7981778a5c11eb.1gu6llnb9kdfe9cwd4rgh9ijx.rcgu.o:(.rodata..L__unnamed_5)
ffff800001001038 efff880001001038        6     1                 .L__unnamed_5
ffff800001001038 efff880001001038        0     1                 $d
ffff800001001040 efff880001001040       30     8         <internal>:(.rodata.cst16)
ffff800001001070 efff880001001070       18     8         /home/ryoj/github.com/okamotonr/mios/target/riscv64gc-unknown-none-elf/debug/deps/pong-ac7981778a5c11eb.1gu6llnb9kdfe9cwd4rgh9ijx.rcgu.o:(.rodata..L__unnamed_6)
ffff800001001070 efff880001001070       18     1                 .L__unnamed_6
ffff800001001070 efff880001001070        0     1                 $d
ffff800001001088 efff880001001088       7f     1         /home/ryoj/github.com/okamotonr/mios/target/riscv64gc-unknown-none-elf/debug/deps/pong-ac7981778a5c11eb.bf1piu3tmjrnxhsvyxs4z6zg2.rcgu.o:(.rodata..L__unnamed_2)
ffff800001001088 efff880001001088       7f     1                 .L__unnamed_2
ffff800001001088 efff880001001088        0     1                 $d
ffff800001001108 efff880001001108       18     8         /home/ryoj/github.com/okamotonr/mios/target/riscv64gc-unknown-none-elf/debug/deps/pong-ac7981778a5c11eb.bf1piu3tmjrnxhsvyxs4z6zg2.rcgu.o:(.rodata..L__unnamed_1)
ffff800001001108 efff880001001108       18     1                 .L__unnamed_1
ffff800001001108 efff880001001108        0     1                 $d
ffff800001001120 efff880001001120        4     1         <internal>:(.rodata.cst4)
ffff800001001128 efff880001001128       10     8         /home/ryoj/github.com/okamotonr/mios/target/riscv64gc-unknown-none-elf/debug/deps/pong-ac7981778a5c11eb.dhx0d4xxjm8eq5c5rzv8ig9b4.rcgu.o:(.rodata..L__unnamed_1)
ffff800001001128 efff880001001128       10     1                 .L__unnamed_1
ffff800001001128 efff880001001128        0     1                 $d
ffff800001001138 efff880001001138       18     8         /home/ryoj/github.com/okamotonr/mios/target/riscv64gc-unknown-none-elf/debug/deps/pong-ac7981778a5c11eb.dhx0d4xxjm8eq5c5rzv8ig9b4.rcgu.o:(.rodata..L__unnamed_2)
ffff800001001138 efff880001001138       18     1                 .L__unnamed_2
ffff800001001138 efff880001001138        0     1                 $d
ffff800001001150 efff880001001150       1c     1         /home/ryoj/.rustup/toolchains/nightly-x86_64-unknown-linux-gnu/lib/rustlib/riscv64gc-unknown-none-elf/lib/libcore-b7430222903c4bab.rlib(core-b7430222903c4bab.core.dc7d52b7b0a3d91-cgu.0.rcgu.o):(.rodata..Lanon.d59069199674c7e34b1fe2bc2f445d70.124)
ffff800001001150 efff880001001150       1c     1                 .Lanon.d59069199674c7e34b1fe2bc2f445d70.124
ffff800001001150 efff880001001150        0     1                 $d
ffff800001001170 efff880001001170       10     8         /home/ryoj/.rustup/toolchains/nightly-x86_64-unknown-linux-gnu/lib/rustlib/riscv64gc-unknown-none-elf/lib/libcore-b7430222903c4bab.rlib(core-b7430222903c4bab.core.dc7d52b7b0a3d91-cgu.0.rcgu.o):(.rodata..Lanon.d59069199674c7e34b1fe2bc2f445d70.125)
ffff800001001170 efff880001001170       10     1                 .Lanon.d59069199674c7e34b1fe2bc2f445d70.125
ffff800001001170 efff880001001170        0     1                 $d
ffff800001001180 efff880001001180       20     8         <internal>:(.rodata.cst32)
ffff8000010011a0 efff8800010011a0       12     1         /home/ryoj/.rustup/toolchains/nightly-x86_64-unknown-linux-gnu/lib/rustlib/riscv64gc-unknown-none-elf/lib/libcore-b7430222903c4bab.rlib(core-b7430222903c4bab.core.dc7d52b7b0a3d91-cgu.0.rcgu.o):(.rodata..Lanon.d59069199674c7e34b1fe2bc2f445d70.232)
ffff8000010011a0 efff8800010011a0       12     1                 .Lanon.d59069199674c7e34b1fe2bc2f445d70.232
ffff8000010011a0 efff8800010011a0        0     1                 $d
ffff8000010011b8 efff8800010011b8       20     8         /home/ryoj/.rustup/toolchains/nightly-x86_64-unknown-linux-gnu/lib/rustlib/riscv64gc-unknown-none-elf/lib/libcore-b7430222903c4bab.rlib(core-b7430222903c4bab.core.dc7d52b7b0a3d91-cgu.0.rcgu.o):(.rodata..Lanon.d59069199674c7e34b1fe2bc2f445d70.233)
ffff8000010011b8 efff8800010011b8       20     1                 .Lanon.d59069199674c7e34b1fe2bc2f445d70.233
ffff8000010011b8 efff8800010011b8        0     1                 $d
ffff8000010011d8 efff8800010011d8       c8     1         /home/ryoj/.rustup/toolchains/nightly-x86_64-unknown-linux-gnu/lib/rustlib/riscv64gc-unknown-none-elf/lib/libcore-b7430222903c4bab.rlib(core-b7430222903c4bab.core.dc7d52b7b0a3d91-cgu.0.rcgu.o):(.rodata..Lanon.d59069199674c7e34b1fe2bc2f445d70.294)
[...]
           14860            14860        0     1                 .L0 
           14890            14890        0     1                 .L0 
           148c0            148c0        0     1                 .L0 
           148f0            148f0        0     1                 .L0 
           14920            14920        0     1                 .L0 
           14950            14950        0     1                 .L0 
           14980            14980        0     1                 .L0 
           149b0            149b0        0     1                 .L0 
           149e0            149e0        0     1                 .L0 
           14a10            14a10        0     1                 .L0 
           14a40            14a40        0     1                 .L0 
           14a70            14a70        0     1                 .L0 
           14aa0            14aa0        0     1                 .L0 
           14ad0            14ad0        0     1                 .L0 
           14b00            14b00        0     1                 .L0 
           14b30            14b30        0     1                 .L0 
           14b60            14b60        0     1                 .L0 
           14ba0            14ba0        0     1                 .L0 
           14bd0            14bd0        0     1                 .L0 
           14c00            14c00        0     1                 .L0 
           14c30            14c30        0     1                 .L0 
           14c60            14c60        0     1                 .L0 
           14c90            14c90        0     1                 .L0 
           14cc0            14cc0        0     1                 .L0 
           14cf0            14cf0        0     1                 .L0 
           14d20            14d20        0     1                 .L0 
           14d50            14d50        0     1                 .L0 
           14d80            14d80        0     1                 .L0 
           14db0            14db0        0     1                 .L0 
           14de0            14de0        0     1                 .L0 
           14e10            14e10        0     1                 .L0 
           14e40            14e40        0     1                 .L0 
           14e70            14e70        0     1                 .L0 
           14eb0            14eb0        0     1                 .L0 
           14ee0            14ee0        0     1                 .L0 
           14f10            14f10        0     1                 .L0 
           14f40            14f40        0     1                 .L0 
           14f70            14f70        0     1                 .L0 
           14fa0            14fa0        0     1                 .L0 
           14fd0            14fd0        0     1                 .L0 
           15000            15000        0     1                 .L0 
           15030            15030        0     1                 .L0 
           15060            15060        0     1                 .L0 
           15090            15090        0     1                 .L0 
           150c0            150c0        0     1                 .L0 
           150f0            150f0        0     1                 .L0 
           15120            15120        0     1                 .L0 
           15160            15160        0     1                 .L0 
           151a0            151a0        0     1                 .L0 
           151e0            151e0        0     1                 .L0 
           15210            15210        0     1                 .L0 
           15240            15240        0     1                 .L0 
           15280            15280        0     1                 .L0 
           152b0            152b0        0     1                 .L0 
           152e0            152e0        0     1                 .L0 
           15310            15310        0     1                 .L0 
           15340            15340        0     1                 .L0 
           15370            15370        0     1                 .L0 
           153a0            153a0        0     1                 .L0 
           153d0            153d0        0     1                 .L0 
           15400            15400        0     1                 .L0 
           15430            15430        0     1                 .L0 
           15460            15460        0     1                 .L0 
           15490            15490        0     1                 .L0 
           154c0            154c0        0     1                 .L0 
           15500            15500        0     1                 .L0 
           15540            15540        0     1                 .L0 
           15570            15570        0     1                 .L0 
           155b0            155b0        0     1                 .L0 
           155e0            155e0        0     1                 .L0 
           15610            15610        0     1                 .L0 
           15640            15640        0     1                 .L0 
           15670            15670        0     1                 .L0 
           156a0            156a0        0     1                 .L0 
           156d0            156d0        0     1                 .L0 
           15700            15700        0     1                 .L0 
           15730            15730        0     1                 .L0 
           15770            15770        0     1                 .L0 
           157b0            157b0        0     1                 .L0 
           157f0            157f0        0     1                 .L0 
           15830            15830        0     1                 .L0 
           15860            15860        0     1                 .L0 
           15890            15890        0     1                 .L0 
           158e0            158e0        0     1                 .L0 
           15920            15920        0     1                 .L0 
           15970            15970        0     1                 .L0 
           159c0            159c0        0     1                 .L0 
           159f0            159f0        0     1                 .L0 
           15a20            15a20        0     1                 .L0 
           15a50            15a50        0     1                 .L0 
           15a90            15a90        0     1                 .L0 
           15ad0            15ad0        0     1                 .L0 
           15b10            15b10        0     1                 .L0 
           15b50            15b50        0     1                 .L0 
           15b90            15b90        0     1                 .L0 
           15bd0            15bd0        0     1                 .L0 
           15c00            15c00        0     1                 .L0 
           15c30            15c30        0     1                 .L0 
           15c60            15c60        0     1                 .L0 
           15ca0            15ca0        0     1                 .L0 
           15ce0            15ce0        0     1                 .L0 
           15d10            15d10        0     1                 .L0 
           15d40            15d40        0     1                 .L0 
           15d70            15d70        0     1                 .L0 
           15da0            15da0        0     1                 .L0 
           15dd0            15dd0        0     1                 .L0 
           15e00            15e00        0     1                 .L0 
           15e60            15e60        0     1                 .L0 
           15ec0            15ec0        0     1                 .L0 
           15ef0            15ef0        0     1                 .L0 
           15f40            15f40        0     1                 .L0 
           15fa0            15fa0        0     1                 .L0 
           16000            16000        0     1                 .L0 
           16060            16060        0     1                 .L0 
           16090            16090        0     1                 .L0 
           160c0            160c0        0     1                 .L0 
           160f0            160f0        0     1                 .L0 
           16120            16120        0     1                 .L0 
           16150            16150        0     1                 .L0 
           16190            16190        0     1                 .L0 
           161c0            161c0        0     1                 .L0 
           161f0            161f0        0     1                 .L0 
           16220            16220        0     1                 .L0 
           16250            16250        0     1                 .L0 
           16280            16280        0     1                 .L0 
           162b0            162b0        0     1                 .L0 
           162f0            162f0        0     1                 .L0 
           16330            16330        0     1                 .L0 
           16360            16360        0     1                 .L0 
           16390            16390        0     1                 .L0 
           163c0            163c0        0     1                 .L0 
           163f0            163f0        0     1                 .L0 
           16420            16420        0     1                 .L0 
           16460            16460        0     1                 .L0 
           164a0            164a0        0     1                 .L0 
           164d0            164d0        0     1                 .L0 
           16500            16500        0     1                 .L0 
           16540            16540        0     1                 .L0 
           16580            16580        0     1                 .L0 
           165b0            165b0        0     1                 .L0 
           16600            16600        0     1                 .L0 
           16630            16630        0     1                 .L0 
           16660            16660        0     1                 .L0 
           16690            16690        0     1                 .L0 
           166c0            166c0        0     1                 .L0 
           166f0            166f0        0     1                 .L0 
           16720            16720        0     1                 .L0 
           16760            16760        0     1                 .L0 
           167a0            167a0        0     1                 .L0 
           167d0            167d0        0     1                 .L0 
           16800            16800        0     1                 .L0 
           16830            16830        0     1                 .L0 
           16860            16860        0     1                 .L0 
           16890            16890        0     1                 .L0 
           168f0            168f0        0     1                 .L0 
           16950            16950        0     1                 .L0 
           169b0            169b0        0     1                 .L0 
           16a10            16a10        0     1                 .L0 
           16a70            16a70        0     1                 .L0 
           16ad0            16ad0        0     1                 .L0 
           16b30            16b30        0     1                 .L0 
           16b70            16b70        0     1                 .L0 
           16bb0            16bb0        0     1                 .L0 
           16be0            16be0        0     1                 .L0 
           16c10            16c10        0     1                 .L0 
           16c40            16c40        0     1                 .L0 
           16ca0            16ca0        0     1                 .L0 
           16d00            16d00        0     1                 .L0 
           16d60            16d60        0     1                 .L0 
           16dc0            16dc0        0     1                 .L0 
           16e20            16e20        0     1                 .L0 
           16e80            16e80        0     1                 .L0 
           16ee0            16ee0        0     1                 .L0 
           16f20            16f20        0     1                 .L0 
           16f60            16f60        0     1                 .L0 
           16f90            16f90        0     1                 .L0 
           16fc0            16fc0        0     1                 .L0 
           16ff0            16ff0        0     1                 .L0 
           17040            17040        0     1                 .L0 
           17090            17090        0     1                 .L0 
           170e0            170e0        0     1                 .L0 
           17130            17130        0     1                 .L0 
           17180            17180        0     1                 .L0 
           171d0            171d0        0     1                 .L0 
           17220            17220        0     1                 .L0 
           17260            17260        0     1                 .L0 
           172a0            172a0        0     1                 .L0 
           172d0            172d0        0     1                 .L0 
           17300            17300        0     1                 .L0 
           17330            17330        0     1                 .L0 
           17390            17390        0     1                 .L0 
           173f0            173f0        0     1                 .L0 
           17450            17450        0     1                 .L0 
           174b0            174b0        0     1                 .L0 
           17510            17510        0     1                 .L0 
           17570            17570        0     1                 .L0 
           175d0            175d0        0     1                 .L0 
           17610            17610        0     1                 .L0 
           17650            17650        0     1                 .L0 
           17690            17690        0     1                 .L0 
           176c0            176c0        0     1                 .L0 
           176f0            176f0        0     1                 .L0 
           17720            17720        0     1                 .L0 
           17780            17780        0     1                 .L0 
           177e0            177e0        0     1                 .L0 
           17840            17840        0     1                 .L0 
           178a0            178a0        0     1                 .L0 
           17900            17900        0     1                 .L0 
           17960            17960        0     1                 .L0 
           179c0            179c0        0     1                 .L0 
           17a00            17a00        0     1                 .L0 
           17a40            17a40        0     1                 .L0 
           17a80            17a80        0     1                 .L0 
           17b30            17b30        0     1                 .L0 
           17be0            17be0        0     1                 .L0 
           17c90            17c90        0     1                 .L0 
           17cc0            17cc0        0     1                 .L0 
           17cf0            17cf0        0     1                 .L0 
           17da0            17da0        0     1                 .L0 
           17e50            17e50        0     1                 .L0 
           17f00            17f00        0     1                 .L0 
           17f30            17f30        0     1                 .L0 
           17f60            17f60        0     1                 .L0 
           19bf0            19bf0       60     1         /home/ryoj/.rustup/toolchains/nightly-x86_64-unknown-linux-gnu/lib/rustlib/riscv64gc-unknown-none-elf/lib/libcompiler_builtins-a294a1a3232c1318.rlib(compiler_builtins-a294a1a3232c1318.compiler_builtins.e76be5c3d7829279-cgu.137.rcgu.o):(.debug_ranges)
           19bf0            19bf0        0     1                 .L0 
           19bf0            19bf0        0     1                 $d
           19c20            19c20        0     1                 .L0 
           19c50            19c50      250     1         /home/ryoj/.rustup/toolchains/nightly-x86_64-unknown-linux-gnu/lib/rustlib/riscv64gc-unknown-none-elf/lib/libcompiler_builtins-a294a1a3232c1318.rlib(compiler_builtins-a294a1a3232c1318.compiler_builtins.e76be5c3d7829279-cgu.010.rcgu.o):(.debug_ranges)
           19c50            19c50        0     1                 .L0 
           19c50            19c50        0     1                 $d
           19c80            19c80        0     1                 .L0 
           19cb0            19cb0        0     1                 .L0 
           19ce0            19ce0        0     1                 .L0 
           19d10            19d10        0     1                 .L0 
           19d40            19d40        0     1                 .L0 
           19d70            19d70        0     1                 .L0 
           19da0            19da0        0     1                 .L0 
           19dd0            19dd0        0     1                 .L0 
           19e00            19e00        0     1                 .L0 
           19e30            19e30        0     1                 .L0 
           19e60            19e60        0     1                 .L0 
           19ea0            19ea0       b0     1         /home/ryoj/.rustup/toolchains/nightly-x86_64-unknown-linux-gnu/lib/rustlib/riscv64gc-unknown-none-elf/lib/libcompiler_builtins-a294a1a3232c1318.rlib(compiler_builtins-a294a1a3232c1318.compiler_builtins.e76be5c3d7829279-cgu.248.rcgu.o):(.debug_ranges)
           19ea0            19ea0        0     1                 .L0 
           19ea0            19ea0        0     1                 $d
           19ed0            19ed0        0     1                 .L0 
           19f00            19f00        0     1                 .L0 
           19f50            19f50       f0     1         /home/ryoj/.rustup/toolchains/nightly-x86_64-unknown-linux-gnu/lib/rustlib/riscv64gc-unknown-none-elf/lib/libcompiler_builtins-a294a1a3232c1318.rlib(compiler_builtins-a294a1a3232c1318.compiler_builtins.e76be5c3d7829279-cgu.265.rcgu.o):(.debug_ranges)
           19f50            19f50        0     1                 .L0 
           19f50            19f50        0     1                 $d
           19f80            19f80        0     1                 .L0 
           19fb0            19fb0        0     1                 .L0 
           19fe0            19fe0        0     1                 .L0 
           1a010            1a010        0     1                 .L0 
           1a040            1a040       60     1         /home/ryoj/.rustup/toolchains/nightly-x86_64-unknown-linux-gnu/lib/rustlib/riscv64gc-unknown-none-elf/lib/libcompiler_builtins-a294a1a3232c1318.rlib(compiler_builtins-a294a1a3232c1318.compiler_builtins.e76be5c3d7829279-cgu.281.rcgu.o):(.debug_ranges)
           1a040            1a040        0     1                 .L0 
           1a040            1a040        0     1                 $d
           1a070            1a070        0     1                 .L0 
               0                0       49     1 .debug_loc
               0                0       49     1         /home/ryoj/github.com/okamotonr/mios/target/riscv64gc-unknown-none-elf/debug/deps/pong-ac7981778a5c11eb.bf1piu3tmjrnxhsvyxs4z6zg2.rcgu.o:(.debug_loc)
               0                0        0     1                 .L0 
               0                0        0     1                 $d
               0                0    10e00     8 .symtab
               0                0    10e00     8         <internal>:(.symtab)
               0                0       bf     1 .shstrtab
               0                0       bf     1         <internal>:(.shstrtab)
               0                0     41aa     1 .strtab
               0                0     41aa     1         <internal>:(.strtab)
