             VMA              LMA     Size Align Out     In      Symbol
               0                0  1000000     1 . = 0x1000000
         1000000          1000000      234     2 .text
         1000000          1000000       1a     2         /home/ryoj/github.com/okamotonr/mios/user/target/riscv64gc-unknown-none-elf/debug/deps/user-cec12b36b65e6162.blz3vm5tnk2n5nwg01qssbtuy.rcgu.o:(.text.start)
         1000000          1000000        0     1                 .L0 
         1000000          1000000        0     1                 .L0 
         1000000          1000000        0     1                 .Lpcrel_hi0
         1000000          1000000        0     1                 $x
         1000000          1000000        0     1                 .L0 
         1000000          1000000       1a     1                 start
         100001a          100001a        0     1                 .L0 
         100001a          100001a       20     2         /home/ryoj/github.com/okamotonr/mios/user/target/riscv64gc-unknown-none-elf/debug/deps/user-cec12b36b65e6162.4968xqg8x6teu1knf2mywhaxd.rcgu.o:(.text._ZN4core3str21_$LT$impl$u20$str$GT$5bytes17h9497c60a99f4bafbE)
         100001a          100001a        0     1                 .L0 
         100001a          100001a        0     1                 .L0 
         100001a          100001a        0     1                 $x
         100001a          100001a        0     1                 .L0 
         100001a          100001a       20     1                 core::str::_$LT$impl$u20$str$GT$::bytes::h9497c60a99f4bafb
         1000020          1000020        0     1                 .L0 
         1000020          1000020        0     1                 .L0 
         1000024          1000024        0     1                 .L0 
         1000024          1000024        0     1                 .L0 
         1000026          1000026        0     1                 .L0 
         1000026          1000026        0     1                 .L0 
         100002a          100002a        0     1                 .L0 
         100002a          100002a        0     1                 .L0 
         100002c          100002c        0     1                 .L0 
         100002c          100002c        0     1                 .L0 
         100002e          100002e        0     1                 .L0 
         100002e          100002e        0     1                 .L0 
         1000030          1000030        0     1                 .L0 
         1000032          1000032        0     1                 .L0 
         1000032          1000032        0     1                 .L0 
         1000036          1000036        0     1                 .L0 
         100003a          100003a        0     1                 .L0 
         100003a          100003a       2c     2         /home/ryoj/github.com/okamotonr/mios/user/target/riscv64gc-unknown-none-elf/debug/deps/user-cec12b36b65e6162.4j3ij9fqpvjs8zrox6jda4alc.rcgu.o:(.text._ZN4core3fmt9Arguments9new_const17h64572cc7cc86dfacE)
         100003a          100003a        0     1                 .L0 
         100003a          100003a        0     1                 .L0 
         100003a          100003a        0     1                 $x
         100003a          100003a        0     1                 .L0 
         100003a          100003a       2c     1                 core::fmt::Arguments::new_const::h64572cc7cc86dfac
         1000044          1000044        0     1                 .L0 
         100004a          100004a        0     1                 .Lpcrel_hi0
         1000062          1000062        0     1                 .L0 
         1000066          1000066        0     1                 .L0 
         1000066          1000066       70     2         /home/ryoj/github.com/okamotonr/mios/user/target/riscv64gc-unknown-none-elf/debug/deps/user-cec12b36b65e6162.8bj71k2hsx7sgv9ieqceddsht.rcgu.o:(.text._ZN91_$LT$core..slice..iter..Iter$LT$T$GT$$u20$as$u20$core..iter..traits..iterator..Iterator$GT$4next17hd5c6524abb782169E)
         1000066          1000066        0     1                 .L0 
         1000066          1000066        0     1                 .L0 
         1000066          1000066        0     1                 $x
         1000066          1000066        0     1                 .L0 
         1000066          1000066       70     1                 _$LT$core..slice..iter..Iter$LT$T$GT$$u20$as$u20$core..iter..traits..iterator..Iterator$GT$::next::hd5c6524abb782169
         100006e          100006e        0     1                 .L0 
         1000070          1000070        0     1                 .L0 
         1000072          1000072        0     1                 .L0 
         1000074          1000074        0     1                 .L0 
         1000076          1000076        0     1                 .L0 
         100007c          100007c        0     1                 .L0 
         1000080          1000080        0     1                 .L0 
         1000080          1000080        0     1                 .L0 
         1000084          1000084        0     1                 .L0 
         1000086          1000086        0     1                 .L0 
         1000086          1000086        0     1                 .L0 
         100008a          100008a        0     1                 .L0 
         100008a          100008a        0     1                 .L0 
         100008c          100008c        0     1                 .L0 
         1000096          1000096        0     1                 .L0 
         1000098          1000098        0     1                 .L0 
         10000a2          10000a2        0     1                 .L0 
         10000a4          10000a4        0     1                 .L0 
         10000a4          10000a4        0     1                 .L0 
         10000a8          10000a8        0     1                 .L0 
         10000a8          10000a8        0     1                 .L0 
         10000aa          10000aa        0     1                 .L0 
         10000aa          10000aa        0     1                 .L0 
         10000ac          10000ac        0     1                 .L0 
         10000ae          10000ae        0     1                 .L0 
         10000b0          10000b0        0     1                 .L0 
         10000b2          10000b2        0     1                 .L0 
         10000b2          10000b2        0     1                 .L0 
         10000b8          10000b8        0     1                 .L0 
         10000b8          10000b8        0     1                 .L0 
         10000ba          10000ba        0     1                 .L0 
         10000ba          10000ba        0     1                 .L0 
         10000be          10000be        0     1                 .L0 
         10000be          10000be        0     1                 .L0 
         10000c0          10000c0        0     1                 .L0 
         10000c0          10000c0        0     1                 .L0 
         10000c2          10000c2        0     1                 .L0 
         10000c2          10000c2        0     1                 .L0 
         10000c4          10000c4        0     1                 .L0 
         10000c4          10000c4        0     1                 .L0 
         10000c6          10000c6        0     1                 .L0 
         10000c8          10000c8        0     1                 .L0 
         10000c8          10000c8        0     1                 .L0 
         10000cc          10000cc        0     1                 .L0 
         10000cc          10000cc        0     1                 .L0 
         10000ce          10000ce        0     1                 .L0 
         10000d0          10000d0        0     1                 .L0 
         10000d2          10000d2        0     1                 .L0 
         10000d6          10000d6        0     1                 .L0 
         10000d6          10000d6        0     1                 .L0 
         10000d6          10000d6        0     1                 .L0 
         10000d6          10000d6        8     2         /home/ryoj/github.com/okamotonr/mios/user/target/riscv64gc-unknown-none-elf/debug/deps/user-cec12b36b65e6162.blz3vm5tnk2n5nwg01qssbtuy.rcgu.o:(.text.rust_begin_unwind)
         10000d6          10000d6        0     1                 .L0 
         10000d6          10000d6        0     1                 .L0 
         10000d6          10000d6        0     1                 $x
         10000d6          10000d6        0     1                 .L0 
         10000d6          10000d6        8     1                 rust_begin_unwind
         10000da          10000da        0     1                 .L0 
         10000de          10000de        0     1                 .L0 
         10000de          10000de        0     1                 .L0 
         10000de          10000de        0     1                 .L0 
         10000de          10000de       2a     2         /home/ryoj/github.com/okamotonr/mios/user/target/riscv64gc-unknown-none-elf/debug/deps/user-cec12b36b65e6162.blz3vm5tnk2n5nwg01qssbtuy.rcgu.o:(.text.exit)
         10000de          10000de        0     1                 .L0 
         10000de          10000de        0     1                 .L0 
         10000de          10000de        0     1                 $x
         10000de          10000de        0     1                 .L0 
         10000de          10000de       2a     1                 exit
         10000e2          10000e2        0     1                 .Lpcrel_hi1
         10000e2          10000e2        0     1                 .L0 
         10000f8          10000f8        0     1                 .Lpcrel_hi2
         1000108          1000108        0     1                 .L0 
         1000108          1000108       5c     2         /home/ryoj/github.com/okamotonr/mios/user/target/riscv64gc-unknown-none-elf/debug/deps/user-cec12b36b65e6162.cahjwisf1i9xikuj3omtw9z2o.rcgu.o:(.text.main)
         1000108          1000108        0     1                 .L0 
         1000108          1000108        0     1                 .L0 
         1000108          1000108        0     1                 $x
         1000108          1000108        0     1                 .L0 
         1000108          1000108       5c     1                 main
         100010c          100010c        0     1                 .Lpcrel_hi0
         100010c          100010c        0     1                 .L0 
         100010c          100010c        0     1                 .L0 
         100011a          100011a        0     1                 .L0 
         100012e          100012e        0     1                 .L0 
         1000130          1000130        0     1                 .L0 
         1000132          1000132        0     1                 .L0 
         100014e          100014e        0     1                 .L0 
         100014e          100014e        0     1                 .L0 
         1000152          1000152        0     1                 .L0 
         1000152          1000152        0     1                 .L0 
         100015a          100015a        0     1                 .L0 
         100015a          100015a        0     1                 .L0 
         1000164          1000164        0     1                 .L0 
         1000164          1000164        0     1                 .L0 
         1000164          1000164        0     1                 .L0 
         1000164          1000164        0     1                 .L0 
         1000164          1000164       58     2         /home/ryoj/github.com/okamotonr/mios/user/target/riscv64gc-unknown-none-elf/debug/deps/user-cec12b36b65e6162.cp2b6x3w3aghebxqi4nvaltjp.rcgu.o:(.text._ZN81_$LT$core..str..iter..Bytes$u20$as$u20$core..iter..traits..iterator..Iterator$GT$4next17h3f9ceb800531e8f7E)
         1000164          1000164        0     1                 .L0 
         1000164          1000164        0     1                 .L0 
         1000164          1000164        0     1                 $x
         1000164          1000164        0     1                 .L0 
         1000164          1000164       58     1                 _$LT$core..str..iter..Bytes$u20$as$u20$core..iter..traits..iterator..Iterator$GT$::next::h3f9ceb800531e8f7
         100016a          100016a        0     1                 .L0 
         100016c          100016c        0     1                 .L0 
         100016c          100016c        0     1                 .L0 
         1000176          1000176        0     1                 .L0 
         1000176          1000176        0     1                 .L0 
         1000178          1000178        0     1                 .L0 
         100017c          100017c        0     1                 .Lpcrel_hi0
         100017c          100017c        0     1                 .L0 
         1000198          1000198        0     1                 .L0 
         10001a2          10001a2        0     1                 .L0 
         10001a2          10001a2        0     1                 .L0 
         10001ac          10001ac        0     1                 .L0 
         10001ae          10001ae        0     1                 .L0 
         10001ae          10001ae        0     1                 .L0 
         10001b8          10001b8        0     1                 .L0 
         10001bc          10001bc        0     1                 .L0 
         10001bc          10001bc        0     1                 .L0 
         10001bc          10001bc        0     1                 .L0 
         10001bc          10001bc        a     2         /home/ryoj/github.com/okamotonr/mios/user/target/riscv64gc-unknown-none-elf/debug/deps/user-cec12b36b65e6162.eddahzrzatnarxwiuwk2wfv4y.rcgu.o:(.text._ZN63_$LT$I$u20$as$u20$core..iter..traits..collect..IntoIterator$GT$9into_iter17h6c2166e6fc8f3447E)
         10001bc          10001bc        0     1                 .L0 
         10001bc          10001bc        0     1                 .L0 
         10001bc          10001bc        0     1                 $x
         10001bc          10001bc        0     1                 .L0 
         10001bc          10001bc        a     1                 _$LT$I$u20$as$u20$core..iter..traits..collect..IntoIterator$GT$::into_iter::h6c2166e6fc8f3447
         10001c2          10001c2        0     1                 .L0 
         10001c6          10001c6        0     1                 .L0 
         10001c6          10001c6       2a     2         /home/ryoj/github.com/okamotonr/mios/user/target/riscv64gc-unknown-none-elf/debug/deps/libcommon-970cb75fd45c8853.rlib(common-970cb75fd45c8853.as7p77h8vufo2nppwid9f3ol0.rcgu.o):(.text.syscall)
         10001c6          10001c6        0     1                 .L0 
         10001c6          10001c6        0     1                 .L0 
         10001c6          10001c6        0     1                 $x
         10001c6          10001c6        0     1                 .L0 
         10001c6          10001c6       2a     1                 syscall
         10001e2          10001e2        0     1                 .L0 
         10001e2          10001e2        0     1                 .L0 
         10001e4          10001e4        0     1                 .L0 
         10001ea          10001ea        0     1                 .L0 
         10001ec          10001ec        0     1                 .L0 
         10001f0          10001f0        0     1                 .L0 
         10001f0          10001f0       22     2         /home/ryoj/github.com/okamotonr/mios/user/target/riscv64gc-unknown-none-elf/debug/deps/libcommon-970cb75fd45c8853.rlib(common-970cb75fd45c8853.as7p77h8vufo2nppwid9f3ol0.rcgu.o):(.text.put_char)
         10001f0          10001f0        0     1                 .L0 
         10001f0          10001f0        0     1                 .L0 
         10001f0          10001f0        0     1                 $x
         10001f0          10001f0        0     1                 .L0 
         10001f0          10001f0       22     1                 put_char
         10001f8          10001f8        0     1                 .L0 
         10001fa          10001fa        0     1                 .L0 
         1000200          1000200        0     1                 .L0 
         100020e          100020e        0     1                 .L0 
         1000212          1000212        0     1                 .L0 
         1000212          1000212       22     2         /home/ryoj/.rustup/toolchains/nightly-x86_64-unknown-linux-gnu/lib/rustlib/riscv64gc-unknown-none-elf/lib/libcore-b7430222903c4bab.rlib(core-b7430222903c4bab.core.448b4ae190475ef3-cgu.0.rcgu.o):(.text.unlikely._ZN4core9panicking9panic_fmt17h4fd32236e79774d4E)
         1000212          1000212        0     1                 .L0 
         1000212          1000212        0     1                 .L0 
         1000212          1000212        0     1                 $x
         1000212          1000212        0     1                 .L0 
         1000212          1000212       22     1                 core::panicking::panic_fmt::h4fd32236e79774d4
         100021a          100021a        0     1                 .L0 
         100021a          100021a        0     1                 .L0 
         1000228          1000228        0     1                 .L0 
         1000234          1000234        0     1                 .L0 
         1000238          1000238       58     8 .rodata
         1000238          1000238       10     8         <internal>:(.rodata.cst16)
         1000248          1000248        4     1         <internal>:(.rodata.cst4)
         1000250          1000250       10     8         /home/ryoj/github.com/okamotonr/mios/user/target/riscv64gc-unknown-none-elf/debug/deps/user-cec12b36b65e6162.blz3vm5tnk2n5nwg01qssbtuy.rcgu.o:(.rodata..L__unnamed_1)
         1000250          1000250       10     1                 .L__unnamed_1
         1000250          1000250        0     1                 $d
         1000260          1000260        b     1         /home/ryoj/github.com/okamotonr/mios/user/target/riscv64gc-unknown-none-elf/debug/deps/user-cec12b36b65e6162.blz3vm5tnk2n5nwg01qssbtuy.rcgu.o:(.rodata..L__unnamed_4)
         1000260          1000260        b     1                 .L__unnamed_4
         1000260          1000260        0     1                 $d
         1000270          1000270       18     8         /home/ryoj/github.com/okamotonr/mios/user/target/riscv64gc-unknown-none-elf/debug/deps/user-cec12b36b65e6162.blz3vm5tnk2n5nwg01qssbtuy.rcgu.o:(.rodata..L__unnamed_2)
         1000270          1000270       18     1                 .L__unnamed_2
         1000270          1000270        0     1                 $d
         1000288          1000288        6     1         /home/ryoj/github.com/okamotonr/mios/user/target/riscv64gc-unknown-none-elf/debug/deps/user-cec12b36b65e6162.cahjwisf1i9xikuj3omtw9z2o.rcgu.o:(.rodata..L__unnamed_1)
         1000288          1000288        6     1                 .L__unnamed_1
         1000288          1000288        0     1                 $d
         100028e          100028e        2     1         /home/ryoj/github.com/okamotonr/mios/user/target/riscv64gc-unknown-none-elf/debug/deps/user-cec12b36b65e6162.cp2b6x3w3aghebxqi4nvaltjp.rcgu.o:(.rodata..L__unnamed_1)
         100028e          100028e        2     1                 .L__unnamed_1
         100028e          100028e        0     1                 $d
         1000290          1000290       38     8 .eh_frame
         1000290          1000290       14     1         /home/ryoj/.rustup/toolchains/nightly-x86_64-unknown-linux-gnu/lib/rustlib/riscv64gc-unknown-none-elf/lib/libcore-b7430222903c4bab.rlib(core-b7430222903c4bab.core.448b4ae190475ef3-cgu.0.rcgu.o):(.eh_frame+0x0)
         10002a4          10002a4       20     1         /home/ryoj/.rustup/toolchains/nightly-x86_64-unknown-linux-gnu/lib/rustlib/riscv64gc-unknown-none-elf/lib/libcore-b7430222903c4bab.rlib(core-b7430222903c4bab.core.448b4ae190475ef3-cgu.0.rcgu.o):(.eh_frame+0x107c)
         10002c8          10002c8    10008     4 .bss
         10002c8          10002c8        8     1         . = ALIGN ( 16 )
         10002d0          10002d0    10000     1         . += 64 * 1024
         10102d0          10102d0        0     1         __stack_top = .
         10102d0          10102d0        0     1         
               0                0      fb4     1 .debug_abbrev
               0                0      14e     1         /home/ryoj/github.com/okamotonr/mios/user/target/riscv64gc-unknown-none-elf/debug/deps/user-cec12b36b65e6162.4968xqg8x6teu1knf2mywhaxd.rcgu.o:(.debug_abbrev)
               0                0        0     1                 $d
             14e              14e      127     1         /home/ryoj/github.com/okamotonr/mios/user/target/riscv64gc-unknown-none-elf/debug/deps/user-cec12b36b65e6162.4j3ij9fqpvjs8zrox6jda4alc.rcgu.o:(.debug_abbrev)
             14e              14e        0     1                 $d
             275              275      1b2     1         /home/ryoj/github.com/okamotonr/mios/user/target/riscv64gc-unknown-none-elf/debug/deps/user-cec12b36b65e6162.8bj71k2hsx7sgv9ieqceddsht.rcgu.o:(.debug_abbrev)
             275              275        0     1                 $d
             427              427      148     1         /home/ryoj/github.com/okamotonr/mios/user/target/riscv64gc-unknown-none-elf/debug/deps/user-cec12b36b65e6162.blz3vm5tnk2n5nwg01qssbtuy.rcgu.o:(.debug_abbrev)
             427              427        0     1                 $d
             56f              56f       bf     1         /home/ryoj/github.com/okamotonr/mios/user/target/riscv64gc-unknown-none-elf/debug/deps/user-cec12b36b65e6162.cahjwisf1i9xikuj3omtw9z2o.rcgu.o:(.debug_abbrev)
             56f              56f        0     1                 $d
             62e              62e      146     1         /home/ryoj/github.com/okamotonr/mios/user/target/riscv64gc-unknown-none-elf/debug/deps/user-cec12b36b65e6162.cp2b6x3w3aghebxqi4nvaltjp.rcgu.o:(.debug_abbrev)
             62e              62e        0     1                 $d
             774              774       7c     1         /home/ryoj/github.com/okamotonr/mios/user/target/riscv64gc-unknown-none-elf/debug/deps/user-cec12b36b65e6162.eddahzrzatnarxwiuwk2wfv4y.rcgu.o:(.debug_abbrev)
             774              774        0     1                 $d
             7f0              7f0       91     1         /home/ryoj/github.com/okamotonr/mios/user/target/riscv64gc-unknown-none-elf/debug/deps/libcommon-970cb75fd45c8853.rlib(common-970cb75fd45c8853.as7p77h8vufo2nppwid9f3ol0.rcgu.o):(.debug_abbrev)
             7f0              7f0        0     1                 $d
             881              881      2e9     1         /home/ryoj/.rustup/toolchains/nightly-x86_64-unknown-linux-gnu/lib/rustlib/riscv64gc-unknown-none-elf/lib/libcore-b7430222903c4bab.rlib(core-b7430222903c4bab.core.448b4ae190475ef3-cgu.0.rcgu.o):(.debug_abbrev)
             881              881        0     1                 $d
             b6a              b6a       fa     1         /home/ryoj/.rustup/toolchains/nightly-x86_64-unknown-linux-gnu/lib/rustlib/riscv64gc-unknown-none-elf/lib/libcompiler_builtins-12400e53a9c73834.rlib(compiler_builtins-12400e53a9c73834.compiler_builtins.2b04ae1fd906da09-cgu.125.rcgu.o):(.debug_abbrev)
             b6a              b6a        0     1                 $d
             c64              c64       c7     1         /home/ryoj/.rustup/toolchains/nightly-x86_64-unknown-linux-gnu/lib/rustlib/riscv64gc-unknown-none-elf/lib/libcompiler_builtins-12400e53a9c73834.rlib(compiler_builtins-12400e53a9c73834.compiler_builtins.2b04ae1fd906da09-cgu.176.rcgu.o):(.debug_abbrev)
             c64              c64        0     1                 $d
             d2b              d2b       bd     1         /home/ryoj/.rustup/toolchains/nightly-x86_64-unknown-linux-gnu/lib/rustlib/riscv64gc-unknown-none-elf/lib/libcompiler_builtins-12400e53a9c73834.rlib(compiler_builtins-12400e53a9c73834.compiler_builtins.2b04ae1fd906da09-cgu.188.rcgu.o):(.debug_abbrev)
             d2b              d2b        0     1                 $d
             de8              de8       7b     1         /home/ryoj/.rustup/toolchains/nightly-x86_64-unknown-linux-gnu/lib/rustlib/riscv64gc-unknown-none-elf/lib/libcompiler_builtins-12400e53a9c73834.rlib(compiler_builtins-12400e53a9c73834.compiler_builtins.2b04ae1fd906da09-cgu.213.rcgu.o):(.debug_abbrev)
             de8              de8        0     1                 $d
             e63              e63       5f     1         /home/ryoj/.rustup/toolchains/nightly-x86_64-unknown-linux-gnu/lib/rustlib/riscv64gc-unknown-none-elf/lib/libcompiler_builtins-12400e53a9c73834.rlib(compiler_builtins-12400e53a9c73834.compiler_builtins.2b04ae1fd906da09-cgu.263.rcgu.o):(.debug_abbrev)
             e63              e63        0     1                 $d
             ec2              ec2       f2     1         /home/ryoj/.rustup/toolchains/nightly-x86_64-unknown-linux-gnu/lib/rustlib/riscv64gc-unknown-none-elf/lib/libcompiler_builtins-12400e53a9c73834.rlib(compiler_builtins-12400e53a9c73834.compiler_builtins.2b04ae1fd906da09-cgu.010.rcgu.o):(.debug_abbrev)
             ec2              ec2        0     1                 $d
               0                0    244e4     1 .debug_info
               0                0      503     1         /home/ryoj/github.com/okamotonr/mios/user/target/riscv64gc-unknown-none-elf/debug/deps/user-cec12b36b65e6162.4968xqg8x6teu1knf2mywhaxd.rcgu.o:(.debug_info)
               0                0        0     1                 .L0 
               0                0        0     1                 $d
             503              503      56f     1         /home/ryoj/github.com/okamotonr/mios/user/target/riscv64gc-unknown-none-elf/debug/deps/user-cec12b36b65e6162.4j3ij9fqpvjs8zrox6jda4alc.rcgu.o:(.debug_info)
             503              503        0     1                 .L0 
             503              503        0     1                 $d
             a72              a72      4de     1         /home/ryoj/github.com/okamotonr/mios/user/target/riscv64gc-unknown-none-elf/debug/deps/user-cec12b36b65e6162.8bj71k2hsx7sgv9ieqceddsht.rcgu.o:(.debug_info)
             a72              a72        0     1                 .L0 
             a72              a72        0     1                 $d
             f50              f50      61a     1         /home/ryoj/github.com/okamotonr/mios/user/target/riscv64gc-unknown-none-elf/debug/deps/user-cec12b36b65e6162.blz3vm5tnk2n5nwg01qssbtuy.rcgu.o:(.debug_info)
             f50              f50        0     1                 .L0 
             f50              f50        0     1                 $d
            156a             156a      1c5     1         /home/ryoj/github.com/okamotonr/mios/user/target/riscv64gc-unknown-none-elf/debug/deps/user-cec12b36b65e6162.cahjwisf1i9xikuj3omtw9z2o.rcgu.o:(.debug_info)
            156a             156a        0     1                 .L0 
            156a             156a        0     1                 $d
            172f             172f      313     1         /home/ryoj/github.com/okamotonr/mios/user/target/riscv64gc-unknown-none-elf/debug/deps/user-cec12b36b65e6162.cp2b6x3w3aghebxqi4nvaltjp.rcgu.o:(.debug_info)
            172f             172f        0     1                 .L0 
            172f             172f        0     1                 $d
            1a42             1a42      170     1         /home/ryoj/github.com/okamotonr/mios/user/target/riscv64gc-unknown-none-elf/debug/deps/user-cec12b36b65e6162.eddahzrzatnarxwiuwk2wfv4y.rcgu.o:(.debug_info)
            1a42             1a42        0     1                 .L0 
            1a42             1a42        0     1                 $d
            1bb2             1bb2       f2     1         /home/ryoj/github.com/okamotonr/mios/user/target/riscv64gc-unknown-none-elf/debug/deps/libcommon-970cb75fd45c8853.rlib(common-970cb75fd45c8853.as7p77h8vufo2nppwid9f3ol0.rcgu.o):(.debug_info)
            1bb2             1bb2        0     1                 .L0 
            1bb2             1bb2        0     1                 $d
            1ca4             1ca4    21838     1         /home/ryoj/.rustup/toolchains/nightly-x86_64-unknown-linux-gnu/lib/rustlib/riscv64gc-unknown-none-elf/lib/libcore-b7430222903c4bab.rlib(core-b7430222903c4bab.core.448b4ae190475ef3-cgu.0.rcgu.o):(.debug_info)
            1ca4             1ca4        0     1                 .L0 
            1ca4             1ca4        0     1                 $d
           234dc            234dc      3e5     1         /home/ryoj/.rustup/toolchains/nightly-x86_64-unknown-linux-gnu/lib/rustlib/riscv64gc-unknown-none-elf/lib/libcompiler_builtins-12400e53a9c73834.rlib(compiler_builtins-12400e53a9c73834.compiler_builtins.2b04ae1fd906da09-cgu.125.rcgu.o):(.debug_info)
           234dc            234dc        0     1                 .L0 
           234dc            234dc        0     1                 $d
           238c1            238c1      2e4     1         /home/ryoj/.rustup/toolchains/nightly-x86_64-unknown-linux-gnu/lib/rustlib/riscv64gc-unknown-none-elf/lib/libcompiler_builtins-12400e53a9c73834.rlib(compiler_builtins-12400e53a9c73834.compiler_builtins.2b04ae1fd906da09-cgu.176.rcgu.o):(.debug_info)
           238c1            238c1        0     1                 .L0 
           238c1            238c1        0     1                 $d
           23ba5            23ba5      295     1         /home/ryoj/.rustup/toolchains/nightly-x86_64-unknown-linux-gnu/lib/rustlib/riscv64gc-unknown-none-elf/lib/libcompiler_builtins-12400e53a9c73834.rlib(compiler_builtins-12400e53a9c73834.compiler_builtins.2b04ae1fd906da09-cgu.188.rcgu.o):(.debug_info)
           23ba5            23ba5        0     1                 .L0 
           23ba5            23ba5        0     1                 $d
           23e3a            23e3a       b9     1         /home/ryoj/.rustup/toolchains/nightly-x86_64-unknown-linux-gnu/lib/rustlib/riscv64gc-unknown-none-elf/lib/libcompiler_builtins-12400e53a9c73834.rlib(compiler_builtins-12400e53a9c73834.compiler_builtins.2b04ae1fd906da09-cgu.213.rcgu.o):(.debug_info)
           23e3a            23e3a        0     1                 .L0 
           23e3a            23e3a        0     1                 $d
           23ef3            23ef3       ad     1         /home/ryoj/.rustup/toolchains/nightly-x86_64-unknown-linux-gnu/lib/rustlib/riscv64gc-unknown-none-elf/lib/libcompiler_builtins-12400e53a9c73834.rlib(compiler_builtins-12400e53a9c73834.compiler_builtins.2b04ae1fd906da09-cgu.263.rcgu.o):(.debug_info)
           23ef3            23ef3        0     1                 .L0 
           23ef3            23ef3        0     1                 $d
           23fa0            23fa0      544     1         /home/ryoj/.rustup/toolchains/nightly-x86_64-unknown-linux-gnu/lib/rustlib/riscv64gc-unknown-none-elf/lib/libcompiler_builtins-12400e53a9c73834.rlib(compiler_builtins-12400e53a9c73834.compiler_builtins.2b04ae1fd906da09-cgu.010.rcgu.o):(.debug_info)
           23fa0            23fa0        0     1                 .L0 
           23fa0            23fa0        0     1                 $d
               0                0     1f80     1 .debug_aranges
               0                0       30     1         /home/ryoj/github.com/okamotonr/mios/user/target/riscv64gc-unknown-none-elf/debug/deps/user-cec12b36b65e6162.4968xqg8x6teu1knf2mywhaxd.rcgu.o:(.debug_aranges)
               0                0        0     1                 $d
              30               30       30     1         /home/ryoj/github.com/okamotonr/mios/user/target/riscv64gc-unknown-none-elf/debug/deps/user-cec12b36b65e6162.4j3ij9fqpvjs8zrox6jda4alc.rcgu.o:(.debug_aranges)
              30               30        0     1                 $d
              60               60       30     1         /home/ryoj/github.com/okamotonr/mios/user/target/riscv64gc-unknown-none-elf/debug/deps/user-cec12b36b65e6162.8bj71k2hsx7sgv9ieqceddsht.rcgu.o:(.debug_aranges)
              60               60        0     1                 $d
              90               90       50     1         /home/ryoj/github.com/okamotonr/mios/user/target/riscv64gc-unknown-none-elf/debug/deps/user-cec12b36b65e6162.blz3vm5tnk2n5nwg01qssbtuy.rcgu.o:(.debug_aranges)
              90               90        0     1                 $d
              e0               e0       30     1         /home/ryoj/github.com/okamotonr/mios/user/target/riscv64gc-unknown-none-elf/debug/deps/user-cec12b36b65e6162.cahjwisf1i9xikuj3omtw9z2o.rcgu.o:(.debug_aranges)
              e0               e0        0     1                 $d
             110              110       30     1         /home/ryoj/github.com/okamotonr/mios/user/target/riscv64gc-unknown-none-elf/debug/deps/user-cec12b36b65e6162.cp2b6x3w3aghebxqi4nvaltjp.rcgu.o:(.debug_aranges)
             110              110        0     1                 $d
             140              140       30     1         /home/ryoj/github.com/okamotonr/mios/user/target/riscv64gc-unknown-none-elf/debug/deps/user-cec12b36b65e6162.eddahzrzatnarxwiuwk2wfv4y.rcgu.o:(.debug_aranges)
             140              140        0     1                 $d
             170              170       40     1         /home/ryoj/github.com/okamotonr/mios/user/target/riscv64gc-unknown-none-elf/debug/deps/libcommon-970cb75fd45c8853.rlib(common-970cb75fd45c8853.as7p77h8vufo2nppwid9f3ol0.rcgu.o):(.debug_aranges)
             170              170        0     1                 $d
             1b0              1b0     1c90     1         /home/ryoj/.rustup/toolchains/nightly-x86_64-unknown-linux-gnu/lib/rustlib/riscv64gc-unknown-none-elf/lib/libcore-b7430222903c4bab.rlib(core-b7430222903c4bab.core.448b4ae190475ef3-cgu.0.rcgu.o):(.debug_aranges)
             1b0              1b0        0     1                 $d
            1e40             1e40       30     1         /home/ryoj/.rustup/toolchains/nightly-x86_64-unknown-linux-gnu/lib/rustlib/riscv64gc-unknown-none-elf/lib/libcompiler_builtins-12400e53a9c73834.rlib(compiler_builtins-12400e53a9c73834.compiler_builtins.2b04ae1fd906da09-cgu.125.rcgu.o):(.debug_aranges)
            1e40             1e40        0     1                 $d
            1e70             1e70       30     1         /home/ryoj/.rustup/toolchains/nightly-x86_64-unknown-linux-gnu/lib/rustlib/riscv64gc-unknown-none-elf/lib/libcompiler_builtins-12400e53a9c73834.rlib(compiler_builtins-12400e53a9c73834.compiler_builtins.2b04ae1fd906da09-cgu.176.rcgu.o):(.debug_aranges)
            1e70             1e70        0     1                 $d
            1ea0             1ea0       30     1         /home/ryoj/.rustup/toolchains/nightly-x86_64-unknown-linux-gnu/lib/rustlib/riscv64gc-unknown-none-elf/lib/libcompiler_builtins-12400e53a9c73834.rlib(compiler_builtins-12400e53a9c73834.compiler_builtins.2b04ae1fd906da09-cgu.188.rcgu.o):(.debug_aranges)
            1ea0             1ea0        0     1                 $d
            1ed0             1ed0       30     1         /home/ryoj/.rustup/toolchains/nightly-x86_64-unknown-linux-gnu/lib/rustlib/riscv64gc-unknown-none-elf/lib/libcompiler_builtins-12400e53a9c73834.rlib(compiler_builtins-12400e53a9c73834.compiler_builtins.2b04ae1fd906da09-cgu.213.rcgu.o):(.debug_aranges)
            1ed0             1ed0        0     1                 $d
            1f00             1f00       30     1         /home/ryoj/.rustup/toolchains/nightly-x86_64-unknown-linux-gnu/lib/rustlib/riscv64gc-unknown-none-elf/lib/libcompiler_builtins-12400e53a9c73834.rlib(compiler_builtins-12400e53a9c73834.compiler_builtins.2b04ae1fd906da09-cgu.263.rcgu.o):(.debug_aranges)
            1f00             1f00        0     1                 $d
            1f30             1f30       50     1         /home/ryoj/.rustup/toolchains/nightly-x86_64-unknown-linux-gnu/lib/rustlib/riscv64gc-unknown-none-elf/lib/libcompiler_builtins-12400e53a9c73834.rlib(compiler_builtins-12400e53a9c73834.compiler_builtins.2b04ae1fd906da09-cgu.010.rcgu.o):(.debug_aranges)
            1f30             1f30        0     1                 $d
               0                0    384a1     1 .debug_str
               0                0    384a1     1         <internal>:(.debug_str)
               0                0       93     1 .comment
               0                0       93     1         <internal>:(.comment)
               0                0       47     1 .riscv.attributes
               0                0       47     1         <internal>:(.riscv.attributes)
               0                0      218     8 .debug_frame
               0                0       38     8         /home/ryoj/github.com/okamotonr/mios/user/target/riscv64gc-unknown-none-elf/debug/deps/user-cec12b36b65e6162.4968xqg8x6teu1knf2mywhaxd.rcgu.o:(.debug_frame)
               0                0        0     1                 .L0 
               0                0        0     1                 $d
              38               38       38     8         /home/ryoj/github.com/okamotonr/mios/user/target/riscv64gc-unknown-none-elf/debug/deps/user-cec12b36b65e6162.4j3ij9fqpvjs8zrox6jda4alc.rcgu.o:(.debug_frame)
              38               38        0     1                 .L0 
              38               38        0     1                 $d
              70               70       38     8         /home/ryoj/github.com/okamotonr/mios/user/target/riscv64gc-unknown-none-elf/debug/deps/user-cec12b36b65e6162.8bj71k2hsx7sgv9ieqceddsht.rcgu.o:(.debug_frame)
              70               70        0     1                 .L0 
              70               70        0     1                 $d
              a8               a8       70     8         /home/ryoj/github.com/okamotonr/mios/user/target/riscv64gc-unknown-none-elf/debug/deps/user-cec12b36b65e6162.blz3vm5tnk2n5nwg01qssbtuy.rcgu.o:(.debug_frame)
              a8               a8        0     1                 .L0 
              a8               a8        0     1                 $d
             118              118       38     8         /home/ryoj/github.com/okamotonr/mios/user/target/riscv64gc-unknown-none-elf/debug/deps/user-cec12b36b65e6162.cahjwisf1i9xikuj3omtw9z2o.rcgu.o:(.debug_frame)
             118              118        0     1                 .L0 
             118              118        0     1                 $d
             150              150       38     8         /home/ryoj/github.com/okamotonr/mios/user/target/riscv64gc-unknown-none-elf/debug/deps/user-cec12b36b65e6162.cp2b6x3w3aghebxqi4nvaltjp.rcgu.o:(.debug_frame)
             150              150        0     1                 .L0 
             150              150        0     1                 $d
             188              188       38     8         /home/ryoj/github.com/okamotonr/mios/user/target/riscv64gc-unknown-none-elf/debug/deps/user-cec12b36b65e6162.eddahzrzatnarxwiuwk2wfv4y.rcgu.o:(.debug_frame)
             188              188        0     1                 .L0 
             188              188        0     1                 $d
             1c0              1c0       58     8         /home/ryoj/github.com/okamotonr/mios/user/target/riscv64gc-unknown-none-elf/debug/deps/libcommon-970cb75fd45c8853.rlib(common-970cb75fd45c8853.as7p77h8vufo2nppwid9f3ol0.rcgu.o):(.debug_frame)
             1c0              1c0        0     1                 .L0 
             1c0              1c0        0     1                 $d
               0                0    1fbff     1 .debug_line
               0                0      206     1         /home/ryoj/github.com/okamotonr/mios/user/target/riscv64gc-unknown-none-elf/debug/deps/user-cec12b36b65e6162.4968xqg8x6teu1knf2mywhaxd.rcgu.o:(.debug_line)
               0                0        0     1                 .Lline_table_start0
               0                0        0     1                 $d
             206              206       b8     1         /home/ryoj/github.com/okamotonr/mios/user/target/riscv64gc-unknown-none-elf/debug/deps/user-cec12b36b65e6162.4j3ij9fqpvjs8zrox6jda4alc.rcgu.o:(.debug_line)
             206              206        0     1                 .Lline_table_start0
             206              206        0     1                 $d
             2be              2be      261     1         /home/ryoj/github.com/okamotonr/mios/user/target/riscv64gc-unknown-none-elf/debug/deps/user-cec12b36b65e6162.8bj71k2hsx7sgv9ieqceddsht.rcgu.o:(.debug_line)
             2be              2be        0     1                 .Lline_table_start0
             2be              2be        0     1                 $d
             51f              51f       7e     1         /home/ryoj/github.com/okamotonr/mios/user/target/riscv64gc-unknown-none-elf/debug/deps/user-cec12b36b65e6162.blz3vm5tnk2n5nwg01qssbtuy.rcgu.o:(.debug_line)
             51f              51f        0     1                 .Lline_table_start0
             51f              51f        0     1                 $d
             59d              59d       7f     1         /home/ryoj/github.com/okamotonr/mios/user/target/riscv64gc-unknown-none-elf/debug/deps/user-cec12b36b65e6162.cahjwisf1i9xikuj3omtw9z2o.rcgu.o:(.debug_line)
             59d              59d        0     1                 .Lline_table_start0
             59d              59d        0     1                 $d
             61c              61c      1f5     1         /home/ryoj/github.com/okamotonr/mios/user/target/riscv64gc-unknown-none-elf/debug/deps/user-cec12b36b65e6162.cp2b6x3w3aghebxqi4nvaltjp.rcgu.o:(.debug_line)
             61c              61c        0     1                 .Lline_table_start0
             61c              61c        0     1                 $d
             811              811       bc     1         /home/ryoj/github.com/okamotonr/mios/user/target/riscv64gc-unknown-none-elf/debug/deps/user-cec12b36b65e6162.eddahzrzatnarxwiuwk2wfv4y.rcgu.o:(.debug_line)
             811              811        0     1                 .Lline_table_start0
             811              811        0     1                 $d
             8cd              8cd       98     1         /home/ryoj/github.com/okamotonr/mios/user/target/riscv64gc-unknown-none-elf/debug/deps/libcommon-970cb75fd45c8853.rlib(common-970cb75fd45c8853.as7p77h8vufo2nppwid9f3ol0.rcgu.o):(.debug_line)
             8cd              8cd        0     1                 .Lline_table_start0
             8cd              8cd        0     1                 $d
             965              965    1deaf     1         /home/ryoj/.rustup/toolchains/nightly-x86_64-unknown-linux-gnu/lib/rustlib/riscv64gc-unknown-none-elf/lib/libcore-b7430222903c4bab.rlib(core-b7430222903c4bab.core.448b4ae190475ef3-cgu.0.rcgu.o):(.debug_line)
             965              965        0     1                 .Lline_table_start0
             965              965        0     1                 $d
           1e814            1e814      400     1         /home/ryoj/.rustup/toolchains/nightly-x86_64-unknown-linux-gnu/lib/rustlib/riscv64gc-unknown-none-elf/lib/libcompiler_builtins-12400e53a9c73834.rlib(compiler_builtins-12400e53a9c73834.compiler_builtins.2b04ae1fd906da09-cgu.125.rcgu.o):(.debug_line)
           1e814            1e814        0     1                 .Lline_table_start0
           1e814            1e814        0     1                 $d
           1eb17            1eb17        0     1                 .Lline_table_start1
           1ec14            1ec14      305     1         /home/ryoj/.rustup/toolchains/nightly-x86_64-unknown-linux-gnu/lib/rustlib/riscv64gc-unknown-none-elf/lib/libcompiler_builtins-12400e53a9c73834.rlib(compiler_builtins-12400e53a9c73834.compiler_builtins.2b04ae1fd906da09-cgu.176.rcgu.o):(.debug_line)
           1ec14            1ec14        0     1                 .Lline_table_start0
           1ec14            1ec14        0     1                 $d
           1ee2c            1ee2c        0     1                 .Lline_table_start1
           1ef19            1ef19      287     1         /home/ryoj/.rustup/toolchains/nightly-x86_64-unknown-linux-gnu/lib/rustlib/riscv64gc-unknown-none-elf/lib/libcompiler_builtins-12400e53a9c73834.rlib(compiler_builtins-12400e53a9c73834.compiler_builtins.2b04ae1fd906da09-cgu.188.rcgu.o):(.debug_line)
           1ef19            1ef19        0     1                 .Lline_table_start0
           1ef19            1ef19        0     1                 $d
           1f0fe            1f0fe        0     1                 .Lline_table_start1
           1f1a0            1f1a0      100     1         /home/ryoj/.rustup/toolchains/nightly-x86_64-unknown-linux-gnu/lib/rustlib/riscv64gc-unknown-none-elf/lib/libcompiler_builtins-12400e53a9c73834.rlib(compiler_builtins-12400e53a9c73834.compiler_builtins.2b04ae1fd906da09-cgu.213.rcgu.o):(.debug_line)
           1f1a0            1f1a0        0     1                 .Lline_table_start0
           1f1a0            1f1a0        0     1                 $d
           1f25d            1f25d        0     1                 .Lline_table_start1
           1f2a0            1f2a0       9e     1         /home/ryoj/.rustup/toolchains/nightly-x86_64-unknown-linux-gnu/lib/rustlib/riscv64gc-unknown-none-elf/lib/libcompiler_builtins-12400e53a9c73834.rlib(compiler_builtins-12400e53a9c73834.compiler_builtins.2b04ae1fd906da09-cgu.263.rcgu.o):(.debug_line)
           1f2a0            1f2a0        0     1                 .Lline_table_start0
           1f2a0            1f2a0        0     1                 $d
           1f30f            1f30f        0     1                 .Lline_table_start1
           1f33e            1f33e      8c1     1         /home/ryoj/.rustup/toolchains/nightly-x86_64-unknown-linux-gnu/lib/rustlib/riscv64gc-unknown-none-elf/lib/libcompiler_builtins-12400e53a9c73834.rlib(compiler_builtins-12400e53a9c73834.compiler_builtins.2b04ae1fd906da09-cgu.010.rcgu.o):(.debug_line)
           1f33e            1f33e        0     1                 .Lline_table_start0
           1f33e            1f33e        0     1                 $d
               0                0    19aa0     1 .debug_ranges
               0                0      120     1         /home/ryoj/github.com/okamotonr/mios/user/target/riscv64gc-unknown-none-elf/debug/deps/user-cec12b36b65e6162.8bj71k2hsx7sgv9ieqceddsht.rcgu.o:(.debug_ranges)
               0                0        0     1                 .L0 
               0                0        0     1                 $d
              40               40        0     1                 .L0 
              80               80        0     1                 .L0 
              c0               c0        0     1                 .L0 
              f0               f0        0     1                 .L0 
             120              120       40     1         /home/ryoj/github.com/okamotonr/mios/user/target/riscv64gc-unknown-none-elf/debug/deps/user-cec12b36b65e6162.blz3vm5tnk2n5nwg01qssbtuy.rcgu.o:(.debug_ranges)
             120              120        0     1                 .L0 
             120              120        0     1                 $d
             160              160       30     1         /home/ryoj/github.com/okamotonr/mios/user/target/riscv64gc-unknown-none-elf/debug/deps/user-cec12b36b65e6162.cahjwisf1i9xikuj3omtw9z2o.rcgu.o:(.debug_ranges)
             160              160        0     1                 .L0 
             160              160        0     1                 $d
             190              190       30     1         /home/ryoj/github.com/okamotonr/mios/user/target/riscv64gc-unknown-none-elf/debug/deps/libcommon-970cb75fd45c8853.rlib(common-970cb75fd45c8853.as7p77h8vufo2nppwid9f3ol0.rcgu.o):(.debug_ranges)
             190              190        0     1                 .L0 
             190              190        0     1                 $d
             1c0              1c0    19530     1         /home/ryoj/.rustup/toolchains/nightly-x86_64-unknown-linux-gnu/lib/rustlib/riscv64gc-unknown-none-elf/lib/libcore-b7430222903c4bab.rlib(core-b7430222903c4bab.core.448b4ae190475ef3-cgu.0.rcgu.o):(.debug_ranges)
             1c0              1c0        0     1                 .L0 
             1c0              1c0        0     1                 $d
             1f0              1f0        0     1                 .L0 
             220              220        0     1                 .L0 
             250              250        0     1                 .L0 
             280              280        0     1                 .L0 
             2c0              2c0        0     1                 .L0 
             2f0              2f0        0     1                 .L0 
             320              320        0     1                 .L0 
             350              350        0     1                 .L0 
             380              380        0     1                 .L0 
             3b0              3b0        0     1                 .L0 
             3e0              3e0        0     1                 .L0 
             410              410        0     1                 .L0 
             440              440        0     1                 .L0 
             470              470        0     1                 .L0 
             4a0              4a0        0     1                 .L0 
             4d0              4d0        0     1                 .L0 
             500              500        0     1                 .L0 
             530              530        0     1                 .L0 
             560              560        0     1                 .L0 
             590              590        0     1                 .L0 
             5c0              5c0        0     1                 .L0 
             5f0              5f0        0     1                 .L0 
             640              640        0     1                 .L0 
             670              670        0     1                 .L0 
             6a0              6a0        0     1                 .L0 
             6d0              6d0        0     1                 .L0 
             710              710        0     1                 .L0 
             750              750        0     1                 .L0 
             780              780        0     1                 .L0 
             7b0              7b0        0     1                 .L0 
             7e0              7e0        0     1                 .L0 
             820              820        0     1                 .L0 
             860              860        0     1                 .L0 
             890              890        0     1                 .L0 
             8d0              8d0        0     1                 .L0 
             900              900        0     1                 .L0 
             940              940        0     1                 .L0 
             970              970        0     1                 .L0 
             9a0              9a0        0     1                 .L0 
             9d0              9d0        0     1                 .L0 
             a00              a00        0     1                 .L0 
             a40              a40        0     1                 .L0 
             a70              a70        0     1                 .L0 
             ab0              ab0        0     1                 .L0 
             ae0              ae0        0     1                 .L0 
             b10              b10        0     1                 .L0 
             b40              b40        0     1                 .L0 
             b70              b70        0     1                 .L0 
             bb0              bb0        0     1                 .L0 
             be0              be0        0     1                 .L0 
             c20              c20        0     1                 .L0 
             c50              c50        0     1                 .L0 
             c90              c90        0     1                 .L0 
             ce0              ce0        0     1                 .L0 
             d10              d10        0     1                 .L0 
             d70              d70        0     1                 .L0 
             da0              da0        0     1                 .L0 
             dd0              dd0        0     1                 .L0 
             e00              e00        0     1                 .L0 
             e30              e30        0     1                 .L0 
             e60              e60        0     1                 .L0 
             e90              e90        0     1                 .L0 
             ee0              ee0        0     1                 .L0 
             f10              f10        0     1                 .L0 
             f40              f40        0     1                 .L0 
             f70              f70        0     1                 .L0 
             fb0              fb0        0     1                 .L0 
             ff0              ff0        0     1                 .L0 
            1020             1020        0     1                 .L0 
            1070             1070        0     1                 .L0 
            10a0             10a0        0     1                 .L0 
            10d0             10d0        0     1                 .L0 
            1100             1100        0     1                 .L0 
            1130             1130        0     1                 .L0 
            1170             1170        0     1                 .L0 
            11a0             11a0        0     1                 .L0 
            11d0             11d0        0     1                 .L0 
            1210             1210        0     1                 .L0 
            1240             1240        0     1                 .L0 
            12a0             12a0        0     1                 .L0 
            12f0             12f0        0     1                 .L0 
            1340             1340        0     1                 .L0 
            1390             1390        0     1                 .L0 
            13c0             13c0        0     1                 .L0 
            13f0             13f0        0     1                 .L0 
            1420             1420        0     1                 .L0 
            1450             1450        0     1                 .L0 
            1480             1480        0     1                 .L0 
            14b0             14b0        0     1                 .L0 
            14e0             14e0        0     1                 .L0 
            1510             1510        0     1                 .L0 
            1540             1540        0     1                 .L0 
            1570             1570        0     1                 .L0 
            15a0             15a0        0     1                 .L0 
            15d0             15d0        0     1                 .L0 
            1600             1600        0     1                 .L0 
            1650             1650        0     1                 .L0 
            16a0             16a0        0     1                 .L0 
            16f0             16f0        0     1                 .L0 
            1720             1720        0     1                 .L0 
            1750             1750        0     1                 .L0 
            1780             1780        0     1                 .L0 
            17b0             17b0        0     1                 .L0 
            17e0             17e0        0     1                 .L0 
            1810             1810        0     1                 .L0 
            1840             1840        0     1                 .L0 
            1870             1870        0     1                 .L0 
            18a0             18a0        0     1                 .L0 
            18d0             18d0        0     1                 .L0 
            1900             1900        0     1                 .L0 
            1930             1930        0     1                 .L0 
            1960             1960        0     1                 .L0 
            19b0             19b0        0     1                 .L0 
            1a00             1a00        0     1                 .L0 
            1a50             1a50        0     1                 .L0 
            1a80             1a80        0     1                 .L0 
            1ab0             1ab0        0     1                 .L0 
            1ae0             1ae0        0     1                 .L0 
            1b10             1b10        0     1                 .L0 
            1b40             1b40        0     1                 .L0 
            1b70             1b70        0     1                 .L0 
            1ba0             1ba0        0     1                 .L0 
            1bd0             1bd0        0     1                 .L0 
            1c00             1c00        0     1                 .L0 
            1c30             1c30        0     1                 .L0 
            1c60             1c60        0     1                 .L0 
            1c90             1c90        0     1                 .L0 
            1cc0             1cc0        0     1                 .L0 
            1d10             1d10        0     1                 .L0 
            1d60             1d60        0     1                 .L0 
            1db0             1db0        0     1                 .L0 
            1de0             1de0        0     1                 .L0 
            1e10             1e10        0     1                 .L0 
            1e40             1e40        0     1                 .L0 
            1e70             1e70        0     1                 .L0 
            1ea0             1ea0        0     1                 .L0 
            1ed0             1ed0        0     1                 .L0 
            1f00             1f00        0     1                 .L0 
            1f30             1f30        0     1                 .L0 
            1f60             1f60        0     1                 .L0 
            1f90             1f90        0     1                 .L0 
            1fc0             1fc0        0     1                 .L0 
            1ff0             1ff0        0     1                 .L0 
            2020             2020        0     1                 .L0 
            2070             2070        0     1                 .L0 
            20a0             20a0        0     1                 .L0 
            20d0             20d0        0     1                 .L0 
            2100             2100        0     1                 .L0 
            2130             2130        0     1                 .L0 
            2160             2160        0     1                 .L0 
            21b0             21b0        0     1                 .L0 
            21e0             21e0        0     1                 .L0 
            2210             2210        0     1                 .L0 
            2240             2240        0     1                 .L0 
            2270             2270        0     1                 .L0 
            22a0             22a0        0     1                 .L0 
            22d0             22d0        0     1                 .L0 
            2300             2300        0     1                 .L0 
            2330             2330        0     1                 .L0 
            2360             2360        0     1                 .L0 
            2390             2390        0     1                 .L0 
            23c0             23c0        0     1                 .L0 
            2400             2400        0     1                 .L0 
            2440             2440        0     1                 .L0 
            2470             2470        0     1                 .L0 
            24b0             24b0        0     1                 .L0 
            2500             2500        0     1                 .L0 
            2530             2530        0     1                 .L0 
            2560             2560        0     1                 .L0 
            25a0             25a0        0     1                 .L0 
            25d0             25d0        0     1                 .L0 
            2600             2600        0     1                 .L0 
            2640             2640        0     1                 .L0 
            2680             2680        0     1                 .L0 
            26b0             26b0        0     1                 .L0 
            26e0             26e0        0     1                 .L0 
            2710             2710        0     1                 .L0 
            2740             2740        0     1                 .L0 
            2770             2770        0     1                 .L0 
            27a0             27a0        0     1                 .L0 
            27d0             27d0        0     1                 .L0 
            2810             2810        0     1                 .L0 
            2850             2850        0     1                 .L0 
            2880             2880        0     1                 .L0 
            28b0             28b0        0     1                 .L0 
            28e0             28e0        0     1                 .L0 
            2910             2910        0     1                 .L0 
            2940             2940        0     1                 .L0 
            2970             2970        0     1                 .L0 
            29b0             29b0        0     1                 .L0 
            29f0             29f0        0     1                 .L0 
            2a30             2a30        0     1                 .L0 
            2a70             2a70        0     1                 .L0 
            2ab0             2ab0        0     1                 .L0 
            2af0             2af0        0     1                 .L0 
            2b30             2b30        0     1                 .L0 
            2b60             2b60        0     1                 .L0 
            2b90             2b90        0     1                 .L0 
            2bc0             2bc0        0     1                 .L0 
            2bf0             2bf0        0     1                 .L0 
            2c20             2c20        0     1                 .L0 
            2c50             2c50        0     1                 .L0 
            2c80             2c80        0     1                 .L0 
            2cb0             2cb0        0     1                 .L0 
            2ce0             2ce0        0     1                 .L0 
            2d30             2d30        0     1                 .L0 
            2d60             2d60        0     1                 .L0 
            2d90             2d90        0     1                 .L0 
            2dc0             2dc0        0     1                 .L0 
            2df0             2df0        0     1                 .L0 
            2e20             2e20        0     1                 .L0 
            2e50             2e50        0     1                 .L0 
            2e80             2e80        0     1                 .L0 
            2eb0             2eb0        0     1                 .L0 
            2ee0             2ee0        0     1                 .L0 
            2f20             2f20        0     1                 .L0 
            2f60             2f60        0     1                 .L0 
            2fa0             2fa0        0     1                 .L0 
            2fd0             2fd0        0     1                 .L0 
            3000             3000        0     1                 .L0 
            3030             3030        0     1                 .L0 
            3060             3060        0     1                 .L0 
            30a0             30a0        0     1                 .L0 
            30d0             30d0        0     1                 .L0 
            3110             3110        0     1                 .L0 
            3140             3140        0     1                 .L0 
            3180             3180        0     1                 .L0 
            31c0             31c0        0     1                 .L0 
            3200             3200        0     1                 .L0 
            3230             3230        0     1                 .L0 
            3260             3260        0     1                 .L0 
            3290             3290        0     1                 .L0 
            32c0             32c0        0     1                 .L0 
            3310             3310        0     1                 .L0 
            3360             3360        0     1                 .L0 
            33b0             33b0        0     1                 .L0 
            33e0             33e0        0     1                 .L0 
            3410             3410        0     1                 .L0 
            3440             3440        0     1                 .L0 
            3470             3470        0     1                 .L0 
            34a0             34a0        0     1                 .L0 
            34d0             34d0        0     1                 .L0 
            3500             3500        0     1                 .L0 
            3530             3530        0     1                 .L0 
            3560             3560        0     1                 .L0 
            3590             3590        0     1                 .L0 
            35c0             35c0        0     1                 .L0 
            35f0             35f0        0     1                 .L0 
            3620             3620        0     1                 .L0 
            3670             3670        0     1                 .L0 
            36c0             36c0        0     1                 .L0 
            3710             3710        0     1                 .L0 
            3740             3740        0     1                 .L0 
            3770             3770        0     1                 .L0 
            37a0             37a0        0     1                 .L0 
            37d0             37d0        0     1                 .L0 
            3800             3800        0     1                 .L0 
            3830             3830        0     1                 .L0 
            3860             3860        0     1                 .L0 
            3890             3890        0     1                 .L0 
            38c0             38c0        0     1                 .L0 
            38f0             38f0        0     1                 .L0 
            3920             3920        0     1                 .L0 
            3950             3950        0     1                 .L0 
            3980             3980        0     1                 .L0 
            39d0             39d0        0     1                 .L0 
            3a20             3a20        0     1                 .L0 
            3a70             3a70        0     1                 .L0 
            3aa0             3aa0        0     1                 .L0 
            3ad0             3ad0        0     1                 .L0 
            3b00             3b00        0     1                 .L0 
            3b30             3b30        0     1                 .L0 
            3b60             3b60        0     1                 .L0 
            3b90             3b90        0     1                 .L0 
            3bc0             3bc0        0     1                 .L0 
            3bf0             3bf0        0     1                 .L0 
            3c20             3c20        0     1                 .L0 
            3c50             3c50        0     1                 .L0 
            3c80             3c80        0     1                 .L0 
            3cb0             3cb0        0     1                 .L0 
            3ce0             3ce0        0     1                 .L0 
            3d20             3d20        0     1                 .L0 
            3d50             3d50        0     1                 .L0 
            3d80             3d80        0     1                 .L0 
            3db0             3db0        0     1                 .L0 
            3de0             3de0        0     1                 .L0 
            3e20             3e20        0     1                 .L0 
            3e50             3e50        0     1                 .L0 
            3e90             3e90        0     1                 .L0 
            3ed0             3ed0        0     1                 .L0 
            3f00             3f00        0     1                 .L0 
            3f30             3f30        0     1                 .L0 
            3f60             3f60        0     1                 .L0 
            3fa0             3fa0        0     1                 .L0 
            3fd0             3fd0        0     1                 .L0 
            4010             4010        0     1                 .L0 
            4040             4040        0     1                 .L0 
            4070             4070        0     1                 .L0 
            40a0             40a0        0     1                 .L0 
            40d0             40d0        0     1                 .L0 
            4100             4100        0     1                 .L0 
            4130             4130        0     1                 .L0 
            4160             4160        0     1                 .L0 
            4190             4190        0     1                 .L0 
            41c0             41c0        0     1                 .L0 
            41f0             41f0        0     1                 .L0 
            4220             4220        0     1                 .L0 
            4260             4260        0     1                 .L0 
            4290             4290        0     1                 .L0 
            42c0             42c0        0     1                 .L0 
            42f0             42f0        0     1                 .L0 
            4320             4320        0     1                 .L0 
            4360             4360        0     1                 .L0 
            4390             4390        0     1                 .L0 
            43d0             43d0        0     1                 .L0 
            4410             4410        0     1                 .L0 
            4440             4440        0     1                 .L0 
            4470             4470        0     1                 .L0 
            44a0             44a0        0     1                 .L0 
            44d0             44d0        0     1                 .L0 
            4500             4500        0     1                 .L0 
            4530             4530        0     1                 .L0 
            4560             4560        0     1                 .L0 
            4590             4590        0     1                 .L0 
            45c0             45c0        0     1                 .L0 
            4610             4610        0     1                 .L0 
            4640             4640        0     1                 .L0 
            4670             4670        0     1                 .L0 
            46a0             46a0        0     1                 .L0 
            46d0             46d0        0     1                 .L0 
            4700             4700        0     1                 .L0 
            4730             4730        0     1                 .L0 
            4760             4760        0     1                 .L0 
            4790             4790        0     1                 .L0 
            47c0             47c0        0     1                 .L0 
            47f0             47f0        0     1                 .L0 
            4820             4820        0     1                 .L0 
            4850             4850        0     1                 .L0 
            4880             4880        0     1                 .L0 
            48c0             48c0        0     1                 .L0 
            48f0             48f0        0     1                 .L0 
            4920             4920        0     1                 .L0 
            4950             4950        0     1                 .L0 
            4980             4980        0     1                 .L0 
            49b0             49b0        0     1                 .L0 
            49e0             49e0        0     1                 .L0 
            4a10             4a10        0     1                 .L0 
            4a40             4a40        0     1                 .L0 
            4a70             4a70        0     1                 .L0 
            4aa0             4aa0        0     1                 .L0 
            4ad0             4ad0        0     1                 .L0 
            4b00             4b00        0     1                 .L0 
            4b30             4b30        0     1                 .L0 
            4b70             4b70        0     1                 .L0 
            4bb0             4bb0        0     1                 .L0 
            4be0             4be0        0     1                 .L0 
            4c10             4c10        0     1                 .L0 
            4c40             4c40        0     1                 .L0 
            4c70             4c70        0     1                 .L0 
            4ca0             4ca0        0     1                 .L0 
            4cd0             4cd0        0     1                 .L0 
            4d00             4d00        0     1                 .L0 
            4d30             4d30        0     1                 .L0 
            4d70             4d70        0     1                 .L0 
            4da0             4da0        0     1                 .L0 
            4dd0             4dd0        0     1                 .L0 
            4e00             4e00        0     1                 .L0 
            4e40             4e40        0     1                 .L0 
            4e70             4e70        0     1                 .L0 
            4ea0             4ea0        0     1                 .L0 
            4ed0             4ed0        0     1                 .L0 
            4f00             4f00        0     1                 .L0 
            4f30             4f30        0     1                 .L0 
            4f60             4f60        0     1                 .L0 
            4f90             4f90        0     1                 .L0 
            4fc0             4fc0        0     1                 .L0 
            4ff0             4ff0        0     1                 .L0 
            5020             5020        0     1                 .L0 
            5050             5050        0     1                 .L0 
            5080             5080        0     1                 .L0 
            50b0             50b0        0     1                 .L0 
            50e0             50e0        0     1                 .L0 
            5110             5110        0     1                 .L0 
            5140             5140        0     1                 .L0 
            5170             5170        0     1                 .L0 
            51a0             51a0        0     1                 .L0 
            51d0             51d0        0     1                 .L0 
            5200             5200        0     1                 .L0 
            5230             5230        0     1                 .L0 
            5260             5260        0     1                 .L0 
            5290             5290        0     1                 .L0 
            52c0             52c0        0     1                 .L0 
            52f0             52f0        0     1                 .L0 
            5320             5320        0     1                 .L0 
            5350             5350        0     1                 .L0 
            5380             5380        0     1                 .L0 
            53b0             53b0        0     1                 .L0 
            53e0             53e0        0     1                 .L0 
            5410             5410        0     1                 .L0 
            5440             5440        0     1                 .L0 
            5470             5470        0     1                 .L0 
            54a0             54a0        0     1                 .L0 
            54d0             54d0        0     1                 .L0 
            5500             5500        0     1                 .L0 
            5530             5530        0     1                 .L0 
            5560             5560        0     1                 .L0 
            55a0             55a0        0     1                 .L0 
            55d0             55d0        0     1                 .L0 
            5600             5600        0     1                 .L0 
            5630             5630        0     1                 .L0 
            56b0             56b0        0     1                 .L0 
            5730             5730        0     1                 .L0 
            57b0             57b0        0     1                 .L0 
            5830             5830        0     1                 .L0 
            58b0             58b0        0     1                 .L0 
            58f0             58f0        0     1                 .L0 
            5950             5950        0     1                 .L0 
            59a0             59a0        0     1                 .L0 
            5a00             5a00        0     1                 .L0 
            5a50             5a50        0     1                 .L0 
            5aa0             5aa0        0     1                 .L0 
            5af0             5af0        0     1                 .L0 
            5b30             5b30        0     1                 .L0 
            5b60             5b60        0     1                 .L0 
            5b90             5b90        0     1                 .L0 
            5bc0             5bc0        0     1                 .L0 
            5c30             5c30        0     1                 .L0 
            5c90             5c90        0     1                 .L0 
            5cf0             5cf0        0     1                 .L0 
            5d50             5d50        0     1                 .L0 
            5db0             5db0        0     1                 .L0 
            5df0             5df0        0     1                 .L0 
            5e30             5e30        0     1                 .L0 
            5e60             5e60        0     1                 .L0 
            5e90             5e90        0     1                 .L0 
            5ec0             5ec0        0     1                 .L0 
            5f10             5f10        0     1                 .L0 
            5f60             5f60        0     1                 .L0 
            5fb0             5fb0        0     1                 .L0 
            5fe0             5fe0        0     1                 .L0 
            6050             6050        0     1                 .L0 
            6080             6080        0     1                 .L0 
            60b0             60b0        0     1                 .L0 
            6100             6100        0     1                 .L0 
            6130             6130        0     1                 .L0 
            6160             6160        0     1                 .L0 
            61b0             61b0        0     1                 .L0 
            6200             6200        0     1                 .L0 
            6250             6250        0     1                 .L0 
            62a0             62a0        0     1                 .L0 
[...]
           14000            14000        0     1                 .L0 
           14030            14030        0     1                 .L0 
           14060            14060        0     1                 .L0 
           14090            14090        0     1                 .L0 
           140c0            140c0        0     1                 .L0 
           140f0            140f0        0     1                 .L0 
           14130            14130        0     1                 .L0 
           14170            14170        0     1                 .L0 
           141b0            141b0        0     1                 .L0 
           141f0            141f0        0     1                 .L0 
           14220            14220        0     1                 .L0 
           14250            14250        0     1                 .L0 
           14280            14280        0     1                 .L0 
           142b0            142b0        0     1                 .L0 
           142e0            142e0        0     1                 .L0 
           14310            14310        0     1                 .L0 
           14340            14340        0     1                 .L0 
           14370            14370        0     1                 .L0 
           143a0            143a0        0     1                 .L0 
           143d0            143d0        0     1                 .L0 
           14400            14400        0     1                 .L0 
           14430            14430        0     1                 .L0 
           14460            14460        0     1                 .L0 
           14490            14490        0     1                 .L0 
           144c0            144c0        0     1                 .L0 
           144f0            144f0        0     1                 .L0 
           14520            14520        0     1                 .L0 
           14550            14550        0     1                 .L0 
           14580            14580        0     1                 .L0 
           145b0            145b0        0     1                 .L0 
           145e0            145e0        0     1                 .L0 
           14610            14610        0     1                 .L0 
           14640            14640        0     1                 .L0 
           14670            14670        0     1                 .L0 
           146b0            146b0        0     1                 .L0 
           146e0            146e0        0     1                 .L0 
           14710            14710        0     1                 .L0 
           14740            14740        0     1                 .L0 
           14770            14770        0     1                 .L0 
           147a0            147a0        0     1                 .L0 
           147d0            147d0        0     1                 .L0 
           14800            14800        0     1                 .L0 
           14830            14830        0     1                 .L0 
           14860            14860        0     1                 .L0 
           14890            14890        0     1                 .L0 
           148c0            148c0        0     1                 .L0 
           148f0            148f0        0     1                 .L0 
           14920            14920        0     1                 .L0 
           14950            14950        0     1                 .L0 
           14980            14980        0     1                 .L0 
           149c0            149c0        0     1                 .L0 
           149f0            149f0        0     1                 .L0 
           14a20            14a20        0     1                 .L0 
           14a50            14a50        0     1                 .L0 
           14a80            14a80        0     1                 .L0 
           14ab0            14ab0        0     1                 .L0 
           14ae0            14ae0        0     1                 .L0 
           14b10            14b10        0     1                 .L0 
           14b40            14b40        0     1                 .L0 
           14b70            14b70        0     1                 .L0 
           14ba0            14ba0        0     1                 .L0 
           14bd0            14bd0        0     1                 .L0 
           14c00            14c00        0     1                 .L0 
           14c30            14c30        0     1                 .L0 
           14c70            14c70        0     1                 .L0 
           14cb0            14cb0        0     1                 .L0 
           14cf0            14cf0        0     1                 .L0 
           14d20            14d20        0     1                 .L0 
           14d50            14d50        0     1                 .L0 
           14d90            14d90        0     1                 .L0 
           14dc0            14dc0        0     1                 .L0 
           14df0            14df0        0     1                 .L0 
           14e20            14e20        0     1                 .L0 
           14e50            14e50        0     1                 .L0 
           14e80            14e80        0     1                 .L0 
           14eb0            14eb0        0     1                 .L0 
           14ee0            14ee0        0     1                 .L0 
           14f10            14f10        0     1                 .L0 
           14f40            14f40        0     1                 .L0 
           14f70            14f70        0     1                 .L0 
           14fa0            14fa0        0     1                 .L0 
           14fd0            14fd0        0     1                 .L0 
           15010            15010        0     1                 .L0 
           15050            15050        0     1                 .L0 
           15080            15080        0     1                 .L0 
           150c0            150c0        0     1                 .L0 
           150f0            150f0        0     1                 .L0 
           15120            15120        0     1                 .L0 
           15150            15150        0     1                 .L0 
           15180            15180        0     1                 .L0 
           151b0            151b0        0     1                 .L0 
           151e0            151e0        0     1                 .L0 
           15210            15210        0     1                 .L0 
           15240            15240        0     1                 .L0 
           15280            15280        0     1                 .L0 
           152c0            152c0        0     1                 .L0 
           15300            15300        0     1                 .L0 
           15340            15340        0     1                 .L0 
           15370            15370        0     1                 .L0 
           153a0            153a0        0     1                 .L0 
           153f0            153f0        0     1                 .L0 
           15430            15430        0     1                 .L0 
           15480            15480        0     1                 .L0 
           154d0            154d0        0     1                 .L0 
           15500            15500        0     1                 .L0 
           15530            15530        0     1                 .L0 
           15560            15560        0     1                 .L0 
           155a0            155a0        0     1                 .L0 
           155e0            155e0        0     1                 .L0 
           15620            15620        0     1                 .L0 
           15660            15660        0     1                 .L0 
           156a0            156a0        0     1                 .L0 
           156e0            156e0        0     1                 .L0 
           15710            15710        0     1                 .L0 
           15740            15740        0     1                 .L0 
           15770            15770        0     1                 .L0 
           157b0            157b0        0     1                 .L0 
           157f0            157f0        0     1                 .L0 
           15820            15820        0     1                 .L0 
           15850            15850        0     1                 .L0 
           15880            15880        0     1                 .L0 
           158b0            158b0        0     1                 .L0 
           158e0            158e0        0     1                 .L0 
           15910            15910        0     1                 .L0 
           15970            15970        0     1                 .L0 
           159d0            159d0        0     1                 .L0 
           15a00            15a00        0     1                 .L0 
           15a50            15a50        0     1                 .L0 
           15ab0            15ab0        0     1                 .L0 
           15b10            15b10        0     1                 .L0 
           15b70            15b70        0     1                 .L0 
           15ba0            15ba0        0     1                 .L0 
           15bd0            15bd0        0     1                 .L0 
           15c00            15c00        0     1                 .L0 
           15c30            15c30        0     1                 .L0 
           15c60            15c60        0     1                 .L0 
           15ca0            15ca0        0     1                 .L0 
           15cd0            15cd0        0     1                 .L0 
           15d00            15d00        0     1                 .L0 
           15d30            15d30        0     1                 .L0 
           15d60            15d60        0     1                 .L0 
           15d90            15d90        0     1                 .L0 
           15dc0            15dc0        0     1                 .L0 
           15e00            15e00        0     1                 .L0 
           15e40            15e40        0     1                 .L0 
           15e70            15e70        0     1                 .L0 
           15ea0            15ea0        0     1                 .L0 
           15ed0            15ed0        0     1                 .L0 
           15f00            15f00        0     1                 .L0 
           15f30            15f30        0     1                 .L0 
           15f70            15f70        0     1                 .L0 
           15fb0            15fb0        0     1                 .L0 
           15fe0            15fe0        0     1                 .L0 
           16010            16010        0     1                 .L0 
           16050            16050        0     1                 .L0 
           16090            16090        0     1                 .L0 
           160c0            160c0        0     1                 .L0 
           16110            16110        0     1                 .L0 
           16140            16140        0     1                 .L0 
           16170            16170        0     1                 .L0 
           161a0            161a0        0     1                 .L0 
           161d0            161d0        0     1                 .L0 
           16200            16200        0     1                 .L0 
           16230            16230        0     1                 .L0 
           16270            16270        0     1                 .L0 
           162b0            162b0        0     1                 .L0 
           162e0            162e0        0     1                 .L0 
           16310            16310        0     1                 .L0 
           16340            16340        0     1                 .L0 
           16370            16370        0     1                 .L0 
           163a0            163a0        0     1                 .L0 
           16400            16400        0     1                 .L0 
           16460            16460        0     1                 .L0 
           164c0            164c0        0     1                 .L0 
           16520            16520        0     1                 .L0 
           16580            16580        0     1                 .L0 
           165e0            165e0        0     1                 .L0 
           16640            16640        0     1                 .L0 
           16680            16680        0     1                 .L0 
           166c0            166c0        0     1                 .L0 
           166f0            166f0        0     1                 .L0 
           16720            16720        0     1                 .L0 
           16750            16750        0     1                 .L0 
           167b0            167b0        0     1                 .L0 
           16810            16810        0     1                 .L0 
           16870            16870        0     1                 .L0 
           168d0            168d0        0     1                 .L0 
           16930            16930        0     1                 .L0 
           16990            16990        0     1                 .L0 
           169f0            169f0        0     1                 .L0 
           16a30            16a30        0     1                 .L0 
           16a70            16a70        0     1                 .L0 
           16aa0            16aa0        0     1                 .L0 
           16ad0            16ad0        0     1                 .L0 
           16b00            16b00        0     1                 .L0 
           16b50            16b50        0     1                 .L0 
           16ba0            16ba0        0     1                 .L0 
           16bf0            16bf0        0     1                 .L0 
           16c40            16c40        0     1                 .L0 
           16c90            16c90        0     1                 .L0 
           16ce0            16ce0        0     1                 .L0 
           16d30            16d30        0     1                 .L0 
           16d70            16d70        0     1                 .L0 
           16db0            16db0        0     1                 .L0 
           16de0            16de0        0     1                 .L0 
           16e10            16e10        0     1                 .L0 
           16e40            16e40        0     1                 .L0 
           16ea0            16ea0        0     1                 .L0 
           16f00            16f00        0     1                 .L0 
           16f60            16f60        0     1                 .L0 
           16fc0            16fc0        0     1                 .L0 
           17020            17020        0     1                 .L0 
           17080            17080        0     1                 .L0 
           170e0            170e0        0     1                 .L0 
           17120            17120        0     1                 .L0 
           17160            17160        0     1                 .L0 
           171a0            171a0        0     1                 .L0 
           171d0            171d0        0     1                 .L0 
           17200            17200        0     1                 .L0 
           17230            17230        0     1                 .L0 
           17290            17290        0     1                 .L0 
           172f0            172f0        0     1                 .L0 
           17350            17350        0     1                 .L0 
           173b0            173b0        0     1                 .L0 
           17410            17410        0     1                 .L0 
           17470            17470        0     1                 .L0 
           174d0            174d0        0     1                 .L0 
           17510            17510        0     1                 .L0 
           17550            17550        0     1                 .L0 
           17590            17590        0     1                 .L0 
           17640            17640        0     1                 .L0 
           176f0            176f0        0     1                 .L0 
           177a0            177a0        0     1                 .L0 
           177d0            177d0        0     1                 .L0 
           17800            17800        0     1                 .L0 
           178b0            178b0        0     1                 .L0 
           17960            17960        0     1                 .L0 
           17a10            17a10        0     1                 .L0 
           17a40            17a40        0     1                 .L0 
           17a70            17a70        0     1                 .L0 
           196f0            196f0       90     1         /home/ryoj/.rustup/toolchains/nightly-x86_64-unknown-linux-gnu/lib/rustlib/riscv64gc-unknown-none-elf/lib/libcompiler_builtins-12400e53a9c73834.rlib(compiler_builtins-12400e53a9c73834.compiler_builtins.2b04ae1fd906da09-cgu.125.rcgu.o):(.debug_ranges)
           196f0            196f0        0     1                 .L0 
           196f0            196f0        0     1                 $d
           19720            19720        0     1                 .L0 
           19750            19750        0     1                 .L0 
           19780            19780       b0     1         /home/ryoj/.rustup/toolchains/nightly-x86_64-unknown-linux-gnu/lib/rustlib/riscv64gc-unknown-none-elf/lib/libcompiler_builtins-12400e53a9c73834.rlib(compiler_builtins-12400e53a9c73834.compiler_builtins.2b04ae1fd906da09-cgu.188.rcgu.o):(.debug_ranges)
           19780            19780        0     1                 .L0 
           19780            19780        0     1                 $d
           197b0            197b0        0     1                 .L0 
           197e0            197e0        0     1                 .L0 
           19830            19830       60     1         /home/ryoj/.rustup/toolchains/nightly-x86_64-unknown-linux-gnu/lib/rustlib/riscv64gc-unknown-none-elf/lib/libcompiler_builtins-12400e53a9c73834.rlib(compiler_builtins-12400e53a9c73834.compiler_builtins.2b04ae1fd906da09-cgu.213.rcgu.o):(.debug_ranges)
           19830            19830        0     1                 .L0 
           19830            19830        0     1                 $d
           19860            19860        0     1                 .L0 
           19890            19890      210     1         /home/ryoj/.rustup/toolchains/nightly-x86_64-unknown-linux-gnu/lib/rustlib/riscv64gc-unknown-none-elf/lib/libcompiler_builtins-12400e53a9c73834.rlib(compiler_builtins-12400e53a9c73834.compiler_builtins.2b04ae1fd906da09-cgu.010.rcgu.o):(.debug_ranges)
           19890            19890        0     1                 .L0 
           19890            19890        0     1                 $d
           198c0            198c0        0     1                 .L0 
           198f0            198f0        0     1                 .L0 
           19920            19920        0     1                 .L0 
           19960            19960        0     1                 .L0 
           199a0            199a0        0     1                 .L0 
           199d0            199d0        0     1                 .L0 
           19a00            19a00        0     1                 .L0 
           19a30            19a30        0     1                 .L0 
           19a60            19a60        0     1                 .L0 
               0                0     c528     8 .symtab
               0                0     c528     8         <internal>:(.symtab)
               0                0       ae     1 .shstrtab
               0                0       ae     1         <internal>:(.shstrtab)
               0                0     2cfc     1 .strtab
               0                0     2cfc     1         <internal>:(.strtab)
