             VMA              LMA     Size Align Out     In      Symbol
               0                0  1000000     1 . = 0x1000000
         1000000          1000000      234  4096 .text
         1000000          1000000       1a     2         /home/ryoj/github.com/okamotonr/mios/target/riscv64gc-unknown-none-elf/debug/deps/user-bdd25f5409a27239.f1b0ip2wsispgabyyqta4gta5.rcgu.o:(.text.start)
         1000000          1000000        0     1                 .L0 
         1000000          1000000        0     1                 .L0 
         1000000          1000000        0     1                 .Lpcrel_hi0
         1000000          1000000        0     1                 $x
         1000000          1000000        0     1                 .L0 
         1000000          1000000       1a     1                 start
         100001a          100001a        0     1                 .L0 
         100001a          100001a       20     2         /home/ryoj/github.com/okamotonr/mios/target/riscv64gc-unknown-none-elf/debug/deps/user-bdd25f5409a27239.0xneceyl6by6oi29e45jffuzg.rcgu.o:(.text._ZN4core3str21_$LT$impl$u20$str$GT$5bytes17h59853e0c795fb5c2E)
         100001a          100001a        0     1                 .L0 
         100001a          100001a        0     1                 .L0 
         100001a          100001a        0     1                 $x
         100001a          100001a        0     1                 .L0 
         100001a          100001a       20     1                 core::str::_$LT$impl$u20$str$GT$::bytes::h59853e0c795fb5c2
         1000020          1000020        0     1                 .L0 
         1000020          1000020        0     1                 .L0 
         1000024          1000024        0     1                 .L0 
         1000024          1000024        0     1                 .L0 
         1000026          1000026        0     1                 .L0 
         1000026          1000026        0     1                 .L0 
         100002a          100002a        0     1                 .L0 
         100002a          100002a        0     1                 .L0 
         100002c          100002c        0     1                 .L0 
         100002c          100002c        0     1                 .L0 
         100002e          100002e        0     1                 .L0 
         100002e          100002e        0     1                 .L0 
         1000030          1000030        0     1                 .L0 
         1000032          1000032        0     1                 .L0 
         1000032          1000032        0     1                 .L0 
         1000036          1000036        0     1                 .L0 
         100003a          100003a        0     1                 .L0 
         100003a          100003a        a     2         /home/ryoj/github.com/okamotonr/mios/target/riscv64gc-unknown-none-elf/debug/deps/user-bdd25f5409a27239.1mb3uunhncphz5ab99i3emowg.rcgu.o:(.text._ZN63_$LT$I$u20$as$u20$core..iter..traits..collect..IntoIterator$GT$9into_iter17h9963b0645d69f796E)
         100003a          100003a        0     1                 .L0 
         100003a          100003a        0     1                 .L0 
         100003a          100003a        0     1                 $x
         100003a          100003a        0     1                 .L0 
         100003a          100003a        a     1                 _$LT$I$u20$as$u20$core..iter..traits..collect..IntoIterator$GT$::into_iter::h9963b0645d69f796
         1000040          1000040        0     1                 .L0 
         1000044          1000044        0     1                 .L0 
         1000044          1000044       70     2         /home/ryoj/github.com/okamotonr/mios/target/riscv64gc-unknown-none-elf/debug/deps/user-bdd25f5409a27239.2w3ubjqeucrdxmjkruzll16uf.rcgu.o:(.text._ZN91_$LT$core..slice..iter..Iter$LT$T$GT$$u20$as$u20$core..iter..traits..iterator..Iterator$GT$4next17h7b96b855ee6739f3E)
         1000044          1000044        0     1                 .L0 
         1000044          1000044        0     1                 .L0 
         1000044          1000044        0     1                 $x
         1000044          1000044        0     1                 .L0 
         1000044          1000044       70     1                 _$LT$core..slice..iter..Iter$LT$T$GT$$u20$as$u20$core..iter..traits..iterator..Iterator$GT$::next::h7b96b855ee6739f3
         100004c          100004c        0     1                 .L0 
         100004e          100004e        0     1                 .L0 
         1000050          1000050        0     1                 .L0 
         1000052          1000052        0     1                 .L0 
         1000054          1000054        0     1                 .L0 
         100005a          100005a        0     1                 .L0 
         100005e          100005e        0     1                 .L0 
         100005e          100005e        0     1                 .L0 
         1000062          1000062        0     1                 .L0 
         1000064          1000064        0     1                 .L0 
         1000064          1000064        0     1                 .L0 
         1000068          1000068        0     1                 .L0 
         1000068          1000068        0     1                 .L0 
         100006a          100006a        0     1                 .L0 
         1000074          1000074        0     1                 .L0 
         1000076          1000076        0     1                 .L0 
         1000080          1000080        0     1                 .L0 
         1000082          1000082        0     1                 .L0 
         1000082          1000082        0     1                 .L0 
         1000086          1000086        0     1                 .L0 
         1000086          1000086        0     1                 .L0 
         1000088          1000088        0     1                 .L0 
         1000088          1000088        0     1                 .L0 
         100008a          100008a        0     1                 .L0 
         100008c          100008c        0     1                 .L0 
         100008e          100008e        0     1                 .L0 
         1000090          1000090        0     1                 .L0 
         1000090          1000090        0     1                 .L0 
         1000096          1000096        0     1                 .L0 
         1000096          1000096        0     1                 .L0 
         1000098          1000098        0     1                 .L0 
         1000098          1000098        0     1                 .L0 
         100009c          100009c        0     1                 .L0 
         100009c          100009c        0     1                 .L0 
         100009e          100009e        0     1                 .L0 
         100009e          100009e        0     1                 .L0 
         10000a0          10000a0        0     1                 .L0 
         10000a0          10000a0        0     1                 .L0 
         10000a2          10000a2        0     1                 .L0 
         10000a2          10000a2        0     1                 .L0 
         10000a4          10000a4        0     1                 .L0 
         10000a6          10000a6        0     1                 .L0 
         10000a6          10000a6        0     1                 .L0 
         10000aa          10000aa        0     1                 .L0 
         10000aa          10000aa        0     1                 .L0 
         10000ac          10000ac        0     1                 .L0 
         10000ae          10000ae        0     1                 .L0 
         10000b0          10000b0        0     1                 .L0 
         10000b4          10000b4        0     1                 .L0 
         10000b4          10000b4        0     1                 .L0 
         10000b4          10000b4        0     1                 .L0 
         10000b4          10000b4       5c     2         /home/ryoj/github.com/okamotonr/mios/target/riscv64gc-unknown-none-elf/debug/deps/user-bdd25f5409a27239.9bzuzcpitrenldo4mka73e51c.rcgu.o:(.text.main)
         10000b4          10000b4        0     1                 .L0 
         10000b4          10000b4        0     1                 .L0 
         10000b4          10000b4        0     1                 $x
         10000b4          10000b4        0     1                 .L0 
         10000b4          10000b4       5c     1                 main
         10000b8          10000b8        0     1                 .Lpcrel_hi0
         10000b8          10000b8        0     1                 .L0 
         10000b8          10000b8        0     1                 .L0 
         10000c6          10000c6        0     1                 .L0 
         10000da          10000da        0     1                 .L0 
         10000dc          10000dc        0     1                 .L0 
         10000de          10000de        0     1                 .L0 
         10000fa          10000fa        0     1                 .L0 
         10000fa          10000fa        0     1                 .L0 
         10000fe          10000fe        0     1                 .L0 
         10000fe          10000fe        0     1                 .L0 
         1000106          1000106        0     1                 .L0 
         1000106          1000106        0     1                 .L0 
         1000110          1000110        0     1                 .L0 
         1000110          1000110        0     1                 .L0 
         1000110          1000110        0     1                 .L0 
         1000110          1000110        0     1                 .L0 
         1000110          1000110       58     2         /home/ryoj/github.com/okamotonr/mios/target/riscv64gc-unknown-none-elf/debug/deps/user-bdd25f5409a27239.avu5qh0uidcw0qr7v9nyu7h5w.rcgu.o:(.text._ZN81_$LT$core..str..iter..Bytes$u20$as$u20$core..iter..traits..iterator..Iterator$GT$4next17hc74afc263c3001a6E)
         1000110          1000110        0     1                 .L0 
         1000110          1000110        0     1                 .L0 
         1000110          1000110        0     1                 $x
         1000110          1000110        0     1                 .L0 
         1000110          1000110       58     1                 _$LT$core..str..iter..Bytes$u20$as$u20$core..iter..traits..iterator..Iterator$GT$::next::hc74afc263c3001a6
         1000116          1000116        0     1                 .L0 
         1000118          1000118        0     1                 .L0 
         1000118          1000118        0     1                 .L0 
         1000122          1000122        0     1                 .L0 
         1000122          1000122        0     1                 .L0 
         1000124          1000124        0     1                 .L0 
         1000128          1000128        0     1                 .Lpcrel_hi0
         1000128          1000128        0     1                 .L0 
         1000144          1000144        0     1                 .L0 
         100014e          100014e        0     1                 .L0 
         100014e          100014e        0     1                 .L0 
         1000158          1000158        0     1                 .L0 
         100015a          100015a        0     1                 .L0 
         100015a          100015a        0     1                 .L0 
         1000164          1000164        0     1                 .L0 
         1000168          1000168        0     1                 .L0 
         1000168          1000168        0     1                 .L0 
         1000168          1000168        0     1                 .L0 
         1000168          1000168        8     2         /home/ryoj/github.com/okamotonr/mios/target/riscv64gc-unknown-none-elf/debug/deps/user-bdd25f5409a27239.f1b0ip2wsispgabyyqta4gta5.rcgu.o:(.text.rust_begin_unwind)
         1000168          1000168        0     1                 .L0 
         1000168          1000168        0     1                 .L0 
         1000168          1000168        0     1                 $x
         1000168          1000168        0     1                 .L0 
         1000168          1000168        8     1                 rust_begin_unwind
         100016c          100016c        0     1                 .L0 
         1000170          1000170        0     1                 .L0 
         1000170          1000170        0     1                 .L0 
         1000170          1000170        0     1                 .L0 
         1000170          1000170       2a     2         /home/ryoj/github.com/okamotonr/mios/target/riscv64gc-unknown-none-elf/debug/deps/user-bdd25f5409a27239.f1b0ip2wsispgabyyqta4gta5.rcgu.o:(.text.exit)
         1000170          1000170        0     1                 .L0 
         1000170          1000170        0     1                 .L0 
         1000170          1000170        0     1                 $x
         1000170          1000170        0     1                 .L0 
         1000170          1000170       2a     1                 exit
         1000174          1000174        0     1                 .Lpcrel_hi1
         1000174          1000174        0     1                 .L0 
         100018a          100018a        0     1                 .Lpcrel_hi2
         100019a          100019a        0     1                 .L0 
         100019a          100019a       2c     2         /home/ryoj/github.com/okamotonr/mios/target/riscv64gc-unknown-none-elf/debug/deps/libcommon-6670c06b0eba65ae.rlib(common-6670c06b0eba65ae.862cj2evwqnh2q0qnqplh6cmb.rcgu.o):(.text._ZN4core3fmt9Arguments9new_const17h96d8ebc6c3621359E)
         100019a          100019a        0     1                 .L0 
         100019a          100019a        0     1                 .L0 
         100019a          100019a        0     1                 $x
         100019a          100019a        0     1                 .L0 
         100019a          100019a       2c     1                 core::fmt::Arguments::new_const::h96d8ebc6c3621359
         10001a4          10001a4        0     1                 .L0 
         10001aa          10001aa        0     1                 .Lpcrel_hi0
         10001c2          10001c2        0     1                 .L0 
         10001c6          10001c6        0     1                 .L0 
         10001c6          10001c6       2a     2         /home/ryoj/github.com/okamotonr/mios/target/riscv64gc-unknown-none-elf/debug/deps/libcommon-6670c06b0eba65ae.rlib(common-6670c06b0eba65ae.cm56sc12mw764cxukg35414d2.rcgu.o):(.text.syscall)
         10001c6          10001c6        0     1                 .L0 
         10001c6          10001c6        0     1                 .L0 
         10001c6          10001c6        0     1                 $x
         10001c6          10001c6        0     1                 .L0 
         10001c6          10001c6       2a     1                 syscall
         10001e2          10001e2        0     1                 .L0 
         10001e2          10001e2        0     1                 .L0 
         10001e4          10001e4        0     1                 .L0 
         10001ea          10001ea        0     1                 .L0 
         10001ec          10001ec        0     1                 .L0 
         10001f0          10001f0        0     1                 .L0 
         10001f0          10001f0       22     2         /home/ryoj/github.com/okamotonr/mios/target/riscv64gc-unknown-none-elf/debug/deps/libcommon-6670c06b0eba65ae.rlib(common-6670c06b0eba65ae.cm56sc12mw764cxukg35414d2.rcgu.o):(.text.put_char)
         10001f0          10001f0        0     1                 .L0 
         10001f0          10001f0        0     1                 .L0 
         10001f0          10001f0        0     1                 $x
         10001f0          10001f0        0     1                 .L0 
         10001f0          10001f0       22     1                 put_char
         10001f8          10001f8        0     1                 .L0 
         10001fa          10001fa        0     1                 .L0 
         1000200          1000200        0     1                 .L0 
         100020e          100020e        0     1                 .L0 
         1000212          1000212        0     1                 .L0 
         1000212          1000212       22     2         /home/ryoj/.rustup/toolchains/nightly-x86_64-unknown-linux-gnu/lib/rustlib/riscv64gc-unknown-none-elf/lib/libcore-b7430222903c4bab.rlib(core-b7430222903c4bab.core.a2a72e99e9cef565-cgu.0.rcgu.o):(.text.unlikely._ZN4core9panicking9panic_fmt17h98034f04c40e2b7bE)
         1000212          1000212        0     1                 .L0 
         1000212          1000212        0     1                 .L0 
         1000212          1000212        0     1                 $x
         1000212          1000212        0     1                 .L0 
         1000212          1000212       22     1                 core::panicking::panic_fmt::h98034f04c40e2b7b
         100021a          100021a        0     1                 .L0 
         100021a          100021a        0     1                 .L0 
         1000228          1000228        0     1                 .L0 
         1000234          1000234        0     1                 .L0 
         1001000          1001000       60  4096 .rodata
         1001000          1001000        6     1         /home/ryoj/github.com/okamotonr/mios/target/riscv64gc-unknown-none-elf/debug/deps/user-bdd25f5409a27239.9bzuzcpitrenldo4mka73e51c.rcgu.o:(.rodata..L__unnamed_1)
         1001000          1001000        6     1                 .L__unnamed_1
         1001000          1001000        0     1                 $d
         1001006          1001006        2     1         /home/ryoj/github.com/okamotonr/mios/target/riscv64gc-unknown-none-elf/debug/deps/user-bdd25f5409a27239.avu5qh0uidcw0qr7v9nyu7h5w.rcgu.o:(.rodata..L__unnamed_1)
         1001006          1001006        2     1                 .L__unnamed_1
         1001006          1001006        0     1                 $d
         1001008          1001008        4     1         <internal>:(.rodata.cst4)
         1001010          1001010       10     8         /home/ryoj/github.com/okamotonr/mios/target/riscv64gc-unknown-none-elf/debug/deps/user-bdd25f5409a27239.f1b0ip2wsispgabyyqta4gta5.rcgu.o:(.rodata..L__unnamed_1)
         1001010          1001010       10     1                 .L__unnamed_1
         1001010          1001010        0     1                 $d
         1001020          1001020       20     8         <internal>:(.rodata.cst16)
         1001040          1001040       18     8         /home/ryoj/github.com/okamotonr/mios/target/riscv64gc-unknown-none-elf/debug/deps/user-bdd25f5409a27239.f1b0ip2wsispgabyyqta4gta5.rcgu.o:(.rodata..L__unnamed_2)
         1001040          1001040       18     1                 .L__unnamed_2
         1001040          1001040        0     1                 $d
         1001058          1001058        8     1         . = ALIGN ( 16 )
         1001060          1001060       38     8 .eh_frame
         1001060          1001060       14     1         /home/ryoj/.rustup/toolchains/nightly-x86_64-unknown-linux-gnu/lib/rustlib/riscv64gc-unknown-none-elf/lib/libcore-b7430222903c4bab.rlib(core-b7430222903c4bab.core.a2a72e99e9cef565-cgu.0.rcgu.o):(.eh_frame+0x0)
         1001074          1001074       20     1         /home/ryoj/.rustup/toolchains/nightly-x86_64-unknown-linux-gnu/lib/rustlib/riscv64gc-unknown-none-elf/lib/libcore-b7430222903c4bab.rlib(core-b7430222903c4bab.core.a2a72e99e9cef565-cgu.0.rcgu.o):(.eh_frame+0x1080)
         1002000          1002000    10000  4096 .bss
         1002000          1002000        0     1         . = ALIGN ( 16 )
         1002000          1002000        0     1         . = ALIGN ( 16 )
         1002000          1002000    10000     1         . += 64 * 1024
         1012000          1012000        0     1         __stack_top = .
         1012000          1012000        0     1         
               0                0     1007     1 .debug_abbrev
               0                0      14e     1         /home/ryoj/github.com/okamotonr/mios/target/riscv64gc-unknown-none-elf/debug/deps/user-bdd25f5409a27239.0xneceyl6by6oi29e45jffuzg.rcgu.o:(.debug_abbrev)
               0                0        0     1                 $d
             14e              14e       7c     1         /home/ryoj/github.com/okamotonr/mios/target/riscv64gc-unknown-none-elf/debug/deps/user-bdd25f5409a27239.1mb3uunhncphz5ab99i3emowg.rcgu.o:(.debug_abbrev)
             14e              14e        0     1                 $d
             1ca              1ca      1b2     1         /home/ryoj/github.com/okamotonr/mios/target/riscv64gc-unknown-none-elf/debug/deps/user-bdd25f5409a27239.2w3ubjqeucrdxmjkruzll16uf.rcgu.o:(.debug_abbrev)
             1ca              1ca        0     1                 $d
             37c              37c       bf     1         /home/ryoj/github.com/okamotonr/mios/target/riscv64gc-unknown-none-elf/debug/deps/user-bdd25f5409a27239.9bzuzcpitrenldo4mka73e51c.rcgu.o:(.debug_abbrev)
             37c              37c        0     1                 $d
             43b              43b      146     1         /home/ryoj/github.com/okamotonr/mios/target/riscv64gc-unknown-none-elf/debug/deps/user-bdd25f5409a27239.avu5qh0uidcw0qr7v9nyu7h5w.rcgu.o:(.debug_abbrev)
             43b              43b        0     1                 $d
             581              581      148     1         /home/ryoj/github.com/okamotonr/mios/target/riscv64gc-unknown-none-elf/debug/deps/user-bdd25f5409a27239.f1b0ip2wsispgabyyqta4gta5.rcgu.o:(.debug_abbrev)
             581              581        0     1                 $d
             6c9              6c9      127     1         /home/ryoj/github.com/okamotonr/mios/target/riscv64gc-unknown-none-elf/debug/deps/libcommon-6670c06b0eba65ae.rlib(common-6670c06b0eba65ae.862cj2evwqnh2q0qnqplh6cmb.rcgu.o):(.debug_abbrev)
             6c9              6c9        0     1                 $d
             7f0              7f0       91     1         /home/ryoj/github.com/okamotonr/mios/target/riscv64gc-unknown-none-elf/debug/deps/libcommon-6670c06b0eba65ae.rlib(common-6670c06b0eba65ae.cm56sc12mw764cxukg35414d2.rcgu.o):(.debug_abbrev)
             7f0              7f0        0     1                 $d
             881              881      2e9     1         /home/ryoj/.rustup/toolchains/nightly-x86_64-unknown-linux-gnu/lib/rustlib/riscv64gc-unknown-none-elf/lib/libcore-b7430222903c4bab.rlib(core-b7430222903c4bab.core.a2a72e99e9cef565-cgu.0.rcgu.o):(.debug_abbrev)
             881              881        0     1                 $d
             b6a              b6a       e5     1         /home/ryoj/.rustup/toolchains/nightly-x86_64-unknown-linux-gnu/lib/rustlib/riscv64gc-unknown-none-elf/lib/libcompiler_builtins-12400e53a9c73834.rlib(compiler_builtins-12400e53a9c73834.compiler_builtins.98b006b987cce0b9-cgu.133.rcgu.o):(.debug_abbrev)
             b6a              b6a        0     1                 $d
             c4f              c4f       5f     1         /home/ryoj/.rustup/toolchains/nightly-x86_64-unknown-linux-gnu/lib/rustlib/riscv64gc-unknown-none-elf/lib/libcompiler_builtins-12400e53a9c73834.rlib(compiler_builtins-12400e53a9c73834.compiler_builtins.98b006b987cce0b9-cgu.198.rcgu.o):(.debug_abbrev)
             c4f              c4f        0     1                 $d
             cae              cae      118     1         /home/ryoj/.rustup/toolchains/nightly-x86_64-unknown-linux-gnu/lib/rustlib/riscv64gc-unknown-none-elf/lib/libcompiler_builtins-12400e53a9c73834.rlib(compiler_builtins-12400e53a9c73834.compiler_builtins.98b006b987cce0b9-cgu.010.rcgu.o):(.debug_abbrev)
             cae              cae        0     1                 $d
             dc6              dc6       bd     1         /home/ryoj/.rustup/toolchains/nightly-x86_64-unknown-linux-gnu/lib/rustlib/riscv64gc-unknown-none-elf/lib/libcompiler_builtins-12400e53a9c73834.rlib(compiler_builtins-12400e53a9c73834.compiler_builtins.98b006b987cce0b9-cgu.219.rcgu.o):(.debug_abbrev)
             dc6              dc6        0     1                 $d
             e83              e83      109     1         /home/ryoj/.rustup/toolchains/nightly-x86_64-unknown-linux-gnu/lib/rustlib/riscv64gc-unknown-none-elf/lib/libcompiler_builtins-12400e53a9c73834.rlib(compiler_builtins-12400e53a9c73834.compiler_builtins.98b006b987cce0b9-cgu.241.rcgu.o):(.debug_abbrev)
             e83              e83        0     1                 $d
             f8c              f8c       7b     1         /home/ryoj/.rustup/toolchains/nightly-x86_64-unknown-linux-gnu/lib/rustlib/riscv64gc-unknown-none-elf/lib/libcompiler_builtins-12400e53a9c73834.rlib(compiler_builtins-12400e53a9c73834.compiler_builtins.98b006b987cce0b9-cgu.303.rcgu.o):(.debug_abbrev)
             f8c              f8c        0     1                 $d
               0                0    24663     1 .debug_info
               0                0      503     1         /home/ryoj/github.com/okamotonr/mios/target/riscv64gc-unknown-none-elf/debug/deps/user-bdd25f5409a27239.0xneceyl6by6oi29e45jffuzg.rcgu.o:(.debug_info)
               0                0        0     1                 .L0 
               0                0        0     1                 $d
             503              503      170     1         /home/ryoj/github.com/okamotonr/mios/target/riscv64gc-unknown-none-elf/debug/deps/user-bdd25f5409a27239.1mb3uunhncphz5ab99i3emowg.rcgu.o:(.debug_info)
             503              503        0     1                 .L0 
             503              503        0     1                 $d
             673              673      4de     1         /home/ryoj/github.com/okamotonr/mios/target/riscv64gc-unknown-none-elf/debug/deps/user-bdd25f5409a27239.2w3ubjqeucrdxmjkruzll16uf.rcgu.o:(.debug_info)
             673              673        0     1                 .L0 
             673              673        0     1                 $d
             b51              b51      1c5     1         /home/ryoj/github.com/okamotonr/mios/target/riscv64gc-unknown-none-elf/debug/deps/user-bdd25f5409a27239.9bzuzcpitrenldo4mka73e51c.rcgu.o:(.debug_info)
             b51              b51        0     1                 .L0 
             b51              b51        0     1                 $d
             d16              d16      313     1         /home/ryoj/github.com/okamotonr/mios/target/riscv64gc-unknown-none-elf/debug/deps/user-bdd25f5409a27239.avu5qh0uidcw0qr7v9nyu7h5w.rcgu.o:(.debug_info)
             d16              d16        0     1                 .L0 
             d16              d16        0     1                 $d
            1029             1029      61a     1         /home/ryoj/github.com/okamotonr/mios/target/riscv64gc-unknown-none-elf/debug/deps/user-bdd25f5409a27239.f1b0ip2wsispgabyyqta4gta5.rcgu.o:(.debug_info)
            1029             1029        0     1                 .L0 
            1029             1029        0     1                 $d
            1643             1643      56f     1         /home/ryoj/github.com/okamotonr/mios/target/riscv64gc-unknown-none-elf/debug/deps/libcommon-6670c06b0eba65ae.rlib(common-6670c06b0eba65ae.862cj2evwqnh2q0qnqplh6cmb.rcgu.o):(.debug_info)
            1643             1643        0     1                 .L0 
            1643             1643        0     1                 $d
            1bb2             1bb2       f2     1         /home/ryoj/github.com/okamotonr/mios/target/riscv64gc-unknown-none-elf/debug/deps/libcommon-6670c06b0eba65ae.rlib(common-6670c06b0eba65ae.cm56sc12mw764cxukg35414d2.rcgu.o):(.debug_info)
            1bb2             1bb2        0     1                 .L0 
            1bb2             1bb2        0     1                 $d
            1ca4             1ca4    21957     1         /home/ryoj/.rustup/toolchains/nightly-x86_64-unknown-linux-gnu/lib/rustlib/riscv64gc-unknown-none-elf/lib/libcore-b7430222903c4bab.rlib(core-b7430222903c4bab.core.a2a72e99e9cef565-cgu.0.rcgu.o):(.debug_info)
            1ca4             1ca4        0     1                 .L0 
            1ca4             1ca4        0     1                 $d
           235fb            235fb      414     1         /home/ryoj/.rustup/toolchains/nightly-x86_64-unknown-linux-gnu/lib/rustlib/riscv64gc-unknown-none-elf/lib/libcompiler_builtins-12400e53a9c73834.rlib(compiler_builtins-12400e53a9c73834.compiler_builtins.98b006b987cce0b9-cgu.133.rcgu.o):(.debug_info)
           235fb            235fb        0     1                 .L0 
           235fb            235fb        0     1                 $d
           23a0f            23a0f       ad     1         /home/ryoj/.rustup/toolchains/nightly-x86_64-unknown-linux-gnu/lib/rustlib/riscv64gc-unknown-none-elf/lib/libcompiler_builtins-12400e53a9c73834.rlib(compiler_builtins-12400e53a9c73834.compiler_builtins.98b006b987cce0b9-cgu.198.rcgu.o):(.debug_info)
           23a0f            23a0f        0     1                 .L0 
           23a0f            23a0f        0     1                 $d
           23abc            23abc      575     1         /home/ryoj/.rustup/toolchains/nightly-x86_64-unknown-linux-gnu/lib/rustlib/riscv64gc-unknown-none-elf/lib/libcompiler_builtins-12400e53a9c73834.rlib(compiler_builtins-12400e53a9c73834.compiler_builtins.98b006b987cce0b9-cgu.010.rcgu.o):(.debug_info)
           23abc            23abc        0     1                 .L0 
           23abc            23abc        0     1                 $d
           24031            24031      295     1         /home/ryoj/.rustup/toolchains/nightly-x86_64-unknown-linux-gnu/lib/rustlib/riscv64gc-unknown-none-elf/lib/libcompiler_builtins-12400e53a9c73834.rlib(compiler_builtins-12400e53a9c73834.compiler_builtins.98b006b987cce0b9-cgu.219.rcgu.o):(.debug_info)
           24031            24031        0     1                 .L0 
           24031            24031        0     1                 $d
           242c6            242c6      2e4     1         /home/ryoj/.rustup/toolchains/nightly-x86_64-unknown-linux-gnu/lib/rustlib/riscv64gc-unknown-none-elf/lib/libcompiler_builtins-12400e53a9c73834.rlib(compiler_builtins-12400e53a9c73834.compiler_builtins.98b006b987cce0b9-cgu.241.rcgu.o):(.debug_info)
           242c6            242c6        0     1                 .L0 
           242c6            242c6        0     1                 $d
           245aa            245aa       b9     1         /home/ryoj/.rustup/toolchains/nightly-x86_64-unknown-linux-gnu/lib/rustlib/riscv64gc-unknown-none-elf/lib/libcompiler_builtins-12400e53a9c73834.rlib(compiler_builtins-12400e53a9c73834.compiler_builtins.98b006b987cce0b9-cgu.303.rcgu.o):(.debug_info)
           245aa            245aa        0     1                 .L0 
           245aa            245aa        0     1                 $d
               0                0     1f80     1 .debug_aranges
               0                0       30     1         /home/ryoj/github.com/okamotonr/mios/target/riscv64gc-unknown-none-elf/debug/deps/user-bdd25f5409a27239.0xneceyl6by6oi29e45jffuzg.rcgu.o:(.debug_aranges)
               0                0        0     1                 $d
              30               30       30     1         /home/ryoj/github.com/okamotonr/mios/target/riscv64gc-unknown-none-elf/debug/deps/user-bdd25f5409a27239.1mb3uunhncphz5ab99i3emowg.rcgu.o:(.debug_aranges)
              30               30        0     1                 $d
              60               60       30     1         /home/ryoj/github.com/okamotonr/mios/target/riscv64gc-unknown-none-elf/debug/deps/user-bdd25f5409a27239.2w3ubjqeucrdxmjkruzll16uf.rcgu.o:(.debug_aranges)
              60               60        0     1                 $d
              90               90       30     1         /home/ryoj/github.com/okamotonr/mios/target/riscv64gc-unknown-none-elf/debug/deps/user-bdd25f5409a27239.9bzuzcpitrenldo4mka73e51c.rcgu.o:(.debug_aranges)
              90               90        0     1                 $d
              c0               c0       30     1         /home/ryoj/github.com/okamotonr/mios/target/riscv64gc-unknown-none-elf/debug/deps/user-bdd25f5409a27239.avu5qh0uidcw0qr7v9nyu7h5w.rcgu.o:(.debug_aranges)
              c0               c0        0     1                 $d
              f0               f0       50     1         /home/ryoj/github.com/okamotonr/mios/target/riscv64gc-unknown-none-elf/debug/deps/user-bdd25f5409a27239.f1b0ip2wsispgabyyqta4gta5.rcgu.o:(.debug_aranges)
              f0               f0        0     1                 $d
             140              140       30     1         /home/ryoj/github.com/okamotonr/mios/target/riscv64gc-unknown-none-elf/debug/deps/libcommon-6670c06b0eba65ae.rlib(common-6670c06b0eba65ae.862cj2evwqnh2q0qnqplh6cmb.rcgu.o):(.debug_aranges)
             140              140        0     1                 $d
             170              170       40     1         /home/ryoj/github.com/okamotonr/mios/target/riscv64gc-unknown-none-elf/debug/deps/libcommon-6670c06b0eba65ae.rlib(common-6670c06b0eba65ae.cm56sc12mw764cxukg35414d2.rcgu.o):(.debug_aranges)
             170              170        0     1                 $d
             1b0              1b0     1c90     1         /home/ryoj/.rustup/toolchains/nightly-x86_64-unknown-linux-gnu/lib/rustlib/riscv64gc-unknown-none-elf/lib/libcore-b7430222903c4bab.rlib(core-b7430222903c4bab.core.a2a72e99e9cef565-cgu.0.rcgu.o):(.debug_aranges)
             1b0              1b0        0     1                 $d
            1e40             1e40       30     1         /home/ryoj/.rustup/toolchains/nightly-x86_64-unknown-linux-gnu/lib/rustlib/riscv64gc-unknown-none-elf/lib/libcompiler_builtins-12400e53a9c73834.rlib(compiler_builtins-12400e53a9c73834.compiler_builtins.98b006b987cce0b9-cgu.133.rcgu.o):(.debug_aranges)
            1e40             1e40        0     1                 $d
            1e70             1e70       30     1         /home/ryoj/.rustup/toolchains/nightly-x86_64-unknown-linux-gnu/lib/rustlib/riscv64gc-unknown-none-elf/lib/libcompiler_builtins-12400e53a9c73834.rlib(compiler_builtins-12400e53a9c73834.compiler_builtins.98b006b987cce0b9-cgu.198.rcgu.o):(.debug_aranges)
            1e70             1e70        0     1                 $d
            1ea0             1ea0       50     1         /home/ryoj/.rustup/toolchains/nightly-x86_64-unknown-linux-gnu/lib/rustlib/riscv64gc-unknown-none-elf/lib/libcompiler_builtins-12400e53a9c73834.rlib(compiler_builtins-12400e53a9c73834.compiler_builtins.98b006b987cce0b9-cgu.010.rcgu.o):(.debug_aranges)
            1ea0             1ea0        0     1                 $d
            1ef0             1ef0       30     1         /home/ryoj/.rustup/toolchains/nightly-x86_64-unknown-linux-gnu/lib/rustlib/riscv64gc-unknown-none-elf/lib/libcompiler_builtins-12400e53a9c73834.rlib(compiler_builtins-12400e53a9c73834.compiler_builtins.98b006b987cce0b9-cgu.219.rcgu.o):(.debug_aranges)
            1ef0             1ef0        0     1                 $d
            1f20             1f20       30     1         /home/ryoj/.rustup/toolchains/nightly-x86_64-unknown-linux-gnu/lib/rustlib/riscv64gc-unknown-none-elf/lib/libcompiler_builtins-12400e53a9c73834.rlib(compiler_builtins-12400e53a9c73834.compiler_builtins.98b006b987cce0b9-cgu.241.rcgu.o):(.debug_aranges)
            1f20             1f20        0     1                 $d
            1f50             1f50       30     1         /home/ryoj/.rustup/toolchains/nightly-x86_64-unknown-linux-gnu/lib/rustlib/riscv64gc-unknown-none-elf/lib/libcompiler_builtins-12400e53a9c73834.rlib(compiler_builtins-12400e53a9c73834.compiler_builtins.98b006b987cce0b9-cgu.303.rcgu.o):(.debug_aranges)
            1f50             1f50        0     1                 $d
               0                0    384c3     1 .debug_str
               0                0    384c3     1         <internal>:(.debug_str)
               0                0       93     1 .comment
               0                0       93     1         <internal>:(.comment)
               0                0       47     1 .riscv.attributes
               0                0       47     1         <internal>:(.riscv.attributes)
               0                0      218     8 .debug_frame
               0                0       38     8         /home/ryoj/github.com/okamotonr/mios/target/riscv64gc-unknown-none-elf/debug/deps/user-bdd25f5409a27239.0xneceyl6by6oi29e45jffuzg.rcgu.o:(.debug_frame)
               0                0        0     1                 .L0 
               0                0        0     1                 $d
              38               38       38     8         /home/ryoj/github.com/okamotonr/mios/target/riscv64gc-unknown-none-elf/debug/deps/user-bdd25f5409a27239.1mb3uunhncphz5ab99i3emowg.rcgu.o:(.debug_frame)
              38               38        0     1                 .L0 
              38               38        0     1                 $d
              70               70       38     8         /home/ryoj/github.com/okamotonr/mios/target/riscv64gc-unknown-none-elf/debug/deps/user-bdd25f5409a27239.2w3ubjqeucrdxmjkruzll16uf.rcgu.o:(.debug_frame)
              70               70        0     1                 .L0 
              70               70        0     1                 $d
              a8               a8       38     8         /home/ryoj/github.com/okamotonr/mios/target/riscv64gc-unknown-none-elf/debug/deps/user-bdd25f5409a27239.9bzuzcpitrenldo4mka73e51c.rcgu.o:(.debug_frame)
              a8               a8        0     1                 .L0 
              a8               a8        0     1                 $d
              e0               e0       38     8         /home/ryoj/github.com/okamotonr/mios/target/riscv64gc-unknown-none-elf/debug/deps/user-bdd25f5409a27239.avu5qh0uidcw0qr7v9nyu7h5w.rcgu.o:(.debug_frame)
              e0               e0        0     1                 .L0 
              e0               e0        0     1                 $d
             118              118       70     8         /home/ryoj/github.com/okamotonr/mios/target/riscv64gc-unknown-none-elf/debug/deps/user-bdd25f5409a27239.f1b0ip2wsispgabyyqta4gta5.rcgu.o:(.debug_frame)
             118              118        0     1                 .L0 
             118              118        0     1                 $d
             188              188       38     8         /home/ryoj/github.com/okamotonr/mios/target/riscv64gc-unknown-none-elf/debug/deps/libcommon-6670c06b0eba65ae.rlib(common-6670c06b0eba65ae.862cj2evwqnh2q0qnqplh6cmb.rcgu.o):(.debug_frame)
             188              188        0     1                 .L0 
             188              188        0     1                 $d
             1c0              1c0       58     8         /home/ryoj/github.com/okamotonr/mios/target/riscv64gc-unknown-none-elf/debug/deps/libcommon-6670c06b0eba65ae.rlib(common-6670c06b0eba65ae.cm56sc12mw764cxukg35414d2.rcgu.o):(.debug_frame)
             1c0              1c0        0     1                 .L0 
             1c0              1c0        0     1                 $d
               0                0    1fdce     1 .debug_line
               0                0      206     1         /home/ryoj/github.com/okamotonr/mios/target/riscv64gc-unknown-none-elf/debug/deps/user-bdd25f5409a27239.0xneceyl6by6oi29e45jffuzg.rcgu.o:(.debug_line)
               0                0        0     1                 .Lline_table_start0
               0                0        0     1                 $d
             206              206       bc     1         /home/ryoj/github.com/okamotonr/mios/target/riscv64gc-unknown-none-elf/debug/deps/user-bdd25f5409a27239.1mb3uunhncphz5ab99i3emowg.rcgu.o:(.debug_line)
             206              206        0     1                 .Lline_table_start0
             206              206        0     1                 $d
             2c2              2c2      261     1         /home/ryoj/github.com/okamotonr/mios/target/riscv64gc-unknown-none-elf/debug/deps/user-bdd25f5409a27239.2w3ubjqeucrdxmjkruzll16uf.rcgu.o:(.debug_line)
             2c2              2c2        0     1                 .Lline_table_start0
             2c2              2c2        0     1                 $d
             523              523       84     1         /home/ryoj/github.com/okamotonr/mios/target/riscv64gc-unknown-none-elf/debug/deps/user-bdd25f5409a27239.9bzuzcpitrenldo4mka73e51c.rcgu.o:(.debug_line)
             523              523        0     1                 .Lline_table_start0
             523              523        0     1                 $d
             5a7              5a7      1f5     1         /home/ryoj/github.com/okamotonr/mios/target/riscv64gc-unknown-none-elf/debug/deps/user-bdd25f5409a27239.avu5qh0uidcw0qr7v9nyu7h5w.rcgu.o:(.debug_line)
             5a7              5a7        0     1                 .Lline_table_start0
             5a7              5a7        0     1                 $d
             79c              79c       83     1         /home/ryoj/github.com/okamotonr/mios/target/riscv64gc-unknown-none-elf/debug/deps/user-bdd25f5409a27239.f1b0ip2wsispgabyyqta4gta5.rcgu.o:(.debug_line)
             79c              79c        0     1                 .Lline_table_start0
             79c              79c        0     1                 $d
             81f              81f       b8     1         /home/ryoj/github.com/okamotonr/mios/target/riscv64gc-unknown-none-elf/debug/deps/libcommon-6670c06b0eba65ae.rlib(common-6670c06b0eba65ae.862cj2evwqnh2q0qnqplh6cmb.rcgu.o):(.debug_line)
             81f              81f        0     1                 .Lline_table_start0
             81f              81f        0     1                 $d
             8d7              8d7       9f     1         /home/ryoj/github.com/okamotonr/mios/target/riscv64gc-unknown-none-elf/debug/deps/libcommon-6670c06b0eba65ae.rlib(common-6670c06b0eba65ae.cm56sc12mw764cxukg35414d2.rcgu.o):(.debug_line)
             8d7              8d7        0     1                 .Lline_table_start0
             8d7              8d7        0     1                 $d
             976              976    1def5     1         /home/ryoj/.rustup/toolchains/nightly-x86_64-unknown-linux-gnu/lib/rustlib/riscv64gc-unknown-none-elf/lib/libcore-b7430222903c4bab.rlib(core-b7430222903c4bab.core.a2a72e99e9cef565-cgu.0.rcgu.o):(.debug_line)
             976              976        0     1                 .Lline_table_start0
             976              976        0     1                 $d
           1e86b            1e86b      4ad     1         /home/ryoj/.rustup/toolchains/nightly-x86_64-unknown-linux-gnu/lib/rustlib/riscv64gc-unknown-none-elf/lib/libcompiler_builtins-12400e53a9c73834.rlib(compiler_builtins-12400e53a9c73834.compiler_builtins.98b006b987cce0b9-cgu.133.rcgu.o):(.debug_line)
           1e86b            1e86b        0     1                 .Lline_table_start0
           1e86b            1e86b        0     1                 $d
           1ebc5            1ebc5        0     1                 .Lline_table_start1
           1ed18            1ed18       9e     1         /home/ryoj/.rustup/toolchains/nightly-x86_64-unknown-linux-gnu/lib/rustlib/riscv64gc-unknown-none-elf/lib/libcompiler_builtins-12400e53a9c73834.rlib(compiler_builtins-12400e53a9c73834.compiler_builtins.98b006b987cce0b9-cgu.198.rcgu.o):(.debug_line)
           1ed18            1ed18        0     1                 .Lline_table_start0
           1ed18            1ed18        0     1                 $d
           1ed87            1ed87        0     1                 .Lline_table_start1
           1edb6            1edb6      8dc     1         /home/ryoj/.rustup/toolchains/nightly-x86_64-unknown-linux-gnu/lib/rustlib/riscv64gc-unknown-none-elf/lib/libcompiler_builtins-12400e53a9c73834.rlib(compiler_builtins-12400e53a9c73834.compiler_builtins.98b006b987cce0b9-cgu.010.rcgu.o):(.debug_line)
           1edb6            1edb6        0     1                 .Lline_table_start0
           1edb6            1edb6        0     1                 $d
           1f692            1f692      287     1         /home/ryoj/.rustup/toolchains/nightly-x86_64-unknown-linux-gnu/lib/rustlib/riscv64gc-unknown-none-elf/lib/libcompiler_builtins-12400e53a9c73834.rlib(compiler_builtins-12400e53a9c73834.compiler_builtins.98b006b987cce0b9-cgu.219.rcgu.o):(.debug_line)
           1f692            1f692        0     1                 .Lline_table_start0
           1f692            1f692        0     1                 $d
           1f877            1f877        0     1                 .Lline_table_start1
           1f919            1f919      3b5     1         /home/ryoj/.rustup/toolchains/nightly-x86_64-unknown-linux-gnu/lib/rustlib/riscv64gc-unknown-none-elf/lib/libcompiler_builtins-12400e53a9c73834.rlib(compiler_builtins-12400e53a9c73834.compiler_builtins.98b006b987cce0b9-cgu.241.rcgu.o):(.debug_line)
           1f919            1f919        0     1                 .Lline_table_start0
           1f919            1f919        0     1                 $d
           1fb8b            1fb8b        0     1                 .Lline_table_start1
           1fcce            1fcce      100     1         /home/ryoj/.rustup/toolchains/nightly-x86_64-unknown-linux-gnu/lib/rustlib/riscv64gc-unknown-none-elf/lib/libcompiler_builtins-12400e53a9c73834.rlib(compiler_builtins-12400e53a9c73834.compiler_builtins.98b006b987cce0b9-cgu.303.rcgu.o):(.debug_line)
           1fcce            1fcce        0     1                 .Lline_table_start0
           1fcce            1fcce        0     1                 $d
           1fd8b            1fd8b        0     1                 .Lline_table_start1
               0                0    19e30     1 .debug_ranges
               0                0      120     1         /home/ryoj/github.com/okamotonr/mios/target/riscv64gc-unknown-none-elf/debug/deps/user-bdd25f5409a27239.2w3ubjqeucrdxmjkruzll16uf.rcgu.o:(.debug_ranges)
               0                0        0     1                 .L0 
               0                0        0     1                 $d
              40               40        0     1                 .L0 
              80               80        0     1                 .L0 
              c0               c0        0     1                 .L0 
              f0               f0        0     1                 .L0 
             120              120       30     1         /home/ryoj/github.com/okamotonr/mios/target/riscv64gc-unknown-none-elf/debug/deps/user-bdd25f5409a27239.9bzuzcpitrenldo4mka73e51c.rcgu.o:(.debug_ranges)
             120              120        0     1                 .L0 
             120              120        0     1                 $d
             150              150       40     1         /home/ryoj/github.com/okamotonr/mios/target/riscv64gc-unknown-none-elf/debug/deps/user-bdd25f5409a27239.f1b0ip2wsispgabyyqta4gta5.rcgu.o:(.debug_ranges)
             150              150        0     1                 .L0 
             150              150        0     1                 $d
             190              190       30     1         /home/ryoj/github.com/okamotonr/mios/target/riscv64gc-unknown-none-elf/debug/deps/libcommon-6670c06b0eba65ae.rlib(common-6670c06b0eba65ae.cm56sc12mw764cxukg35414d2.rcgu.o):(.debug_ranges)
             190              190        0     1                 .L0 
             190              190        0     1                 $d
             1c0              1c0    197c0     1         /home/ryoj/.rustup/toolchains/nightly-x86_64-unknown-linux-gnu/lib/rustlib/riscv64gc-unknown-none-elf/lib/libcore-b7430222903c4bab.rlib(core-b7430222903c4bab.core.a2a72e99e9cef565-cgu.0.rcgu.o):(.debug_ranges)
             1c0              1c0        0     1                 .L0 
             1c0              1c0        0     1                 $d
             200              200        0     1                 .L0 
             230              230        0     1                 .L0 
             260              260        0     1                 .L0 
             290              290        0     1                 .L0 
             2d0              2d0        0     1                 .L0 
             300              300        0     1                 .L0 
             330              330        0     1                 .L0 
             360              360        0     1                 .L0 
             390              390        0     1                 .L0 
             3c0              3c0        0     1                 .L0 
             3f0              3f0        0     1                 .L0 
             420              420        0     1                 .L0 
             450              450        0     1                 .L0 
             480              480        0     1                 .L0 
             4b0              4b0        0     1                 .L0 
             4e0              4e0        0     1                 .L0 
             510              510        0     1                 .L0 
             540              540        0     1                 .L0 
             570              570        0     1                 .L0 
             5a0              5a0        0     1                 .L0 
             5d0              5d0        0     1                 .L0 
             600              600        0     1                 .L0 
             650              650        0     1                 .L0 
             680              680        0     1                 .L0 
             6b0              6b0        0     1                 .L0 
             6e0              6e0        0     1                 .L0 
             720              720        0     1                 .L0 
             760              760        0     1                 .L0 
             790              790        0     1                 .L0 
             7c0              7c0        0     1                 .L0 
             7f0              7f0        0     1                 .L0 
             830              830        0     1                 .L0 
             870              870        0     1                 .L0 
             8a0              8a0        0     1                 .L0 
             8e0              8e0        0     1                 .L0 
             910              910        0     1                 .L0 
             950              950        0     1                 .L0 
             980              980        0     1                 .L0 
             9b0              9b0        0     1                 .L0 
             9e0              9e0        0     1                 .L0 
             a10              a10        0     1                 .L0 
             a50              a50        0     1                 .L0 
             a80              a80        0     1                 .L0 
             ac0              ac0        0     1                 .L0 
             af0              af0        0     1                 .L0 
             b20              b20        0     1                 .L0 
             b50              b50        0     1                 .L0 
             b80              b80        0     1                 .L0 
             bc0              bc0        0     1                 .L0 
             bf0              bf0        0     1                 .L0 
             c30              c30        0     1                 .L0 
             c60              c60        0     1                 .L0 
             ca0              ca0        0     1                 .L0 
             cf0              cf0        0     1                 .L0 
             d20              d20        0     1                 .L0 
             d80              d80        0     1                 .L0 
             db0              db0        0     1                 .L0 
             de0              de0        0     1                 .L0 
             e10              e10        0     1                 .L0 
             e40              e40        0     1                 .L0 
             e70              e70        0     1                 .L0 
             ea0              ea0        0     1                 .L0 
             ef0              ef0        0     1                 .L0 
             f20              f20        0     1                 .L0 
             f50              f50        0     1                 .L0 
             f80              f80        0     1                 .L0 
             fc0              fc0        0     1                 .L0 
            1000             1000        0     1                 .L0 
            1030             1030        0     1                 .L0 
            1080             1080        0     1                 .L0 
            10b0             10b0        0     1                 .L0 
            10e0             10e0        0     1                 .L0 
            1110             1110        0     1                 .L0 
            1140             1140        0     1                 .L0 
            1180             1180        0     1                 .L0 
            11b0             11b0        0     1                 .L0 
            11e0             11e0        0     1                 .L0 
            1220             1220        0     1                 .L0 
            1250             1250        0     1                 .L0 
            12a0             12a0        0     1                 .L0 
            12f0             12f0        0     1                 .L0 
            1340             1340        0     1                 .L0 
            1390             1390        0     1                 .L0 
            13c0             13c0        0     1                 .L0 
            13f0             13f0        0     1                 .L0 
            1420             1420        0     1                 .L0 
            1450             1450        0     1                 .L0 
            1480             1480        0     1                 .L0 
            14b0             14b0        0     1                 .L0 
            14e0             14e0        0     1                 .L0 
            1510             1510        0     1                 .L0 
            1540             1540        0     1                 .L0 
            1570             1570        0     1                 .L0 
            15a0             15a0        0     1                 .L0 
            15d0             15d0        0     1                 .L0 
            1600             1600        0     1                 .L0 
            1650             1650        0     1                 .L0 
            16a0             16a0        0     1                 .L0 
            16f0             16f0        0     1                 .L0 
            1720             1720        0     1                 .L0 
            1750             1750        0     1                 .L0 
            1780             1780        0     1                 .L0 
            17b0             17b0        0     1                 .L0 
            17e0             17e0        0     1                 .L0 
            1810             1810        0     1                 .L0 
            1840             1840        0     1                 .L0 
            1870             1870        0     1                 .L0 
            18a0             18a0        0     1                 .L0 
            18d0             18d0        0     1                 .L0 
            1900             1900        0     1                 .L0 
            1930             1930        0     1                 .L0 
            1960             1960        0     1                 .L0 
            19b0             19b0        0     1                 .L0 
            1a00             1a00        0     1                 .L0 
            1a50             1a50        0     1                 .L0 
            1a80             1a80        0     1                 .L0 
            1ab0             1ab0        0     1                 .L0 
            1ae0             1ae0        0     1                 .L0 
            1b10             1b10        0     1                 .L0 
            1b40             1b40        0     1                 .L0 
            1b70             1b70        0     1                 .L0 
            1ba0             1ba0        0     1                 .L0 
            1bd0             1bd0        0     1                 .L0 
            1c00             1c00        0     1                 .L0 
            1c30             1c30        0     1                 .L0 
            1c60             1c60        0     1                 .L0 
            1c90             1c90        0     1                 .L0 
            1cc0             1cc0        0     1                 .L0 
            1d10             1d10        0     1                 .L0 
            1d60             1d60        0     1                 .L0 
            1db0             1db0        0     1                 .L0 
            1de0             1de0        0     1                 .L0 
            1e10             1e10        0     1                 .L0 
            1e40             1e40        0     1                 .L0 
            1e70             1e70        0     1                 .L0 
            1ea0             1ea0        0     1                 .L0 
            1ed0             1ed0        0     1                 .L0 
            1f00             1f00        0     1                 .L0 
            1f30             1f30        0     1                 .L0 
            1f60             1f60        0     1                 .L0 
            1f90             1f90        0     1                 .L0 
            1fc0             1fc0        0     1                 .L0 
            1ff0             1ff0        0     1                 .L0 
            2020             2020        0     1                 .L0 
            2070             2070        0     1                 .L0 
            20a0             20a0        0     1                 .L0 
            20d0             20d0        0     1                 .L0 
            2100             2100        0     1                 .L0 
            2130             2130        0     1                 .L0 
            2160             2160        0     1                 .L0 
            21c0             21c0        0     1                 .L0 
            21f0             21f0        0     1                 .L0 
            2220             2220        0     1                 .L0 
            2250             2250        0     1                 .L0 
            2280             2280        0     1                 .L0 
            22b0             22b0        0     1                 .L0 
            22e0             22e0        0     1                 .L0 
            2320             2320        0     1                 .L0 
            2350             2350        0     1                 .L0 
            2380             2380        0     1                 .L0 
            23b0             23b0        0     1                 .L0 
            23e0             23e0        0     1                 .L0 
            2410             2410        0     1                 .L0 
            2440             2440        0     1                 .L0 
            2470             2470        0     1                 .L0 
            24b0             24b0        0     1                 .L0 
            24f0             24f0        0     1                 .L0 
            2520             2520        0     1                 .L0 
            2560             2560        0     1                 .L0 
            25b0             25b0        0     1                 .L0 
            25e0             25e0        0     1                 .L0 
            2610             2610        0     1                 .L0 
            2650             2650        0     1                 .L0 
            2680             2680        0     1                 .L0 
            26b0             26b0        0     1                 .L0 
            26f0             26f0        0     1                 .L0 
            2730             2730        0     1                 .L0 
            2760             2760        0     1                 .L0 
            2790             2790        0     1                 .L0 
            27c0             27c0        0     1                 .L0 
            27f0             27f0        0     1                 .L0 
            2820             2820        0     1                 .L0 
            2850             2850        0     1                 .L0 
            2880             2880        0     1                 .L0 
            28c0             28c0        0     1                 .L0 
            2900             2900        0     1                 .L0 
            2930             2930        0     1                 .L0 
            2960             2960        0     1                 .L0 
            2990             2990        0     1                 .L0 
            29c0             29c0        0     1                 .L0 
            29f0             29f0        0     1                 .L0 
            2a20             2a20        0     1                 .L0 
            2a60             2a60        0     1                 .L0 
            2aa0             2aa0        0     1                 .L0 
            2ae0             2ae0        0     1                 .L0 
            2b20             2b20        0     1                 .L0 
            2b60             2b60        0     1                 .L0 
            2ba0             2ba0        0     1                 .L0 
            2be0             2be0        0     1                 .L0 
            2c10             2c10        0     1                 .L0 
            2c40             2c40        0     1                 .L0 
            2c70             2c70        0     1                 .L0 
            2ca0             2ca0        0     1                 .L0 
            2cd0             2cd0        0     1                 .L0 
            2d00             2d00        0     1                 .L0 
            2d30             2d30        0     1                 .L0 
            2d60             2d60        0     1                 .L0 
            2d90             2d90        0     1                 .L0 
            2de0             2de0        0     1                 .L0 
            2e10             2e10        0     1                 .L0 
            2e40             2e40        0     1                 .L0 
            2e70             2e70        0     1                 .L0 
            2ea0             2ea0        0     1                 .L0 
            2ed0             2ed0        0     1                 .L0 
            2f00             2f00        0     1                 .L0 
            2f30             2f30        0     1                 .L0 
            2f60             2f60        0     1                 .L0 
            2f90             2f90        0     1                 .L0 
            2fd0             2fd0        0     1                 .L0 
            3010             3010        0     1                 .L0 
            3050             3050        0     1                 .L0 
            3080             3080        0     1                 .L0 
            30b0             30b0        0     1                 .L0 
            30e0             30e0        0     1                 .L0 
            3110             3110        0     1                 .L0 
            3150             3150        0     1                 .L0 
            3180             3180        0     1                 .L0 
            31c0             31c0        0     1                 .L0 
            31f0             31f0        0     1                 .L0 
            3230             3230        0     1                 .L0 
            3270             3270        0     1                 .L0 
            32b0             32b0        0     1                 .L0 
            32e0             32e0        0     1                 .L0 
            3310             3310        0     1                 .L0 
            3340             3340        0     1                 .L0 
            3370             3370        0     1                 .L0 
            33c0             33c0        0     1                 .L0 
            3410             3410        0     1                 .L0 
            3460             3460        0     1                 .L0 
            3490             3490        0     1                 .L0 
            34c0             34c0        0     1                 .L0 
            34f0             34f0        0     1                 .L0 
            3520             3520        0     1                 .L0 
            3550             3550        0     1                 .L0 
            3580             3580        0     1                 .L0 
            35b0             35b0        0     1                 .L0 
            35e0             35e0        0     1                 .L0 
            3610             3610        0     1                 .L0 
            3640             3640        0     1                 .L0 
            3670             3670        0     1                 .L0 
            36a0             36a0        0     1                 .L0 
            36d0             36d0        0     1                 .L0 
            3720             3720        0     1                 .L0 
            3770             3770        0     1                 .L0 
            37c0             37c0        0     1                 .L0 
            37f0             37f0        0     1                 .L0 
            3820             3820        0     1                 .L0 
            3850             3850        0     1                 .L0 
            3880             3880        0     1                 .L0 
            38b0             38b0        0     1                 .L0 
            38e0             38e0        0     1                 .L0 
            3910             3910        0     1                 .L0 
            3940             3940        0     1                 .L0 
            3970             3970        0     1                 .L0 
            39a0             39a0        0     1                 .L0 
            39d0             39d0        0     1                 .L0 
            3a00             3a00        0     1                 .L0 
            3a30             3a30        0     1                 .L0 
            3a80             3a80        0     1                 .L0 
            3ad0             3ad0        0     1                 .L0 
            3b20             3b20        0     1                 .L0 
            3b50             3b50        0     1                 .L0 
            3b80             3b80        0     1                 .L0 
            3bb0             3bb0        0     1                 .L0 
            3be0             3be0        0     1                 .L0 
            3c10             3c10        0     1                 .L0 
            3c40             3c40        0     1                 .L0 
            3c70             3c70        0     1                 .L0 
            3ca0             3ca0        0     1                 .L0 
            3cd0             3cd0        0     1                 .L0 
            3d00             3d00        0     1                 .L0 
            3d30             3d30        0     1                 .L0 
            3d60             3d60        0     1                 .L0 
            3d90             3d90        0     1                 .L0 
            3de0             3de0        0     1                 .L0 
            3e10             3e10        0     1                 .L0 
            3e40             3e40        0     1                 .L0 
            3e70             3e70        0     1                 .L0 
            3ea0             3ea0        0     1                 .L0 
            3ee0             3ee0        0     1                 .L0 
            3f10             3f10        0     1                 .L0 
            3f50             3f50        0     1                 .L0 
            3f90             3f90        0     1                 .L0 
            3fc0             3fc0        0     1                 .L0 
            4000             4000        0     1                 .L0 
            4040             4040        0     1                 .L0 
            4080             4080        0     1                 .L0 
            40b0             40b0        0     1                 .L0 
            40f0             40f0        0     1                 .L0 
            4120             4120        0     1                 .L0 
            4150             4150        0     1                 .L0 
            4180             4180        0     1                 .L0 
            41b0             41b0        0     1                 .L0 
            41e0             41e0        0     1                 .L0 
            4210             4210        0     1                 .L0 
            4240             4240        0     1                 .L0 
            4270             4270        0     1                 .L0 
            42a0             42a0        0     1                 .L0 
            42d0             42d0        0     1                 .L0 
            4300             4300        0     1                 .L0 
            4340             4340        0     1                 .L0 
            4370             4370        0     1                 .L0 
            43a0             43a0        0     1                 .L0 
            43d0             43d0        0     1                 .L0 
            4400             4400        0     1                 .L0 
            4440             4440        0     1                 .L0 
            4470             4470        0     1                 .L0 
            44b0             44b0        0     1                 .L0 
            44f0             44f0        0     1                 .L0 
            4520             4520        0     1                 .L0 
            4550             4550        0     1                 .L0 
            4580             4580        0     1                 .L0 
            45b0             45b0        0     1                 .L0 
            45e0             45e0        0     1                 .L0 
            4610             4610        0     1                 .L0 
            4640             4640        0     1                 .L0 
            4670             4670        0     1                 .L0 
            46a0             46a0        0     1                 .L0 
            46f0             46f0        0     1                 .L0 
            4720             4720        0     1                 .L0 
            4750             4750        0     1                 .L0 
            4780             4780        0     1                 .L0 
            47b0             47b0        0     1                 .L0 
            47e0             47e0        0     1                 .L0 
            4810             4810        0     1                 .L0 
            4840             4840        0     1                 .L0 
            4870             4870        0     1                 .L0 
            48a0             48a0        0     1                 .L0 
            48d0             48d0        0     1                 .L0 
            4900             4900        0     1                 .L0 
            4930             4930        0     1                 .L0 
            4960             4960        0     1                 .L0 
            49a0             49a0        0     1                 .L0 
            49d0             49d0        0     1                 .L0 
            4a00             4a00        0     1                 .L0 
            4a30             4a30        0     1                 .L0 
            4a60             4a60        0     1                 .L0 
            4a90             4a90        0     1                 .L0 
            4ac0             4ac0        0     1                 .L0 
            4af0             4af0        0     1                 .L0 
            4b20             4b20        0     1                 .L0 
            4b50             4b50        0     1                 .L0 
            4b80             4b80        0     1                 .L0 
            4bb0             4bb0        0     1                 .L0 
            4be0             4be0        0     1                 .L0 
            4c10             4c10        0     1                 .L0 
            4c50             4c50        0     1                 .L0 
            4c90             4c90        0     1                 .L0 
            4cc0             4cc0        0     1                 .L0 
            4cf0             4cf0        0     1                 .L0 
            4d20             4d20        0     1                 .L0 
            4d50             4d50        0     1                 .L0 
            4d80             4d80        0     1                 .L0 
            4db0             4db0        0     1                 .L0 
            4de0             4de0        0     1                 .L0 
            4e10             4e10        0     1                 .L0 
            4e50             4e50        0     1                 .L0 
            4e80             4e80        0     1                 .L0 
            4eb0             4eb0        0     1                 .L0 
            4ee0             4ee0        0     1                 .L0 
            4f20             4f20        0     1                 .L0 
            4f50             4f50        0     1                 .L0 
            4f80             4f80        0     1                 .L0 
            4fb0             4fb0        0     1                 .L0 
            4fe0             4fe0        0     1                 .L0 
            5010             5010        0     1                 .L0 
            5040             5040        0     1                 .L0 
            5070             5070        0     1                 .L0 
            50a0             50a0        0     1                 .L0 
            50d0             50d0        0     1                 .L0 
            5100             5100        0     1                 .L0 
            5130             5130        0     1                 .L0 
            5160             5160        0     1                 .L0 
            5190             5190        0     1                 .L0 
            51c0             51c0        0     1                 .L0 
            51f0             51f0        0     1                 .L0 
            5220             5220        0     1                 .L0 
            5250             5250        0     1                 .L0 
            5280             5280        0     1                 .L0 
            52b0             52b0        0     1                 .L0 
            52e0             52e0        0     1                 .L0 
            5310             5310        0     1                 .L0 
            5340             5340        0     1                 .L0 
            5370             5370        0     1                 .L0 
            53a0             53a0        0     1                 .L0 
            53d0             53d0        0     1                 .L0 
            5400             5400        0     1                 .L0 
            5430             5430        0     1                 .L0 
            5460             5460        0     1                 .L0 
            5490             5490        0     1                 .L0 
            54c0             54c0        0     1                 .L0 
            54f0             54f0        0     1                 .L0 
            5520             5520        0     1                 .L0 
            5550             5550        0     1                 .L0 
            5580             5580        0     1                 .L0 
            55b0             55b0        0     1                 .L0 
            55e0             55e0        0     1                 .L0 
            5610             5610        0     1                 .L0 
            5640             5640        0     1                 .L0 
            5680             5680        0     1                 .L0 
            56b0             56b0        0     1                 .L0 
            56e0             56e0        0     1                 .L0 
            5710             5710        0     1                 .L0 
            5790             5790        0     1                 .L0 
            5810             5810        0     1                 .L0 
            5890             5890        0     1                 .L0 
            5910             5910        0     1                 .L0 
            5990             5990        0     1                 .L0 
            59d0             59d0        0     1                 .L0 
            5a30             5a30        0     1                 .L0 
            5a80             5a80        0     1                 .L0 
            5ae0             5ae0        0     1                 .L0 
            5b30             5b30        0     1                 .L0 
            5b80             5b80        0     1                 .L0 
            5bd0             5bd0        0     1                 .L0 
            5c10             5c10        0     1                 .L0 
            5c40             5c40        0     1                 .L0 
            5c70             5c70        0     1                 .L0 
            5ca0             5ca0        0     1                 .L0 
            5d10             5d10        0     1                 .L0 
            5d70             5d70        0     1                 .L0 
            5dd0             5dd0        0     1                 .L0 
            5e30             5e30        0     1                 .L0 
            5e90             5e90        0     1                 .L0 
            5ed0             5ed0        0     1                 .L0 
            5f10             5f10        0     1                 .L0 
            5f40             5f40        0     1                 .L0 
            5f70             5f70        0     1                 .L0 
            5fa0             5fa0        0     1                 .L0 
            5ff0             5ff0        0     1                 .L0 
            6040             6040        0     1                 .L0 
            6090             6090        0     1                 .L0 
            60c0             60c0        0     1                 .L0 
            6130             6130        0     1                 .L0 
            6160             6160        0     1                 .L0 
            6190             6190        0     1                 .L0 
            61e0             61e0        0     1                 .L0 
            6210             6210        0     1                 .L0 
            6240             6240        0     1                 .L0 
            6270             6270        0     1                 .L0 
            62c0             62c0        0     1                 .L0 
            6310             6310        0     1                 .L0 
            6360             6360        0     1                 .L0 
            63b0             63b0        0     1                 .L0 
[...]
           144e0            144e0        0     1                 .L0 
           14510            14510        0     1                 .L0 
           14540            14540        0     1                 .L0 
           14570            14570        0     1                 .L0 
           145a0            145a0        0     1                 .L0 
           145d0            145d0        0     1                 .L0 
           14600            14600        0     1                 .L0 
           14630            14630        0     1                 .L0 
           14660            14660        0     1                 .L0 
           14690            14690        0     1                 .L0 
           146c0            146c0        0     1                 .L0 
           146f0            146f0        0     1                 .L0 
           14720            14720        0     1                 .L0 
           14750            14750        0     1                 .L0 
           14780            14780        0     1                 .L0 
           147b0            147b0        0     1                 .L0 
           147e0            147e0        0     1                 .L0 
           14810            14810        0     1                 .L0 
           14840            14840        0     1                 .L0 
           14870            14870        0     1                 .L0 
           148a0            148a0        0     1                 .L0 
           148d0            148d0        0     1                 .L0 
           14900            14900        0     1                 .L0 
           14940            14940        0     1                 .L0 
           14970            14970        0     1                 .L0 
           149a0            149a0        0     1                 .L0 
           149d0            149d0        0     1                 .L0 
           14a00            14a00        0     1                 .L0 
           14a30            14a30        0     1                 .L0 
           14a60            14a60        0     1                 .L0 
           14a90            14a90        0     1                 .L0 
           14ac0            14ac0        0     1                 .L0 
           14af0            14af0        0     1                 .L0 
           14b20            14b20        0     1                 .L0 
           14b50            14b50        0     1                 .L0 
           14b80            14b80        0     1                 .L0 
           14bb0            14bb0        0     1                 .L0 
           14be0            14be0        0     1                 .L0 
           14c10            14c10        0     1                 .L0 
           14c50            14c50        0     1                 .L0 
           14c80            14c80        0     1                 .L0 
           14cb0            14cb0        0     1                 .L0 
           14ce0            14ce0        0     1                 .L0 
           14d10            14d10        0     1                 .L0 
           14d40            14d40        0     1                 .L0 
           14d70            14d70        0     1                 .L0 
           14da0            14da0        0     1                 .L0 
           14dd0            14dd0        0     1                 .L0 
           14e00            14e00        0     1                 .L0 
           14e30            14e30        0     1                 .L0 
           14e60            14e60        0     1                 .L0 
           14e90            14e90        0     1                 .L0 
           14ec0            14ec0        0     1                 .L0 
           14f00            14f00        0     1                 .L0 
           14f40            14f40        0     1                 .L0 
           14f80            14f80        0     1                 .L0 
           14fb0            14fb0        0     1                 .L0 
           14fe0            14fe0        0     1                 .L0 
           15020            15020        0     1                 .L0 
           15050            15050        0     1                 .L0 
           15080            15080        0     1                 .L0 
           150b0            150b0        0     1                 .L0 
           150e0            150e0        0     1                 .L0 
           15110            15110        0     1                 .L0 
           15140            15140        0     1                 .L0 
           15170            15170        0     1                 .L0 
           151a0            151a0        0     1                 .L0 
           151d0            151d0        0     1                 .L0 
           15200            15200        0     1                 .L0 
           15230            15230        0     1                 .L0 
           15260            15260        0     1                 .L0 
           152a0            152a0        0     1                 .L0 
           152e0            152e0        0     1                 .L0 
           15310            15310        0     1                 .L0 
           15350            15350        0     1                 .L0 
           15380            15380        0     1                 .L0 
           153b0            153b0        0     1                 .L0 
           153e0            153e0        0     1                 .L0 
           15410            15410        0     1                 .L0 
           15440            15440        0     1                 .L0 
           15470            15470        0     1                 .L0 
           154a0            154a0        0     1                 .L0 
           154d0            154d0        0     1                 .L0 
           15510            15510        0     1                 .L0 
           15550            15550        0     1                 .L0 
           15590            15590        0     1                 .L0 
           155d0            155d0        0     1                 .L0 
           15600            15600        0     1                 .L0 
           15630            15630        0     1                 .L0 
           15680            15680        0     1                 .L0 
           156c0            156c0        0     1                 .L0 
           15710            15710        0     1                 .L0 
           15760            15760        0     1                 .L0 
           15790            15790        0     1                 .L0 
           157c0            157c0        0     1                 .L0 
           157f0            157f0        0     1                 .L0 
           15830            15830        0     1                 .L0 
           15870            15870        0     1                 .L0 
           158b0            158b0        0     1                 .L0 
           158f0            158f0        0     1                 .L0 
           15930            15930        0     1                 .L0 
           15970            15970        0     1                 .L0 
           159a0            159a0        0     1                 .L0 
           159d0            159d0        0     1                 .L0 
           15a00            15a00        0     1                 .L0 
           15a40            15a40        0     1                 .L0 
           15a80            15a80        0     1                 .L0 
           15ab0            15ab0        0     1                 .L0 
           15ae0            15ae0        0     1                 .L0 
           15b10            15b10        0     1                 .L0 
           15b40            15b40        0     1                 .L0 
           15b70            15b70        0     1                 .L0 
           15ba0            15ba0        0     1                 .L0 
           15c00            15c00        0     1                 .L0 
           15c60            15c60        0     1                 .L0 
           15c90            15c90        0     1                 .L0 
           15ce0            15ce0        0     1                 .L0 
           15d40            15d40        0     1                 .L0 
           15da0            15da0        0     1                 .L0 
           15e00            15e00        0     1                 .L0 
           15e30            15e30        0     1                 .L0 
           15e60            15e60        0     1                 .L0 
           15e90            15e90        0     1                 .L0 
           15ec0            15ec0        0     1                 .L0 
           15ef0            15ef0        0     1                 .L0 
           15f30            15f30        0     1                 .L0 
           15f60            15f60        0     1                 .L0 
           15f90            15f90        0     1                 .L0 
           15fc0            15fc0        0     1                 .L0 
           15ff0            15ff0        0     1                 .L0 
           16020            16020        0     1                 .L0 
           16050            16050        0     1                 .L0 
           16090            16090        0     1                 .L0 
           160d0            160d0        0     1                 .L0 
           16100            16100        0     1                 .L0 
           16130            16130        0     1                 .L0 
           16160            16160        0     1                 .L0 
           16190            16190        0     1                 .L0 
           161c0            161c0        0     1                 .L0 
           16200            16200        0     1                 .L0 
           16240            16240        0     1                 .L0 
           16270            16270        0     1                 .L0 
           162a0            162a0        0     1                 .L0 
           162e0            162e0        0     1                 .L0 
           16320            16320        0     1                 .L0 
           16350            16350        0     1                 .L0 
           163a0            163a0        0     1                 .L0 
           163d0            163d0        0     1                 .L0 
           16400            16400        0     1                 .L0 
           16430            16430        0     1                 .L0 
           16460            16460        0     1                 .L0 
           16490            16490        0     1                 .L0 
           164c0            164c0        0     1                 .L0 
           16500            16500        0     1                 .L0 
           16540            16540        0     1                 .L0 
           16570            16570        0     1                 .L0 
           165a0            165a0        0     1                 .L0 
           165d0            165d0        0     1                 .L0 
           16600            16600        0     1                 .L0 
           16630            16630        0     1                 .L0 
           16690            16690        0     1                 .L0 
           166f0            166f0        0     1                 .L0 
           16750            16750        0     1                 .L0 
           167b0            167b0        0     1                 .L0 
           16810            16810        0     1                 .L0 
           16870            16870        0     1                 .L0 
           168d0            168d0        0     1                 .L0 
           16910            16910        0     1                 .L0 
           16950            16950        0     1                 .L0 
           16980            16980        0     1                 .L0 
           169b0            169b0        0     1                 .L0 
           169e0            169e0        0     1                 .L0 
           16a40            16a40        0     1                 .L0 
           16aa0            16aa0        0     1                 .L0 
           16b00            16b00        0     1                 .L0 
           16b60            16b60        0     1                 .L0 
           16bc0            16bc0        0     1                 .L0 
           16c20            16c20        0     1                 .L0 
           16c80            16c80        0     1                 .L0 
           16cc0            16cc0        0     1                 .L0 
           16d00            16d00        0     1                 .L0 
           16d30            16d30        0     1                 .L0 
           16d60            16d60        0     1                 .L0 
           16d90            16d90        0     1                 .L0 
           16de0            16de0        0     1                 .L0 
           16e30            16e30        0     1                 .L0 
           16e80            16e80        0     1                 .L0 
           16ed0            16ed0        0     1                 .L0 
           16f20            16f20        0     1                 .L0 
           16f70            16f70        0     1                 .L0 
           16fc0            16fc0        0     1                 .L0 
           17000            17000        0     1                 .L0 
           17040            17040        0     1                 .L0 
           17070            17070        0     1                 .L0 
           170a0            170a0        0     1                 .L0 
           170d0            170d0        0     1                 .L0 
           17130            17130        0     1                 .L0 
           17190            17190        0     1                 .L0 
           171f0            171f0        0     1                 .L0 
           17250            17250        0     1                 .L0 
           172b0            172b0        0     1                 .L0 
           17310            17310        0     1                 .L0 
           17370            17370        0     1                 .L0 
           173b0            173b0        0     1                 .L0 
           173f0            173f0        0     1                 .L0 
           17430            17430        0     1                 .L0 
           17460            17460        0     1                 .L0 
           17490            17490        0     1                 .L0 
           174c0            174c0        0     1                 .L0 
           17520            17520        0     1                 .L0 
           17580            17580        0     1                 .L0 
           175e0            175e0        0     1                 .L0 
           17640            17640        0     1                 .L0 
           176a0            176a0        0     1                 .L0 
           17700            17700        0     1                 .L0 
           17760            17760        0     1                 .L0 
           177a0            177a0        0     1                 .L0 
           177e0            177e0        0     1                 .L0 
           17820            17820        0     1                 .L0 
           178d0            178d0        0     1                 .L0 
           17980            17980        0     1                 .L0 
           17a30            17a30        0     1                 .L0 
           17a60            17a60        0     1                 .L0 
           17a90            17a90        0     1                 .L0 
           17b40            17b40        0     1                 .L0 
           17bf0            17bf0        0     1                 .L0 
           17ca0            17ca0        0     1                 .L0 
           17cd0            17cd0        0     1                 .L0 
           17d00            17d00        0     1                 .L0 
           19980            19980       60     1         /home/ryoj/.rustup/toolchains/nightly-x86_64-unknown-linux-gnu/lib/rustlib/riscv64gc-unknown-none-elf/lib/libcompiler_builtins-12400e53a9c73834.rlib(compiler_builtins-12400e53a9c73834.compiler_builtins.98b006b987cce0b9-cgu.133.rcgu.o):(.debug_ranges)
           19980            19980        0     1                 .L0 
           19980            19980        0     1                 $d
           199b0            199b0        0     1                 .L0 
           199e0            199e0      250     1         /home/ryoj/.rustup/toolchains/nightly-x86_64-unknown-linux-gnu/lib/rustlib/riscv64gc-unknown-none-elf/lib/libcompiler_builtins-12400e53a9c73834.rlib(compiler_builtins-12400e53a9c73834.compiler_builtins.98b006b987cce0b9-cgu.010.rcgu.o):(.debug_ranges)
           199e0            199e0        0     1                 .L0 
           199e0            199e0        0     1                 $d
           19a10            19a10        0     1                 .L0 
           19a40            19a40        0     1                 .L0 
           19a70            19a70        0     1                 .L0 
           19aa0            19aa0        0     1                 .L0 
           19ad0            19ad0        0     1                 .L0 
           19b00            19b00        0     1                 .L0 
           19b30            19b30        0     1                 .L0 
           19b60            19b60        0     1                 .L0 
           19b90            19b90        0     1                 .L0 
           19bc0            19bc0        0     1                 .L0 
           19bf0            19bf0        0     1                 .L0 
           19c30            19c30       b0     1         /home/ryoj/.rustup/toolchains/nightly-x86_64-unknown-linux-gnu/lib/rustlib/riscv64gc-unknown-none-elf/lib/libcompiler_builtins-12400e53a9c73834.rlib(compiler_builtins-12400e53a9c73834.compiler_builtins.98b006b987cce0b9-cgu.219.rcgu.o):(.debug_ranges)
           19c30            19c30        0     1                 .L0 
           19c30            19c30        0     1                 $d
           19c60            19c60        0     1                 .L0 
           19c90            19c90        0     1                 .L0 
           19ce0            19ce0       f0     1         /home/ryoj/.rustup/toolchains/nightly-x86_64-unknown-linux-gnu/lib/rustlib/riscv64gc-unknown-none-elf/lib/libcompiler_builtins-12400e53a9c73834.rlib(compiler_builtins-12400e53a9c73834.compiler_builtins.98b006b987cce0b9-cgu.241.rcgu.o):(.debug_ranges)
           19ce0            19ce0        0     1                 .L0 
           19ce0            19ce0        0     1                 $d
           19d10            19d10        0     1                 .L0 
           19d40            19d40        0     1                 .L0 
           19d70            19d70        0     1                 .L0 
           19da0            19da0        0     1                 .L0 
           19dd0            19dd0       60     1         /home/ryoj/.rustup/toolchains/nightly-x86_64-unknown-linux-gnu/lib/rustlib/riscv64gc-unknown-none-elf/lib/libcompiler_builtins-12400e53a9c73834.rlib(compiler_builtins-12400e53a9c73834.compiler_builtins.98b006b987cce0b9-cgu.303.rcgu.o):(.debug_ranges)
           19dd0            19dd0        0     1                 .L0 
           19dd0            19dd0        0     1                 $d
           19e00            19e00        0     1                 .L0 
               0                0     c690     8 .symtab
               0                0     c690     8         <internal>:(.symtab)
               0                0       ae     1 .shstrtab
               0                0       ae     1         <internal>:(.shstrtab)
               0                0     2d3c     1 .strtab
               0                0     2d3c     1         <internal>:(.strtab)
